# evidence-cmd: rm -rf /tmp/webster-c4-mut /tmp/webster-c4-keep && cp -R plugins/webster /tmp/webster-c4-mut && cp -R plugins/webster /tmp/webster-c4-keep && git show 339a80d:plugins/webster/scripts/survey.py > /tmp/webster-c4-keep/survey-339a80d.py && cd /tmp/webster-c4-mut && echo '--- control: the two modules as committed ---' && COLUMNS=120 uvx pytest tests/test_survey.py tests/test_llmstxt.py -q --tb=no 2>&1 | tail -1; echo '--- F-19: survey.py put back to 339a80d, where a paren in a comment ends the join ---'; cp /tmp/webster-c4-keep/survey-339a80d.py scripts/survey.py; COLUMNS=120 uvx pytest tests/test_survey.py -q --tb=no 2>&1 | tail -3; cp /tmp/webster-c4-keep/scripts/survey.py scripts/survey.py; echo '--- F-23: readme_summary stub-marker check deleted ---'; python3 -c "import io;p='scripts/llmstxt.py';s=io.open(p).read();old='    if STUB_MARKER in open(path, encoding=\"utf-8\", errors=\"replace\").read():\n        return \"\"\n';assert s.count(old)==1;io.open(p,'w').write(s.replace(old,''))"; COLUMNS=120 uvx pytest tests/test_llmstxt.py -q --tb=no 2>&1 | tail -3; cp /tmp/webster-c4-keep/scripts/llmstxt.py scripts/llmstxt.py; echo '--- F-23: one_line brace rule dropped, marker rule kept ---'; python3 -c "import io;p='scripts/llmstxt.py';s=io.open(p).read();old='    if STUB_MARKER in line or \"{\" in line or \"}\" in line:';assert s.count(old)==1;io.open(p,'w').write(s.replace(old,'    if STUB_MARKER in line:'))"; COLUMNS=120 uvx pytest tests/test_llmstxt.py -q --tb=no 2>&1 | tail -3; cp /tmp/webster-c4-keep/scripts/llmstxt.py scripts/llmstxt.py; echo '--- F-25: the floor comment replaced by a decoy that names 3.11 for another reason ---'; python3 -c "import re;dec='# See the pytest 3.11 changelog for why the fixtures look like this.\n';[open(p,'w').write(re.sub(r'(?m)^(?:#[^\n]*\n)+(?=import tomllib\n)', dec, s, count=1)) for p,s in [(q, open(q).read()) for q in ('scripts/survey.py','scripts/llmstxt.py')]]"; grep -n 'pytest 3.11 changelog' scripts/survey.py scripts/llmstxt.py; COLUMNS=120 uvx pytest tests/test_survey.py tests/test_llmstxt.py -q --tb=no 2>&1 | tail -4; cp /tmp/webster-c4-keep/scripts/survey.py scripts/survey.py; cp /tmp/webster-c4-keep/scripts/llmstxt.py scripts/llmstxt.py; echo '--- F-24: the stale row count put back in the test_survey.py docstring ---'; sed 's/The four rows naming 19941ad/The three rows naming 19941ad/' tests/test_survey.py > tests/ts.tmp && mv tests/ts.tmp tests/test_survey.py; COLUMNS=120 uvx pytest tests/test_survey.py -q --tb=no 2>&1 | tail -3
# evidence-for: AC-039, FR-039, FR-019, FR-023, AC-029, NFR-002
# evidence-volatile: \d+\.\d+s
#
# AC-039 / FR-039. Five mutations against a copy of the plugin, each undoing one
# thing this cycle fixed, to show which test reads it. A test that stays green
# under the mutation it is named for is reading something else, which is what
# three of these were doing before.
#
# F-19 (FR-019). survey.py put back to 339a80d: the paren-join test goes red
# there, and the tree it uses is four continuation lines, so the six-line cap is
# not what it measures.
#
# F-23 (FR-023, AC-029), first mutation. readme_summary's stub-marker check
# deleted. The stub-README test used to stay green through this because its
# fixture also carried a brace that one_line drops first; with a brace-free
# fixture the check is the only thing holding, and deleting it turns the test
# red.
#
# F-23, second mutation. one_line's brace rule dropped, marker rule kept. The
# brace route now has its own README and its own test, so it goes red on its own
# rather than riding on the fixture above.
#
# F-25 (NFR-002). The floor comment in both scripts replaced by a decoy that
# names 3.11 for an unrelated reason and sits in the same place. The old
# assertion was "3.11" in the header text and stayed green; the new one reads
# the comment block attached to the import and asks it to name the floor, so
# both modules go red.
#
# F-24 (AC-039). The stale "three rows naming 19941ad" restored in the
# test_survey.py docstring. Nothing read that table until this cycle.
--- control: the two modules as committed ---
44 passed in 2.05s
--- F-19: survey.py put back to 339a80d, where a paren in a comment ends the join ---
=============================================== short test summary info ================================================
FAILED tests/test_survey.py::test_a_paren_in_a_comment_or_a_string_does_not_end_the_join - AssertionError: Each route...
1 failed, 26 passed in 1.27s
--- F-23: readme_summary stub-marker check deleted ---
=============================================== short test summary info ================================================
FAILED tests/test_llmstxt.py::test_a_stub_readme_is_not_the_header_summary - AssertionError: The one page whose whole...
1 failed, 16 passed in 0.82s
--- F-23: one_line brace rule dropped, marker rule kept ---
=============================================== short test summary info ================================================
FAILED tests/test_llmstxt.py::test_a_placeholder_brace_in_a_readme_line_is_not_the_summary - AssertionError: a placeh...
1 failed, 16 passed in 0.79s
--- F-25: the floor comment replaced by a decoy that names 3.11 for another reason ---
scripts/survey.py:8:# See the pytest 3.11 changelog for why the fixtures look like this.
scripts/llmstxt.py:14:# See the pytest 3.11 changelog for why the fixtures look like this.
=============================================== short test summary info ================================================
FAILED tests/test_survey.py::test_tomllib_imported_at_module_level_with_the_floor_comment - AssertionError: The comme...
FAILED tests/test_llmstxt.py::test_tomllib_imported_at_module_level_with_the_floor_comment - AssertionError: The comm...
2 failed, 42 passed in 1.98s
--- F-24: the stale row count put back in the test_survey.py docstring ---
=============================================== short test summary info ================================================
FAILED tests/test_survey.py::test_the_red_first_table_counts_its_own_rows - AssertionError: The note says three (3) r...
1 failed, 26 passed in 1.33s
