# evidence-cmd: cd plugins/webster && uvx pytest tests/test_drift.py -v --no-header -p no:randomly 2>&1 | sed -E "s/^=+ //; s/ =+$//"
# evidence-for: US-001, US-002, AC-001, AC-002, AC-003, AC-004, AC-005, AC-006, AC-007, AC-008, AC-009, AC-010, FR-001, FR-002, FR-003, FR-004, FR-005, FR-006, FR-007, FR-008, FR-009, FR-034, FR-037, FR-039, AC-039, US-010
# evidence-volatile: \d+\.\d+s
# evidence-timeout: 180

test session starts
collecting ... collected 24 items

tests/test_drift.py::test_uncommitted_edit_to_cited_file_is_drift PASSED [  4%]
tests/test_drift.py::test_staged_rename_marks_old_and_new_path_dirty PASSED [  8%]
tests/test_drift.py::test_docs_below_the_git_root_still_match_anchors PASSED [ 12%]
tests/test_drift.py::test_check_outside_a_git_repo_reports_no_git PASSED [ 16%]
tests/test_drift.py::test_rebased_away_head_reports_head_missing PASSED  [ 20%]
tests/test_drift.py::test_non_ascii_path_under_a_c_locale_still_answers PASSED [ 25%]
tests/test_drift.py::test_unparseable_manifest_reports_no_manifest PASSED [ 29%]
tests/test_drift.py::test_wrong_typed_manifest_field_is_no_manifest PASSED [ 33%]
tests/test_drift.py::test_record_writes_a_line_hash_per_anchor PASSED    [ 37%]
tests/test_drift.py::test_changed_cited_line_is_reported_as_a_mismatch PASSED [ 41%]
tests/test_drift.py::test_hash_mismatch_alone_is_drift PASSED            [ 45%]
tests/test_drift.py::test_manifest_without_line_hashes_is_not_recorded PASSED [ 50%]
tests/test_drift.py::test_partly_hashed_manifest_is_not_reported_clean PASSED [ 54%]
tests/test_drift.py::test_anchor_past_end_of_file_gets_no_line_hash PASSED [ 58%]
tests/test_drift.py::test_latin1_cited_line_byte_change_is_a_mismatch PASSED [ 62%]
tests/test_drift.py::test_uncited_commit_is_unrelated_changes PASSED     [ 66%]
tests/test_drift.py::test_docs_only_edit_is_unrelated_changes PASSED     [ 70%]
tests/test_drift.py::test_broken_anchor_outranks_unrelated_churn PASSED  [ 75%]
tests/test_drift.py::test_nothing_changed_since_record_is_clean PASSED   [ 79%]
tests/test_drift.py::test_docs_directory_with_no_pages_is_not_clean PASSED [ 83%]
tests/test_drift.py::test_md_page_citing_a_changed_file_is_drift PASSED  [ 87%]
tests/test_drift.py::test_mdx_page_citing_a_changed_file_is_drift PASSED [ 91%]
tests/test_drift.py::test_record_without_a_commit_writes_a_null_head PASSED [ 95%]
tests/test_drift.py::test_null_head_in_the_manifest_reports_no_git PASSED [100%]

24 passed in 5.79s
