# evidence-cmd: d=$PWD; t=$(mktemp -d); s="$d/plugins/webster/scripts/drift.py"; export GIT_CONFIG_GLOBAL=/dev/null GIT_CONFIG_NOSYSTEM=1 GIT_AUTHOR_NAME=t GIT_AUTHOR_EMAIL=t@t GIT_COMMITTER_NAME=t GIT_COMMITTER_EMAIL=t@t GIT_AUTHOR_DATE=2026-08-29T04:00:00+00:00 GIT_COMMITTER_DATE=2026-08-29T04:00:00+00:00; for n in a b c; do mkdir -p "$t/$n/src/app" "$t/$n/docs"; printf 'import os\napp = 1\nDEBUG = 0\nEXTRA = 2\n' > "$t/$n/src/app/main.py"; printf -- '---\ntitle: "P"\n---\n\n# P\n\nThe app starts. <!-- src/app/main.py:2 -->\nThe flag. <!-- src/app/main.py:3 -->\n' > "$t/$n/docs/page.md"; (cd "$t/$n" && git -c init.defaultBranch=main init -q . && git add -A && git commit -q -m init); done; echo '=== D-073 one citation grown after the record, under no_git: the sentence counts what was compared ==='; (cd "$t/a" && python3 "$s" record docs >/dev/null && printf 'And the extra. <!-- src/app/main.py:4 -->\n' >> docs/page.md && rm -rf .git && python3 "$s" check docs; echo "exit=$?"); echo '=== D-074 one recorded digest removed AND one citation grown: 1 of the 2 the record should hold ==='; (cd "$t/b" && python3 "$s" record docs >/dev/null && python3 -c "import json;p='docs/.webster.json';m=json.load(open(p));del m['lineHashes']['src/app/main.py:2'];json.dump(m,open(p,'w'),indent=2)" && printf 'And the extra. <!-- src/app/main.py:4 -->\n' >> docs/page.md && python3 "$s" check docs; echo "exit=$?"); echo '=== D-075 a broken anchor under no_git: the not-checked status takes the exit code, broken_anchors is still listed ==='; (cd "$t/c" && python3 "$s" record docs >/dev/null && printf 'The missing line. <!-- src/app/main.py:99 -->\n' >> docs/page.md && rm -rf .git && python3 "$s" check docs; echo "exit=$?"); echo '=== D-075 the published usage text that now says so ==='; python3 -c 'import ast,sys;doc=ast.get_docstring(ast.parse(open(sys.argv[1]).read()));print([p for p in doc.split("\n\n") if "P0" in p][0])' "$s"; rm -rf "$t"
# evidence-for: US-001, US-002, FR-002, FR-004, FR-006, FR-007, FR-008, AC-003
# evidence-volatile: [0-9a-f]{40}

=== D-073 one citation grown after the record, under no_git: the sentence counts what was compared ===
{
  "status": "no_git",
  "gitHead": {
    "recorded": "af313dd56ea9eb81bcc96e083921e49ec6ca767c",
    "current": null
  },
  "docs_edited_since_record": true,
  "code_files_changed": 0,
  "anchors": 3,
  "pages": 1,
  "pages_with_no_anchor": 0,
  "unanchored_sample": [],
  "broken_anchors": [],
  "suspect_pages": {},
  "hashes": "checked",
  "hash_mismatches": [],
  "unhashed_anchors": [],
  "note": "git could not resolve HEAD (not installed, not a repository, or no commits yet), so the anchors were resolved but neither the working tree nor the diff since the record was read: suspect_pages is empty here because nothing looked, not because nothing moved; every anchor that resolves here and that the record held a digest for was compared against the line as it stands now, and 1 citation(s) here are not in the record at all, so there was no digest to compare them against \u2014 the docs edit docs_edited_since_record reports"
}
exit=2
=== D-074 one recorded digest removed AND one citation grown: 1 of the 2 the record should hold ===
{
  "status": "hashes_partial",
  "gitHead": {
    "recorded": "af313dd56ea9eb81bcc96e083921e49ec6ca767c",
    "current": "af313dd56ea9eb81bcc96e083921e49ec6ca767c"
  },
  "docs_edited_since_record": true,
  "code_files_changed": 0,
  "anchors": 3,
  "pages": 1,
  "pages_with_no_anchor": 0,
  "unanchored_sample": [],
  "broken_anchors": [],
  "suspect_pages": {},
  "hashes": "partial",
  "hash_mismatches": [],
  "unhashed_anchors": [
    "src/app/main.py:2"
  ],
  "note": "no digest was recorded for 1 of the 2 anchors that resolve here and this record should hold a digest for, so the lines listed under unhashed_anchors were never compared against what they said at record, and 1 further anchor(s) resolve here that the record does not hold at all \u2014 the pages grew those citations after it, so there was no line to take a digest of when record ran; re-record"
}
exit=2
=== D-075 a broken anchor under no_git: the not-checked status takes the exit code, broken_anchors is still listed ===
{
  "status": "no_git",
  "gitHead": {
    "recorded": "af313dd56ea9eb81bcc96e083921e49ec6ca767c",
    "current": null
  },
  "docs_edited_since_record": true,
  "code_files_changed": 0,
  "anchors": 3,
  "pages": 1,
  "pages_with_no_anchor": 0,
  "unanchored_sample": [],
  "broken_anchors": [
    {
      "anchor": "src/app/main.py:99",
      "reason": "file has only 4 lines",
      "cited_by": [
        "docs/page.md:9"
      ]
    }
  ],
  "suspect_pages": {},
  "hashes": "checked",
  "hash_mismatches": [],
  "unhashed_anchors": [],
  "note": "git could not resolve HEAD (not installed, not a repository, or no commits yet), so the anchors were resolved but neither the working tree nor the diff since the record was read: suspect_pages is empty here because nothing looked, not because nothing moved; every anchor that resolves here and that the record held a digest for was compared against the line as it stands now"
}
exit=2
=== D-075 the published usage text that now says so ===
Statuses and exit codes for check: clean and unrelated_changes exit 0, drift exits 1, and
no_docs, no_manifest, no_anchors, no_git, head_missing and hashes_partial exit 2. An anchor
that no longer resolves is drift, and drift is a P0, on any run that had a set to check.
Where the set could not be checked the status says that first: no_anchors, no_git and
head_missing take the exit code ahead of drift, because "nothing here could be checked" is a
different claim from "this was checked and it is wrong". A broken anchor found under one of
those is still listed in broken_anchors beside the not-checked status rather than dropped,
because the anchors half runs whether or not git can answer. `clean` is reserved for a set where
nothing changed at all: code that changed but that no page cites is `unrelated_changes`,
because a gate that fails on ordinary development teaches the reader to stop reading the gate.
`hashes_partial` is the same refusal for the line half: an anchor the record itself held that
resolves but carries no recorded digest was never compared, and a run holding one has not
earned exit 0. It is the one not-checked status that sits BELOW drift, being the narrower
claim: some anchors were measured and some were not, so a finding the run did make is still
reported as a finding. A citation a page grew after the record is not one of those — there was
nothing to take a digest of — and it is reported as the docs edit it is.
