# evidence-cmd: sh -c 'cd "$(git rev-parse --show-toplevel)" && T=plugins/webster/tests/test_drift.py && D=$(mktemp -d) && echo "--- every revision the red-first table names, re-measured: does each row it claims actually fail there ---" && for r in cfafe8e 9859317 19c97f9 f31b144 19941ad 457658b 944c958 66dab76 a2b1e1d 693570d; do rm -rf "$D/w"; cp -R plugins/webster "$D/w"; git show $r:plugins/webster/scripts/drift.py > "$D/w/scripts/drift.py"; (cd "$D/w" && uvx pytest tests/test_drift.py -q --tb=no -p no:cacheprovider 2>&1 | sed -n "s/^FAILED [^:]*::\([a-zA-Z0-9_]*\).*/\1/p") | sort > "$D/red-$r"; grep "^test_.*  $r  " $T | cut -d" " -f1 | sort > "$D/claimed"; printf "%s  rows naming it: %2s   of those red there: %2s   claimed red but green: %s\n" "$r" "$(wc -l < "$D/claimed" | tr -d " ")" "$(comm -12 "$D/claimed" "$D/red-$r" | wc -l | tr -d " ")" "$(comm -23 "$D/claimed" "$D/red-$r" | tr "\n" " ")"; done; echo; echo "--- and those ten are every revision the table names, accounting for every row ---"; grep "^test_" $T | cut -c68-74 | sort | uniq -c | sort -rn; printf "rows in the table: %s\n" "$(grep -c "^test_" $T)"; echo; echo "--- the two exceptions are the two rows whose last column already declares them green, and no others ---"; grep "^test_" $T | grep "guard\|green" | cut -c1-96; printf "rows whose last column says guard or green: %s\n" "$(grep "^test_" $T | grep -c "guard\|green")"; echo; echo "--- the prose claim beneath the table: the two tests that pin a second fix were RED again at a2b1e1d ---"; grep -E "no_git_note_does_not_claim_digests_compared|partly_hashed_manifest_is_not_reported_clean" "$D/red-a2b1e1d"; printf "tests red at a2b1e1d in total: %s\n" "$(wc -l < "$D/red-a2b1e1d" | tr -d " ")"; rm -rf "$D"'
# evidence-for: FR-039, AC-039
# evidence-timeout: 300

--- every revision the red-first table names, re-measured: does each row it claims actually fail there ---
cfafe8e  rows naming it: 15   of those red there: 14   claimed red but green: test_check_with_no_docs_directory_reports_no_docs 
9859317  rows naming it:  2   of those red there:  2   claimed red but green: 
19c97f9  rows naming it:  5   of those red there:  4   claimed red but green: test_md_page_citing_a_changed_file_is_drift 
f31b144  rows naming it:  3   of those red there:  3   claimed red but green: 
19941ad  rows naming it:  3   of those red there:  3   claimed red but green: 
457658b  rows naming it:  0   of those red there:  0   claimed red but green: 
944c958  rows naming it:  1   of those red there:  1   claimed red but green: 
66dab76  rows naming it:  1   of those red there:  1   claimed red but green: 
a2b1e1d  rows naming it:  0   of those red there:  0   claimed red but green: 
693570d  rows naming it:  3   of those red there:  3   claimed red but green: 

--- and those ten are every revision the table names, accounting for every row ---
     15 cfafe8e
      5 19c97f9
      3 f31b144
      3 693570d
      3 19941ad
      2 9859317
      1 944c958
      1 66dab76
rows in the table: 33

--- the two exceptions are the two rows whose last column already declares them green, and no others ---
test_check_with_no_docs_directory_reports_no_docs   FR-006 AC-039  cfafe8e  guard: green at cfaf
test_md_page_citing_a_changed_file_is_drift         FR-005 ST-001  19c97f9  green: the .mdx cont
rows whose last column says guard or green: 2

--- the prose claim beneath the table: the two tests that pin a second fix were RED again at a2b1e1d ---
test_no_git_note_does_not_claim_digests_compared
test_partly_hashed_manifest_is_not_reported_clean
tests red at a2b1e1d in total: 5
