# evidence-cmd: sh -c 'cd "$(git rev-parse --show-toplevel)"; R=$PWD; d=$(mktemp -d); git show cfafe8e:plugins/webster/scripts/scaffold.py > "$d/pre.py"; cd "$d"; L="python3 -c \"import os,sys; r=sys.argv[1]; e=sorted([(os.path.relpath(os.path.join(p,n),r), str(os.path.getsize(os.path.join(p,n)))) for p,ds,fs in os.walk(r) for n in fs] + [(os.path.relpath(os.path.join(p,n),r)+chr(47), chr(100)+chr(105)+chr(114)) for p,ds,fs in os.walk(r) for n in ds]); print(chr(10).join(chr(32)*4+a.ljust(38)+b for a,b in e))\""; echo "== the part-written tree the pre-change script left, re-measured at cfafe8e =="; for c in title label; do rm -rf docs; mkdir docs; if [ $c = title ]; then python3 pre.py init --docs docs --title "$(printf "Do\377cs")" >o 2>e; else python3 pre.py init --docs docs --subject "$(printf "clusters:Clu\377sters")" >o 2>e; fi; echo "unwritable --$c: exit $?"; echo "  stdout: [$(cat o)]"; echo "  raised: $(tail -1 e)"; echo "  top-level entries: $(ls -A docs | wc -l | tr -d " ") -- $(ls -A docs | sort | tr "\n" " ")"; eval $L docs; done; echo ""; echo "== the same two arguments against the script as it now stands =="; rm -rf docs; mkdir docs; python3 "$R/plugins/webster/scripts/scaffold.py" init --docs docs --subject "Bad Key:Label" >o 2>e; echo "AC-036 bad subject key: exit $?"; echo "  stdout: $(cat o)"; echo "  top-level entries left: $(ls -A docs | wc -l | tr -d " ")"; rm -rf docs; mkdir docs; python3 "$R/plugins/webster/scripts/scaffold.py" init --docs docs --subject "$(printf "clusters:Clu\377sters")" >o 2>e; echo "AC-036 unwritable subject label: exit $?"; echo "  stdout: $(cat o)"; echo "  top-level entries left: $(ls -A docs | wc -l | tr -d " ")"; rm -rf docs; python3 "$R/plugins/webster/scripts/scaffold.py" init --docs docs --subject "clusters:Clusters" >o 2>e; echo "AC-037 valid subject key: exit $?"; echo "  clusters/clusters.md present: $([ -f docs/clusters/clusters.md ] && echo yes || echo no)"; rm -rf "$d"'
# evidence-for: US-009, FR-028, AC-036, AC-037
# evidence-timeout: 120

== the part-written tree the pre-change script left, re-measured at cfafe8e ==
unwritable --title: exit 1
  stdout: []
  raised: UnicodeEncodeError: 'utf-8' codec can't encode character '\udcff' in position 41: surrogates not allowed
  top-level entries: 1 -- index.md 
    index.md                              0
unwritable --label: exit 1
  stdout: []
  raised: UnicodeEncodeError: 'utf-8' codec can't encode character '\udcff' in position 35: surrogates not allowed
  top-level entries: 5 -- clusters faq.md getting-started index.md install 
    clusters/                             dir
    clusters/_category_.json              101
    clusters/clusters.md                  0
    faq.md                                121
    getting-started/                      dir
    getting-started/_category_.json       102
    getting-started/glossary.md           127
    getting-started/overview.md           129
    index.md                              186
    install/                              dir
    install/_category_.json               99
    install/install.md                    137

== the same two arguments against the script as it now stands ==
AC-036 bad subject key: exit 2
  stdout: {"status": "bad_subject", "subject": "Bad Key", "error": "subject key 'Bad Key' must be lower-case-with-hyphens"}
  top-level entries left: 0
AC-036 unwritable subject label: exit 2
  stdout: {"status": "bad_subject", "subject": "clusters", "error": "subject label for 'clusters' carries a byte no page can hold: surrogates not allowed at position 3"}
  top-level entries left: 0
AC-037 valid subject key: exit 0
  clusters/clusters.md present: yes
