# evidence-cmd: sh -c 'set -e; cd "$(git rev-parse --show-toplevel)"; t="$(mktemp -d)"; printf "%s\n" '"'"'import json, os, re, shutil, subprocess, tempfile'"'"' '"'"'ROOT = subprocess.run(["git", "rev-parse", "--show-toplevel"], capture_output=True, text=True).stdout.strip()'"'"' '"'"'SRC = os.path.join(ROOT, "plugins/webster/scripts/survey.py")'"'"' '"'"'TEXT = open(SRC, encoding="utf-8").read()'"'"' '"'"'LINES = TEXT.splitlines()'"'"' '"'"''"'"' '"'"'def survey(root, script=SRC):'"'"' '"'"'    r = subprocess.run(["python3", script, root], capture_output=True, text=True, timeout=120)'"'"' '"'"'    return json.loads(r.stdout), r.returncode'"'"' '"'"''"'"' '"'"'def tree(files):'"'"' '"'"'    d = tempfile.mkdtemp()'"'"' '"'"'    for rel, text in files.items():'"'"' '"'"'        p = os.path.join(d, rel)'"'"' '"'"'        os.makedirs(os.path.dirname(p), exist_ok=True)'"'"' '"'"'        open(p, "w", encoding="utf-8").write(text)'"'"' '"'"'    return d'"'"' '"'"''"'"' '"'"'def show(rev, path):'"'"' '"'"'    return subprocess.run(["git", "-C", ROOT, "show", f"{rev}:{path}"], capture_output=True, text=True).stdout'"'"' '"'"''"'"' '"'"'def verbs(data):'"'"' '"'"'    return sorted((h["method"], h["path"]) for h in data["surface"]["http"])'"'"' '"'"''"'"' '"'"'PY = "pyproject.toml"'"'"' '"'"'print("== [1] FIXED -- call_depth_delta now carries a triple quote across the newline ==")'"'"' '"'"'deco = ('"'"'"'"'"'"'"'"'from flask import Flask\n\napp = Flask(__name__)\n\n\n@app.route(\n    "/exports",\n'"'"'"'"'"'"'"'"''"'"' '"'"'        '"'"'"'"'"'"'"'"'    doc=%s,\n    methods=["POST"],\n)\ndef exports():\n    return {}\n'"'"'"'"'"'"'"'"')'"'"' '"'"'triple = tree({PY: '"'"'"'"'"'"'"'"'[project]\nname = "tq"\n'"'"'"'"'"'"'"'"','"'"' '"'"'               "src/api.py": deco % '"'"'"'"'"'"'"'"'"""a note\n    with a ) paren inside it"""'"'"'"'"'"'"'"'"'})'"'"' '"'"'single = tree({PY: '"'"'"'"'"'"'"'"'[project]\nname = "sq"\n'"'"'"'"'"'"'"'"','"'"' '"'"'               "src/api.py": deco % '"'"'"'"'"'"'"'"'"a note with a ) paren inside it"'"'"'"'"'"'"'"'"'})'"'"' '"'"'print("   the route declares methods=[\"POST\"] in both trees; only the note differs")'"'"' '"'"'print("   triple-quoted note, `)` on its second line -> %s" % verbs(survey(triple)[0]))'"'"' '"'"'print("   single-quoted note on one line (control)   -> %s" % verbs(survey(single)[0]))'"'"' '"'"'print("   Both read POST now. GET here was the verb the endpoint answers 405 to: the")'"'"' '"'"'print("   phantom the paragraph above the sentence says the counting exists to stop.")'"'"' '"'"'at = LINES.index("    delta, i, n = 0, 0, len(line)")'"'"' '"'"'print("   survey.py now reads, on the two lines above `delta, i, n`:")'"'"' '"'"'for n in (at - 2, at - 1):'"'"' '"'"'    print("       survey.py:%d: %s" % (n + 1, LINES[n].strip()))'"'"' '"'"'shutil.rmtree(triple); shutil.rmtree(single)'"'"' '"'"''"'"' '"'"'print()'"'"' '"'"'print("== [2] CORRECTED -- the quotation the comment attributed to A-018 ==")'"'"' '"'"'print('"'"'"'"'"'"'"'"'   "within about 40 characters" in survey.py: %d'"'"'"'"'"'"'"'"' % TEXT.count("within about 40 characters"))'"'"' '"'"'print('"'"'"'"'"'"'"'"'   "within ~40 chars" in survey.py:           %d'"'"'"'"'"'"'"'"' % TEXT.count("within ~40 chars"))'"'"' '"'"'for n, line in enumerate(LINES, 1):'"'"' '"'"'    if "A-018'"'"'"'"'"'"'"'"'s" in line:'"'"' '"'"'        print("       survey.py:%d: %s" % (n, line.strip()))'"'"' '"'"''"'"' '"'"'print()'"'"' '"'"'print("== [3] HELD -- the docstring'"'"'"'"'"'"'"'"'s own claims about this script ==")'"'"' '"'"'print("   `sys.exit` outside the sentence that denies it: %d"'"'"' '"'"'      % (TEXT.count("sys.exit") - TEXT.count("There is no `sys.exit` in this file")))'"'"' '"'"'print("   `return 1` / `exit(` in survey.py:              %d"'"'"' '"'"'      % (TEXT.count("return 1") + TEXT.count("exit(")))'"'"' '"'"'print("   /usr/bin/python3 on this host: %s"'"'"' '"'"'      % subprocess.run(["/usr/bin/python3", "-V"], capture_output=True, text=True).stdout.strip())'"'"' '"'"'print("   `python3 scripts/survey.py` in plugins/webster/commands: %d file(s)"'"'"' '"'"'      % len([p for p in sorted(os.listdir(os.path.join(ROOT, "plugins/webster/commands")))'"'"' '"'"'             if "python3 scripts/survey.py" in open(os.path.join(ROOT, "plugins/webster/commands", p),'"'"' '"'"'                                                    encoding="utf-8").read()]))'"'"' '"'"'print("   `if \"python\" in stack:` guards, and what each gates:")'"'"' '"'"'for n, line in enumerate(LINES, 1):'"'"' '"'"'    if line == '"'"'"'"'"'"'"'"'if "python" in stack:'"'"'"'"'"'"'"'"':'"'"' '"'"'        print("       survey.py:%d -> next code line: %s" % (n, LINES[n].strip()))'"'"' '"'"'print("   the census sentence appears in survey.py exactly %d time(s)"'"'"' '"'"'      % len(re.findall(r"arrays whose entries carry no anchor are (.*?)\.\s", re.sub(r"\s+", " ", TEXT))))'"'"' '"'"''"'"' '"'"'print()'"'"' '"'"'print("== [4] HELD -- the failure modes the comments name, re-run ==")'"'"' try: '"'"'    {**[]}'"'"' '"'"'except TypeError as e:'"'"' '"'"'    print("   {**[]} -> TypeError: %s" % e)'"'"' '"'"'import tomllib'"'"' '"'"'dated = tomllib.loads("[project.scripts]\nfoo = 1979-05-27\n")["project"]["scripts"]["foo"]'"'"' '"'"'print("   tomllib on `foo = 1979-05-27` -> %s %r" % (type(dated).__name__, dated))'"'"' try: '"'"'    json.dumps(dated)'"'"' '"'"'except TypeError as e:'"'"' '"'"'    print("   json.dumps of it -> TypeError: %s" % e)'"'"' '"'"'print("   tomllib on `[project]` + `scripts = 5` -> %r  (a scalar where a table is expected)"'"'"' '"'"'      % tomllib.loads("[project]\nscripts = 5\n"))'"'"' '"'"''"'"' '"'"'old = show("cfafe8e", "plugins/webster/scripts/survey.py")'"'"' '"'"'print("   env alternation at cfafe8e: %d copies, os.getenv branches %d, `[\\s*` tolerance %d"'"'"' '"'"'      % (old.count("process\\.env\\."), old.count("os\\.getenv"), old.count("[\\[(]\\s*")))'"'"' '"'"'print("   `.upper()` on the route verb at cfafe8e: %d  (this is what published ROUTE)"'"'"' '"'"'      % old.count("m.group(1).upper()"))'"'"' '"'"''"'"' '"'"'black = tree({PY: '"'"'"'"'"'"'"'"'[project]\nname = "bl"\n'"'"'"'"'"'"'"'"','"'"' '"'"'              "src/api.py": ('"'"'"'"'"'"'"'"'from fastapi import FastAPI, HTTPException\n\napp = FastAPI()\n\n\n'"'"'"'"'"'"'"'"''"'"' '"'"'                             '"'"'"'"'"'"'"'"'@app.post(\n    "/items/{item_id}",\n    response_model=Item,\n)\n'"'"'"'"'"'"'"'"''"'"' '"'"'                             '"'"'"'"'"'"'"'"'def create_item(item_id: int):\n'"'"'"'"'"'"'"'"''"'"' '"'"'                             '"'"'"'"'"'"'"'"'    raise HTTPException(status_code=404, detail="Item not found")\n'"'"'"'"'"'"'"'"')})'"'"' '"'"'oldsrc = os.path.join(tempfile.mkdtemp(), "survey-cfafe8e.py")'"'"' '"'"'open(oldsrc, "w", encoding="utf-8").write(old)'"'"' '"'"'data, _ = survey(black, oldsrc)'"'"' '"'"'print("   cfafe8e on a Black-split FastAPI app: surface.http=%s user_surface.messages=%s"'"'"' '"'"'      % (data["surface"]["http"], data["user_surface"]["messages"]))'"'"' '"'"'data, _ = survey(black)'"'"' '"'"'print("   HEAD on the same tree:                surface.http=%s messages=%s"'"'"' '"'"'      % (verbs(data), sorted(m["text"] for m in data["user_surface"]["messages"])))'"'"' '"'"'shutil.rmtree(black)'"'"' '"'"''"'"' '"'"'print()'"'"' '"'"'print("== [5] HELD -- the census history the docstring recounts ==")'"'"' '"'"'def shape(text):'"'"' '"'"'    flat = re.sub(r"\s+", " ", text)'"'"' '"'"'    named = re.findall(r"arrays whose entries carry no anchor are (.*?)\.\s", flat)'"'"' '"'"'    if named:'"'"' '"'"'        return "names %d: %s" % (len(re.findall(r"`[\w.]+`", named[0])), named[0])'"'"' '"'"'    if re.search(r"one array in this (document|JSON)", flat):'"'"' '"'"'        return "names `tooling` alone"'"'"' '"'"'    if re.search(r"[Ee]very entry (carries a file:line anchor|in this JSON carries an anchor)", flat):'"'"' '"'"'        return '"'"'"'"'"'"'"'"'flat, names none'"'"'"'"'"'"'"'"''"'"' '"'"'    return "no census sentence"'"'"' '"'"''"'"' '"'"'for rev in ("20b15d1", "e4e0775", "d383851", "81235d1", "HEAD"):'"'"' '"'"'    s = show(rev, "plugins/webster/scripts/survey.py")'"'"' '"'"'    doc = s.split('"'"'"'"'"'"'"'"'"""'"'"'"'"'"'"'"'"')[1]'"'"' '"'"'    comment = "\n".join(l for l in s.splitlines() if l.startswith("#"))'"'"' '"'"'    print("   %-8s docstring: %-28s | comment above CLI_FLAG_DECL: %s"'"'"' '"'"'          % (rev, shape(doc), shape(comment)))'"'"' '"'"''"'"' '"'"'print()'"'"' '"'"'print("== [6] HELD -- the two message floors, and the comment'"'"'"'"'"'"'"'"'s account of them ==")'"'"' '"'"'floors = tree({PY: '"'"'"'"'"'"'"'"'[project]\nname = "fl"\n'"'"'"'"'"'"'"'"','"'"' '"'"'               "src/api.py": ('"'"'"'"'"'"'"'"'from fastapi import HTTPException\n\n\ndef a():\n'"'"'"'"'"'"'"'"''"'"' '"'"'                              '"'"'"'"'"'"'"'"'    raise ValueError("Login failed.")\n\n\ndef b():\n'"'"'"'"'"'"'"'"''"'"' '"'"'                              '"'"'"'"'"'"'"'"'    raise ValueError("Login failed")\n\n\ndef c():\n'"'"'"'"'"'"'"'"''"'"' '"'"'                              '"'"'"'"'"'"'"'"'    raise HTTPException(410, "Gone")\n\n\ndef d():\n'"'"'"'"'"'"'"'"''"'"' '"'"'                              '"'"'"'"'"'"'"'"'    raise HTTPException(400, "Bad")\n'"'"'"'"'"'"'"'"')})'"'"' '"'"'data, _ = survey(floors)'"'"' '"'"'print("   published: %s" % sorted(m["text"] for m in data["user_surface"]["messages"]))'"'"' '"'"'print("   lengths:   %s" % {s: len(s) for s in ("Login failed.", "Login failed", "Gone", "Bad", "Not found")})'"'"' '"'"'shutil.rmtree(floors)'"'"' '"'"'prior = show("1ea2cab^", "plugins/webster/scripts/survey.py")'"'"' '"'"'for line in prior.splitlines():'"'"' '"'"'    if "Four characters is the floor" in line:'"'"' '"'"'        print("   the comment before 1ea2cab read: %s" % line.strip("# ").strip())'"'"' > "$t/g.py"; python3 "$t/g.py"; rm -rf "$t"'
# evidence-for: FR-018, FR-019, FR-020, FR-021, FR-022, FR-031, FR-032, NFR-002, US-006
# evidence-volatile: \d+\.\d+s
# evidence-timeout: 300
#
# GRIND cycle 17, the lead-ordered sweep of scripts/survey.py. Every prose sentence in
# the file was measured against the code, a run or git history; the two that failed are
# blocks [1] and [2] below, and the rest of the file is the HELD blocks after them. Block
# [1] now records a fix rather than a corrected sentence; see its note.
#
# [1] Regenerated in the second cycle-17 dispatch, which fixes the code the first one
#     could only describe. The sweep found call_depth_delta's docstring closing with "a
#     quoted string cannot cross one at all"; a triple-quoted string does, and the gap was
#     live -- the run below published GET for a Flask route declaring methods=["POST"],
#     the phantom endpoint the paragraph above that sentence says the counting exists to
#     stop. The first dispatch could not move an executable line, so it corrected the
#     sentence and logged the fix to concerns.md. D-168 lifted that rule for this defect:
#     the delimiter is now carried from one line into the next, both trees below read
#     POST, and evidence/casting-4-triple-quoted-join.log measures the whole of it,
#     including what a string running past the six-line cap does.
#
# [2] The comment above HTTP_EXCEPTION_MESSAGE quoted A-018 as "within about 40
#     characters". A-018 (spec.md:874, and the same text at casting-4-prompt.md:219 and
#     :441) reads "within ~40 chars"; the quoted wording is FR-032's (spec.md:361), which
#     is derived from A-018 rather than being it. foundry-archive/ is untracked, so the
#     body below measures the repo side only: survey.py now carries the A-018 wording
#     verbatim and no longer carries the FR-032 one.

== [1] FIXED -- call_depth_delta now carries a triple quote across the newline ==
   the route declares methods=["POST"] in both trees; only the note differs
   triple-quoted note, `)` on its second line -> [('POST', '/exports')]
   single-quoted note on one line (control)   -> [('POST', '/exports')]
   Both read POST now. GET here was the verb the endpoint answers 405 to: the
   phantom the paragraph above the sentence says the counting exists to stop.
   survey.py now reads, on the two lines above `delta, i, n`:
       survey.py:260: counted, which is also what leaves a string running past the join's cap holding the depth
       survey.py:261: above zero, so the call reads as unfinished rather than as whole."""

== [2] CORRECTED -- the quotation the comment attributed to A-018 ==
   "within about 40 characters" in survey.py: 0
   "within ~40 chars" in survey.py:           1
       survey.py:494: # still bounded if it is ever run over joined text. A-018's "within ~40 chars" is the length
       survey.py:509: # is why the count is A-018's number rather than a rounder one.

== [3] HELD -- the docstring's own claims about this script ==
   `sys.exit` outside the sentence that denies it: 0
   `return 1` / `exit(` in survey.py:              0
   /usr/bin/python3 on this host: Python 3.9.6
   `python3 scripts/survey.py` in plugins/webster/commands: 1 file(s)
   `if "python" in stack:` guards, and what each gates:
       survey.py:163 -> next code line: py_src = " ".join(read(p) for p in list(walk(exts={".py"}))[:200])
       survey.py:291 -> next code line: for p in walk(exts={".py"}):
       survey.py:720 -> next code line: tooling.append({"tool": "mkdocstrings", "for": "Python API reference from docstrings",
   the census sentence appears in survey.py exactly 1 time(s)

== [4] HELD -- the failure modes the comments name, re-run ==
   {**[]} -> TypeError: 'list' object is not a mapping
   tomllib on `foo = 1979-05-27` -> date datetime.date(1979, 5, 27)
   json.dumps of it -> TypeError: Object of type date is not JSON serializable
   tomllib on `[project]` + `scripts = 5` -> {'project': {'scripts': 5}}  (a scalar where a table is expected)
   env alternation at cfafe8e: 2 copies, os.getenv branches 0, `[\s*` tolerance 0
   `.upper()` on the route verb at cfafe8e: 2  (this is what published ROUTE)
   cfafe8e on a Black-split FastAPI app: surface.http=[] user_surface.messages=[]
   HEAD on the same tree:                surface.http=[('POST', '/items/{item_id}')] messages=['Item not found']

== [5] HELD -- the census history the docstring recounts ==
   20b15d1  docstring: flat, names none             | comment above CLI_FLAG_DECL: flat, names none
   e4e0775  docstring: flat, names none             | comment above CLI_FLAG_DECL: names `tooling` alone
   d383851  docstring: names `tooling` alone        | comment above CLI_FLAG_DECL: names `tooling` alone
   81235d1  docstring: names 5: `stack`, `frameworks`, `tooling`, `tests.files` and `existing_docs` | comment above CLI_FLAG_DECL: no census sentence
   HEAD     docstring: names 5: `stack`, `frameworks`, `tooling`, `tests.files` and `existing_docs` | comment above CLI_FLAG_DECL: no census sentence

== [6] HELD -- the two message floors, and the comment's account of them ==
   published: ['Gone', 'Login failed.']
   lengths:   {'Login failed.': 13, 'Login failed': 12, 'Gone': 4, 'Bad': 3, 'Not found': 9}
   the comment before 1ea2cab read: a string literal is text somebody reads. Four characters is the floor rather than the twelve
