# evidence-cmd: r=$(pwd); d=$(mktemp -d); S="$r/plugins/webster/scripts/scaffold.py"; cd "$d"; echo "=== init exit-0 success envelope, status first (FR-028) ==="; python3 "$S" init --docs docs; echo "exit=$?"; echo "=== check clean envelope ==="; python3 "$S" check --docs docs; echo "exit=$?"; echo "=== check cannot_read: a page the read boundary refused ==="; ln -s nowhere.md docs/install/broken.md; python3 "$S" check --docs docs; echo "exit=$?"; rm docs/install/broken.md; echo "=== check violations ==="; rm docs/index.md; python3 "$S" check --docs docs; echo "exit=$?"; echo "=== check no_docs ==="; python3 "$S" check --docs nowhere; echo "exit=$?"; echo "=== init bad_subject: exit 2, nothing written (AC-036, US-009) ==="; mkdir typo; python3 "$S" init --docs typo --subject "Bad Key:Label"; echo "exit=$?"; echo "files under typo: [$(ls -A typo)]"; echo "=== init cannot_write ==="; printf 'a file, not a directory\n' > regular-file; python3 "$S" init --docs regular-file; echo "exit=$?"; echo "=== init clusters:Clusters creates the landing page (AC-037) ==="; python3 "$S" init --docs fresh --subject clusters:Clusters > /dev/null; echo "exit=$?"; ls fresh/clusters; cd "$r"; rm -rf "$d"
# evidence-for: US-009, AC-036, AC-037, FR-028

=== init exit-0 success envelope, status first (FR-028) ===
{
  "status": "ok",
  "created": [
    "index.md",
    "faq.md",
    "getting-started/overview.md",
    "getting-started/glossary.md",
    "install/install.md",
    "advanced/advanced.md",
    "troubleshooting/troubleshooting.md",
    "developer/developer.md"
  ],
  "subjects": [],
  "docs": "docs",
  "site": null
}
exit=0
=== check clean envelope ===
{
  "status": "ok",
  "subjects": [],
  "sections": [
    "getting-started",
    "install",
    "advanced",
    "troubleshooting",
    "developer",
    "api"
  ],
  "violations": []
}
exit=0
=== check cannot_read: a page the read boundary refused ===
{"status": "cannot_read", "path": "docs/install/broken.md", "error": "No such file or directory"}
exit=2
=== check violations ===
{
  "status": "violations",
  "subjects": [],
  "sections": [
    "getting-started",
    "install",
    "advanced",
    "troubleshooting",
    "developer",
    "api"
  ],
  "violations": [
    {
      "where": "docs/index.md",
      "problem": "required root page is missing"
    }
  ]
}
exit=1
=== check no_docs ===
{"status": "no_docs", "docs": "nowhere"}
exit=2
=== init bad_subject: exit 2, nothing written (AC-036, US-009) ===
{"status": "bad_subject", "subject": "Bad Key", "error": "subject key 'Bad Key' must be lower-case-with-hyphens"}
exit=2
files under typo: []
=== init cannot_write ===
{"status": "cannot_write", "path": "regular-file", "error": "File exists", "created": []}
exit=2
=== init clusters:Clusters creates the landing page (AC-037) ===
exit=0
_category_.json
clusters.md
