# evidence-cmd: sh -c 'set -e; cd "$(git rev-parse --show-toplevel)"; t="$(mktemp -d)"; printf "%s\n" '"'"'import os, re, shutil, subprocess, tempfile'"'"' '"'"'ROOT = subprocess.run(["git", "rev-parse", "--show-toplevel"], capture_output=True, text=True).stdout.strip()'"'"' '"'"'BASE = {k: os.environ[k] for k in ("PATH", "HOME") if k in os.environ}'"'"' '"'"'TEMPLATE = tempfile.mkdtemp()'"'"' '"'"'subprocess.run("git -C %s archive HEAD plugins/webster | tar -x -C %s" % (ROOT, TEMPLATE),'"'"' '"'"'               shell=True, check=True)'"'"' '"'"'TEMPLATE = os.path.join(TEMPLATE, "plugins/webster")'"'"' '"'"''"'"' '"'"'def build(script=None, rev=None, mutate=None):'"'"' '"'"'    d = os.path.join(tempfile.mkdtemp(), "webster")'"'"' '"'"'    shutil.copytree(TEMPLATE, d)'"'"' '"'"'    if rev:'"'"' '"'"'        text = subprocess.run(["git", "-C", ROOT, "show", "%s:plugins/webster/scripts/%s" % (rev, script)],'"'"' '"'"'                              capture_output=True, text=True).stdout'"'"' '"'"'        open(os.path.join(d, "scripts", script), "w", encoding="utf-8").write(text)'"'"' '"'"'    if mutate:'"'"' '"'"'        for name, (old, new) in mutate.items():'"'"' '"'"'            p = os.path.join(d, "scripts", name)'"'"' '"'"'            t = open(p, encoding="utf-8").read()'"'"' '"'"'            assert old in t, name'"'"' '"'"'            open(p, "w", encoding="utf-8").write(t.replace(old, new))'"'"' '"'"'    return d'"'"' '"'"''"'"' '"'"'def failures(d, modules):'"'"' '"'"'    r = subprocess.run(["uvx", "pytest", *["tests/" + m for m in modules],'"'"' '"'"'                        "-q", "--no-header", "--tb=no", "-rf", "-p", "no:cacheprovider"],'"'"' '"'"'                       cwd=d, capture_output=True, text=True, env=BASE, timeout=600)'"'"' '"'"'    return sorted(l.split(" ")[1].replace("tests/", "") for l in r.stdout.splitlines() if l.startswith("FAILED "))'"'"' '"'"''"'"' '"'"'def table(module):'"'"' '"'"'    doc = open(os.path.join(TEMPLATE, "tests", module), encoding="utf-8").read().split('"'"'"'"'"'"'"'"'"""'"'"'"'"'"'"'"'"')[1]'"'"' '"'"'    rows = {}'"'"' '"'"'    for line in doc.splitlines():'"'"' '"'"'        m = re.match(r"^(test_\S+)\s+\S+\s+(.+?)\s*$", line)'"'"' '"'"'        if m:'"'"' '"'"'            rows[m.group(1)] = m.group(2)'"'"' '"'"'    return doc, rows'"'"' '"'"''"'"' '"'"'for module, script in (("test_survey.py", "survey.py"), ("test_llmstxt.py", "llmstxt.py")):'"'"' '"'"'    doc, rows = table(module)'"'"' '"'"'    revs = []'"'"' '"'"'    for label in rows.values():'"'"' '"'"'        m = re.match(r"^([0-9a-f]{7})", label)'"'"' '"'"'        if m and m.group(1) not in revs:'"'"' '"'"'            revs.append(m.group(1))'"'"' '"'"'    revs.sort()'"'"' '"'"'    print("== %s: %d rows, %d revisions named ==" % (module, len(rows), len(revs)))'"'"' '"'"'    red = {}'"'"' '"'"'    for rev in revs:'"'"' '"'"'        d = build(script, rev)'"'"' '"'"'        red[rev] = [n.split("::")[1] for n in failures(d, [module])]'"'"' '"'"'        shutil.rmtree(os.path.dirname(d))'"'"' '"'"'    for name in sorted(rows):'"'"' '"'"'        label = rows[name]'"'"' '"'"'        m = re.match(r"^([0-9a-f]{7})", label)'"'"' '"'"'        if not m:'"'"' '"'"'            verdict = "no revision named (%s)" % label'"'"' '"'"'        else:'"'"' '"'"'            rev = m.group(1)'"'"' '"'"'            verdict = "RED at %s" % rev if name in red[rev] else "GREEN at %s -- ROW WRONG" % rev'"'"' '"'"'        print("   %-60s %s" % (name, verdict))'"'"' '"'"'    guards = sorted(n for n, l in rows.items() if l == "guard")'"'"' '"'"'    print("   guard rows, green at every revision measured %s:" % revs)'"'"' '"'"'    for name in guards:'"'"' '"'"'        bad = [r for r in revs if name in red[r]]'"'"' '"'"'        print("       %-56s %s" % (name, "green at all" if not bad else "RED at %s -- ROW WRONG" % bad))'"'"' '"'"'    print("   rows naming a commit later than cfafe8e, and their state at cfafe8e:")'"'"' '"'"'    if "cfafe8e" in red:'"'"' '"'"'        for name in sorted(rows):'"'"' '"'"'            m = re.match(r"^([0-9a-f]{7})", rows[name])'"'"' '"'"'            if m and m.group(1) != "cfafe8e":'"'"' '"'"'                print("       %-56s named %s | at cfafe8e: %s"'"'"' '"'"'                      % (name, m.group(1), "red" if name in red["cfafe8e"] else "PASSES"))'"'"' '"'"'    print("   full red set per revision:")'"'"' '"'"'    for rev in revs:'"'"' '"'"'        print("       %s (%d red): %s" % (rev, len(red[rev]), ", ".join(red[rev])))'"'"' '"'"'    print()'"'"' '"'"''"'"' '"'"'print("== the mutation measurements the docstrings record, re-run ==")'"'"' '"'"'MARKER = ('"'"'"'"'"'"'"'"'    if STUB_MARKER in open(path, encoding="utf-8", errors="replace").read():\n'"'"'"'"'"'"'"'"''"'"' '"'"'          '"'"'"'"'"'"'"'"'        return ""\n    return title_and_summary(path)[1]'"'"'"'"'"'"'"'"')'"'"' '"'"'d = build(mutate={"llmstxt.py": (MARKER, "    return title_and_summary(path)[1]")})'"'"' '"'"'print("   readme_summary'"'"'"'"'"'"'"'"'s marker check deleted -> %s" % failures(d, ["test_llmstxt.py"]))'"'"' '"'"'env = dict(BASE, WEBSTER_ROOT=os.path.join(ROOT, "plugins/webster/tests/fixtures/repo"), WEBSTER_DOCS="docs")'"'"' '"'"'shutil.rmtree(os.path.dirname(d))'"'"' '"'"'d = build(mutate={"llmstxt.py": ('"'"'"'"'"'"'"'"'    if STUB_MARKER in line or "{" in line or "}" in line:'"'"'"'"'"'"'"'"','"'"' '"'"'                                 "    if STUB_MARKER in line:")})'"'"' '"'"'print("   one_line drops the marker but not the brace -> %s" % failures(d, ["test_llmstxt.py"]))'"'"' '"'"'shutil.rmtree(os.path.dirname(d))'"'"' '"'"''"'"' '"'"'DECOY = "# See the pytest 3.11 changelog for why the fixtures look like this."'"'"' '"'"'def floor_mutation(replacement):'"'"' '"'"'    m = {}'"'"' '"'"'    for name in ("survey.py", "llmstxt.py"):'"'"' '"'"'        text = subprocess.run(["git", "-C", ROOT, "show", "HEAD:plugins/webster/scripts/%s" % name],'"'"' '"'"'                              capture_output=True, text=True).stdout'"'"' '"'"'        lines = text.splitlines()'"'"' '"'"'        at = lines.index("import tomllib")'"'"' '"'"'        j = at - 1'"'"' '"'"'        while j >= 0 and lines[j].lstrip().startswith("#"):'"'"' '"'"'            j -= 1'"'"' '"'"'        block = "\n".join(lines[j + 1:at])'"'"' '"'"'        m[name] = (block, replacement)'"'"' '"'"'    return m'"'"' '"'"'d = build(mutate=floor_mutation(DECOY))'"'"' '"'"'print("   the floor comment replaced by a decoy naming 3.11 -> %s"'"'"' '"'"'      % failures(d, ["test_survey.py", "test_llmstxt.py"]))'"'"' '"'"'shutil.rmtree(os.path.dirname(d))'"'"' '"'"'d = build(mutate=floor_mutation("# nothing about a floor here"))'"'"' '"'"'print("   the floor comment removed outright (control)     -> %s"'"'"' '"'"'      % failures(d, ["test_survey.py", "test_llmstxt.py"]))'"'"' '"'"'shutil.rmtree(os.path.dirname(d))'"'"' '"'"''"'"' '"'"'print()'"'"' '"'"'print("== the exceptions the three 39e6247 rows go red on, which is why they are three rows ==")'"'"' '"'"'for rev in ("39e6247", "cfafe8e"):'"'"' '"'"'    d = build("survey.py", rev)'"'"' '"'"'    r = subprocess.run(["uvx", "pytest", "tests/test_survey.py", "-q", "--no-header",'"'"' '"'"'                        "-p", "no:cacheprovider", "-k",'"'"' '"'"'                        "not_an_object or not_a_table or not_a_string"],'"'"' '"'"'                       cwd=d, capture_output=True, text=True, env=BASE, timeout=600)'"'"' '"'"'    out = r.stdout'"'"' '"'"'    print("   %s: AttributeError off a list %s | TypeError unpacking one %s | date not serializable %s"'"'"' '"'"'          % (rev,'"'"' '"'"'             "'"'"'"'"'"'"'"'"'list'"'"'"'"'"'"'"'"' object has no attribute '"'"'"'"'"'"'"'"'get'"'"'"'"'"'"'"'"'" in out,'"'"' '"'"'             "'"'"'"'"'"'"'"'"'list'"'"'"'"'"'"'"'"' object is not a mapping" in out,'"'"' '"'"'             "Object of type date is not JSON serializable" in out))'"'"' '"'"'    print("        the `bar` control beside the dated entry goes red instead: %s"'"'"' '"'"'          % ("must not take the entry beside it down with it; got []" in out))'"'"' '"'"'    shutil.rmtree(os.path.dirname(d))'"'"' > "$t/g.py"; python3 "$t/g.py"; rm -rf "$t"'
# evidence-for: AC-022, AC-023, AC-024, AC-025, AC-026, AC-027, AC-039, FR-039, US-010
# evidence-volatile: \d+\.\d+s
# evidence-timeout: 600
#
# GRIND cycle 17. Both red-first tables re-measured end to end rather than read. The
# harness is the recipe the two module docstrings record: build the plugin tree from
# git, drop in the named revision of the one script, run that module. Every row's
# "red against" revision is checked, every `guard` row is checked against every revision
# either table names, and every row naming a commit later than cfafe8e is checked at
# cfafe8e as well -- which is the claim both docstrings make about their own rows.
#
# All 30 + 18 rows hold. The only correction this cycle is the parenthetical on
# test_every_surface_entry_carries_an_anchor: it read "15f7264 (cycle 10)", and 15f7264
# is the cycle-9 evidence strip. 81235d1, which added the row and the census half it
# measures, is the cycle-10 commit; the row now reads "(added cycle 10)" like every
# other parenthetical in the table.
#
# The mutation measurements the docstrings record are re-run at the end, including the
# decoy that the floor-comment test was rewritten to catch.

== test_survey.py: 30 rows, 9 revisions named ==
   test_a_black_split_declaration_still_declares_its_flag       RED at 66dab76
   test_a_commander_option_string_still_declares_its_spellings  RED at 19941ad
   test_a_dependencies_field_that_is_not_a_table_is_absent      RED at 39e6247
   test_a_flag_named_in_another_flags_help_is_not_a_command     RED at 944c958
   test_a_flag_named_only_in_prose_is_not_a_command             RED at 19941ad
   test_a_package_json_that_is_not_an_object_is_read_as_absent  RED at 39e6247
   test_a_paren_in_a_comment_or_a_string_does_not_end_the_join  RED at 339a80d
   test_a_positional_description_is_not_a_flag_spec             RED at 66dab76
   test_a_route_whose_methods_the_join_never_read_is_not_a_get  RED at 3aa48f7
   test_a_script_target_that_is_not_a_string_is_not_a_command   RED at 39e6247
   test_black_split_decorator_is_anchored_to_the_at_line        RED at cfafe8e
   test_detail_after_a_collection_argument_is_still_a_message   RED at 944c958
   test_env_regex_allows_whitespace_after_the_bracket           RED at cfafe8e
   test_env_regex_still_matches_the_go_getenv                   no revision named (guard)
   test_every_surface_entry_carries_an_anchor                   RED at 15f7264
   test_flask_route_reports_its_declared_methods                RED at cfafe8e
   test_flask_route_without_methods_reports_get                 RED at cfafe8e
   test_httpexception_detail_and_positional_are_messages        RED at cfafe8e
   test_httpexception_dict_detail_contributes_no_message        no revision named (guard)
   test_httpexception_publishes_only_its_own_arguments          RED at 19941ad
   test_message_floors_are_measured_in_whole_strings            RED at cfafe8e
   test_mock_patch_decorator_is_not_an_http_endpoint            RED at a802345
   test_option_flags_reach_the_user_surface_commands            RED at 19941ad
   test_os_getenv_read_lands_in_config_undeclared               RED at cfafe8e
   test_package_json_still_wins_over_pyproject                  no revision named (guard)
   test_poetry_legacy_tables_are_the_fallback                   RED at cfafe8e
   test_pyproject_name_description_and_scripts                  RED at cfafe8e
   test_the_red_first_table_counts_its_own_rows                 no revision named (n/a (reads this table))
   test_tomllib_imported_at_module_level_with_the_floor_comment RED at cfafe8e
   test_unparseable_pyproject_leaves_the_survey_running         no revision named (guard)
   guard rows, green at every revision measured ['15f7264', '19941ad', '339a80d', '39e6247', '3aa48f7', '66dab76', '944c958', 'a802345', 'cfafe8e']:
       test_env_regex_still_matches_the_go_getenv               green at all
       test_httpexception_dict_detail_contributes_no_message    green at all
       test_package_json_still_wins_over_pyproject              green at all
       test_unparseable_pyproject_leaves_the_survey_running     green at all
   rows naming a commit later than cfafe8e, and their state at cfafe8e:
       test_a_black_split_declaration_still_declares_its_flag   named 66dab76 | at cfafe8e: red
       test_a_commander_option_string_still_declares_its_spellings named 19941ad | at cfafe8e: red
       test_a_dependencies_field_that_is_not_a_table_is_absent  named 39e6247 | at cfafe8e: red
       test_a_flag_named_in_another_flags_help_is_not_a_command named 944c958 | at cfafe8e: red
       test_a_flag_named_only_in_prose_is_not_a_command         named 19941ad | at cfafe8e: red
       test_a_package_json_that_is_not_an_object_is_read_as_absent named 39e6247 | at cfafe8e: red
       test_a_paren_in_a_comment_or_a_string_does_not_end_the_join named 339a80d | at cfafe8e: red
       test_a_positional_description_is_not_a_flag_spec         named 66dab76 | at cfafe8e: red
       test_a_route_whose_methods_the_join_never_read_is_not_a_get named 3aa48f7 | at cfafe8e: red
       test_a_script_target_that_is_not_a_string_is_not_a_command named 39e6247 | at cfafe8e: red
       test_detail_after_a_collection_argument_is_still_a_message named 944c958 | at cfafe8e: red
       test_every_surface_entry_carries_an_anchor               named 15f7264 | at cfafe8e: red
       test_httpexception_publishes_only_its_own_arguments      named 19941ad | at cfafe8e: red
       test_mock_patch_decorator_is_not_an_http_endpoint        named a802345 | at cfafe8e: red
       test_option_flags_reach_the_user_surface_commands        named 19941ad | at cfafe8e: red
   full red set per revision:
       15f7264 (1 red): test_every_surface_entry_carries_an_anchor
       19941ad (14 red): test_a_black_split_declaration_still_declares_its_flag, test_a_commander_option_string_still_declares_its_spellings, test_a_dependencies_field_that_is_not_a_table_is_absent, test_a_flag_named_in_another_flags_help_is_not_a_command, test_a_flag_named_only_in_prose_is_not_a_command, test_a_package_json_that_is_not_an_object_is_read_as_absent, test_a_paren_in_a_comment_or_a_string_does_not_end_the_join, test_a_positional_description_is_not_a_flag_spec, test_a_route_whose_methods_the_join_never_read_is_not_a_get, test_a_script_target_that_is_not_a_string_is_not_a_command, test_detail_after_a_collection_argument_is_still_a_message, test_every_surface_entry_carries_an_anchor, test_httpexception_publishes_only_its_own_arguments, test_option_flags_reach_the_user_surface_commands
       339a80d (5 red): test_a_dependencies_field_that_is_not_a_table_is_absent, test_a_package_json_that_is_not_an_object_is_read_as_absent, test_a_paren_in_a_comment_or_a_string_does_not_end_the_join, test_a_script_target_that_is_not_a_string_is_not_a_command, test_every_surface_entry_carries_an_anchor
       39e6247 (4 red): test_a_dependencies_field_that_is_not_a_table_is_absent, test_a_package_json_that_is_not_an_object_is_read_as_absent, test_a_script_target_that_is_not_a_string_is_not_a_command, test_every_surface_entry_carries_an_anchor
       3aa48f7 (6 red): test_a_dependencies_field_that_is_not_a_table_is_absent, test_a_package_json_that_is_not_an_object_is_read_as_absent, test_a_paren_in_a_comment_or_a_string_does_not_end_the_join, test_a_route_whose_methods_the_join_never_read_is_not_a_get, test_a_script_target_that_is_not_a_string_is_not_a_command, test_every_surface_entry_carries_an_anchor
       66dab76 (8 red): test_a_black_split_declaration_still_declares_its_flag, test_a_dependencies_field_that_is_not_a_table_is_absent, test_a_package_json_that_is_not_an_object_is_read_as_absent, test_a_paren_in_a_comment_or_a_string_does_not_end_the_join, test_a_positional_description_is_not_a_flag_spec, test_a_route_whose_methods_the_join_never_read_is_not_a_get, test_a_script_target_that_is_not_a_string_is_not_a_command, test_every_surface_entry_carries_an_anchor
       944c958 (10 red): test_a_black_split_declaration_still_declares_its_flag, test_a_dependencies_field_that_is_not_a_table_is_absent, test_a_flag_named_in_another_flags_help_is_not_a_command, test_a_package_json_that_is_not_an_object_is_read_as_absent, test_a_paren_in_a_comment_or_a_string_does_not_end_the_join, test_a_positional_description_is_not_a_flag_spec, test_a_route_whose_methods_the_join_never_read_is_not_a_get, test_a_script_target_that_is_not_a_string_is_not_a_command, test_detail_after_a_collection_argument_is_still_a_message, test_every_surface_entry_carries_an_anchor
       a802345 (15 red): test_a_black_split_declaration_still_declares_its_flag, test_a_commander_option_string_still_declares_its_spellings, test_a_dependencies_field_that_is_not_a_table_is_absent, test_a_flag_named_in_another_flags_help_is_not_a_command, test_a_flag_named_only_in_prose_is_not_a_command, test_a_package_json_that_is_not_an_object_is_read_as_absent, test_a_paren_in_a_comment_or_a_string_does_not_end_the_join, test_a_positional_description_is_not_a_flag_spec, test_a_route_whose_methods_the_join_never_read_is_not_a_get, test_a_script_target_that_is_not_a_string_is_not_a_command, test_detail_after_a_collection_argument_is_still_a_message, test_every_surface_entry_carries_an_anchor, test_httpexception_publishes_only_its_own_arguments, test_mock_patch_decorator_is_not_an_http_endpoint, test_option_flags_reach_the_user_surface_commands
       cfafe8e (25 red): test_a_black_split_declaration_still_declares_its_flag, test_a_commander_option_string_still_declares_its_spellings, test_a_dependencies_field_that_is_not_a_table_is_absent, test_a_flag_named_in_another_flags_help_is_not_a_command, test_a_flag_named_only_in_prose_is_not_a_command, test_a_package_json_that_is_not_an_object_is_read_as_absent, test_a_paren_in_a_comment_or_a_string_does_not_end_the_join, test_a_positional_description_is_not_a_flag_spec, test_a_route_whose_methods_the_join_never_read_is_not_a_get, test_a_script_target_that_is_not_a_string_is_not_a_command, test_black_split_decorator_is_anchored_to_the_at_line, test_detail_after_a_collection_argument_is_still_a_message, test_env_regex_allows_whitespace_after_the_bracket, test_every_surface_entry_carries_an_anchor, test_flask_route_reports_its_declared_methods, test_flask_route_without_methods_reports_get, test_httpexception_detail_and_positional_are_messages, test_httpexception_publishes_only_its_own_arguments, test_message_floors_are_measured_in_whole_strings, test_mock_patch_decorator_is_not_an_http_endpoint, test_option_flags_reach_the_user_surface_commands, test_os_getenv_read_lands_in_config_undeclared, test_poetry_legacy_tables_are_the_fallback, test_pyproject_name_description_and_scripts, test_tomllib_imported_at_module_level_with_the_floor_comment

== test_llmstxt.py: 18 rows, 5 revisions named ==
   test_a_package_json_that_is_not_an_object_is_read_as_absent  RED at 39e6247
   test_a_placeholder_brace_in_a_readme_line_is_not_the_summary RED at f31b144
   test_a_stub_marker_in_a_description_falls_through_to_the_next_source RED at f31b144
   test_a_stub_readme_is_not_the_header_summary                 RED at f31b144
   test_first_prose_line_is_taken_without_an_h1                 RED at cfafe8e
   test_frontmatter_description_still_wins                      no revision named (guard)
   test_header_falls_back_to_the_poetry_table                   RED at cfafe8e
   test_header_falls_back_to_the_pyproject_project_table        RED at cfafe8e
   test_html_comment_in_a_frontmatter_description_is_stripped   RED at a802345
   test_html_comment_never_reaches_a_summary                    RED at cfafe8e
   test_html_comment_never_reaches_the_header                   RED at 4ae7334
   test_multi_line_header_description_folds_to_one_line         RED at 4ae7334
   test_package_json_still_wins_for_the_header                  no revision named (guard)
   test_stub_pages_are_absent_from_llms_txt                     RED at cfafe8e
   test_the_directory_name_fallback_is_published_as_it_stands   no revision named (guard)
   test_tomllib_imported_at_module_level_with_the_floor_comment RED at cfafe8e
   test_unparseable_pyproject_does_not_break_the_header         no revision named (guard)
   test_unterminated_html_comment_publishes_nothing_after_it    RED at a802345
   guard rows, green at every revision measured ['39e6247', '4ae7334', 'a802345', 'cfafe8e', 'f31b144']:
       test_frontmatter_description_still_wins                  green at all
       test_package_json_still_wins_for_the_header              green at all
       test_the_directory_name_fallback_is_published_as_it_stands green at all
       test_unparseable_pyproject_does_not_break_the_header     green at all
   rows naming a commit later than cfafe8e, and their state at cfafe8e:
       test_a_package_json_that_is_not_an_object_is_read_as_absent named 39e6247 | at cfafe8e: red
       test_a_placeholder_brace_in_a_readme_line_is_not_the_summary named f31b144 | at cfafe8e: red
       test_a_stub_marker_in_a_description_falls_through_to_the_next_source named f31b144 | at cfafe8e: PASSES
       test_a_stub_readme_is_not_the_header_summary             named f31b144 | at cfafe8e: red
       test_html_comment_in_a_frontmatter_description_is_stripped named a802345 | at cfafe8e: red
       test_html_comment_never_reaches_the_header               named 4ae7334 | at cfafe8e: red
       test_multi_line_header_description_folds_to_one_line     named 4ae7334 | at cfafe8e: red
       test_unterminated_html_comment_publishes_nothing_after_it named a802345 | at cfafe8e: PASSES
   full red set per revision:
       39e6247 (1 red): test_a_package_json_that_is_not_an_object_is_read_as_absent
       4ae7334 (6 red): test_a_package_json_that_is_not_an_object_is_read_as_absent, test_a_placeholder_brace_in_a_readme_line_is_not_the_summary, test_a_stub_marker_in_a_description_falls_through_to_the_next_source, test_a_stub_readme_is_not_the_header_summary, test_html_comment_never_reaches_the_header, test_multi_line_header_description_folds_to_one_line
       a802345 (8 red): test_a_package_json_that_is_not_an_object_is_read_as_absent, test_a_placeholder_brace_in_a_readme_line_is_not_the_summary, test_a_stub_marker_in_a_description_falls_through_to_the_next_source, test_a_stub_readme_is_not_the_header_summary, test_html_comment_in_a_frontmatter_description_is_stripped, test_html_comment_never_reaches_the_header, test_multi_line_header_description_folds_to_one_line, test_unterminated_html_comment_publishes_nothing_after_it
       cfafe8e (12 red): test_a_package_json_that_is_not_an_object_is_read_as_absent, test_a_placeholder_brace_in_a_readme_line_is_not_the_summary, test_a_stub_readme_is_not_the_header_summary, test_first_prose_line_is_taken_without_an_h1, test_header_falls_back_to_the_poetry_table, test_header_falls_back_to_the_pyproject_project_table, test_html_comment_in_a_frontmatter_description_is_stripped, test_html_comment_never_reaches_a_summary, test_html_comment_never_reaches_the_header, test_multi_line_header_description_folds_to_one_line, test_stub_pages_are_absent_from_llms_txt, test_tomllib_imported_at_module_level_with_the_floor_comment
       f31b144 (4 red): test_a_package_json_that_is_not_an_object_is_read_as_absent, test_a_placeholder_brace_in_a_readme_line_is_not_the_summary, test_a_stub_marker_in_a_description_falls_through_to_the_next_source, test_a_stub_readme_is_not_the_header_summary

== the mutation measurements the docstrings record, re-run ==
   readme_summary's marker check deleted -> ['test_llmstxt.py::test_a_stub_readme_is_not_the_header_summary']
   one_line drops the marker but not the brace -> ['test_llmstxt.py::test_a_placeholder_brace_in_a_readme_line_is_not_the_summary']
   the floor comment replaced by a decoy naming 3.11 -> ['test_llmstxt.py::test_tomllib_imported_at_module_level_with_the_floor_comment', 'test_survey.py::test_tomllib_imported_at_module_level_with_the_floor_comment']
   the floor comment removed outright (control)     -> ['test_llmstxt.py::test_tomllib_imported_at_module_level_with_the_floor_comment', 'test_survey.py::test_tomllib_imported_at_module_level_with_the_floor_comment']

== the exceptions the three 39e6247 rows go red on, which is why they are three rows ==
   39e6247: AttributeError off a list True | TypeError unpacking one True | date not serializable True
        the `bar` control beside the dated entry goes red instead: False
   cfafe8e: AttributeError off a list True | TypeError unpacking one True | date not serializable False
        the `bar` control beside the dated entry goes red instead: True
