# evidence-cmd: rm -rf /tmp/webster-c3-stubs && mkdir -p /tmp/webster-c3-stubs/all-stubs /tmp/webster-c3-stubs/one-written && printf '%b' '---\ntitle: Items\ndoc_type: explanation\naudience: user\n---\n\n# Items\n\n<!-- webster: not written yet -->\n\n## Overview\n\n{What `create_item` does at `/dashboard` when you pass `--verbose`.}\n' > /tmp/webster-c3-stubs/all-stubs/items.md && printf '%b' '---\ntitle: Export\ndoc_type: how-to\n---\n\n# Export\n\n<!-- webster: not written yet -->\n\n## Overview\n\n{How to export.}\n' > /tmp/webster-c3-stubs/all-stubs/export.md && cp /tmp/webster-c3-stubs/all-stubs/items.md /tmp/webster-c3-stubs/one-written/ && printf '%b' '---\ntitle: Guide\ndoc_type: how-to\naudience: user\n---\n\n# Guide\n\nOpen the app and choose a store from the list.\n' > /tmp/webster-c3-stubs/one-written/guide.md && echo "--- committed fixture install/: one stub, well formed ---"; python3 plugins/webster/scripts/doctype.py check plugins/webster/tests/fixtures/repo/docs/install; echo "exit status: $?"; echo "--- all stubs, one without audience ---"; python3 plugins/webster/scripts/doctype.py check /tmp/webster-c3-stubs/all-stubs; echo "exit status: $?"; echo "--- one written page among stubs ---"; python3 plugins/webster/scripts/doctype.py check /tmp/webster-c3-stubs/one-written; echo "exit status: $?"
# evidence-for: US-005, AC-019, AC-020, AC-021, AC-043, FR-014, FR-036, FR-040

--- committed fixture install/: one stub, well formed ---
0 pages checked, 0 against a declared type, 1 stubs (frontmatter only)
no survey allowlist
1 stubs, nothing to check
exit status: 2
--- all stubs, one without audience ---
0 pages checked, 0 against a declared type, 2 stubs (frontmatter only)
no survey allowlist

DEFECTS (1)

  no-audience  (1)
      add 'audience: user', 'operator' or 'developer'. It decides what the page may be about, not just how hard the sentences may be
    export.md  the page does not say who it is for
exit status: 1
--- one written page among stubs ---
1 pages checked, 1 against a declared type, 1 stubs (frontmatter only)
no survey allowlist
every page matches its declared type
exit status: 0
