# evidence-cmd: W=$(mktemp -d); PRE=a5795d2; mkdir -p "$W/pre/scripts" "$W/pre/hooks"; git show "$PRE:plugins/foundry/scripts/install-commit-guard.sh" > "$W/pre/scripts/install-commit-guard.sh"; cp plugins/foundry/hooks/pre-commit-guard.sh "$W/pre/hooks/"; chmod +x "$W/pre/scripts/install-commit-guard.sh"; FIX=$PWD/plugins/foundry/scripts/install-commit-guard.sh; GUARD=$PWD/plugins/foundry/hooks/pre-commit-guard.sh; mk() { r="$W/$1"; rm -rf "$r"; mkdir -p "$r/scripts"; git -C "$r" init -q; git -C "$r" config user.email t@t.t; git -C "$r" config user.name T; printf '#!/bin/sh\necho "the project owns this hook"\n' > "$r/scripts/my-hook.sh"; chmod +x "$r/scripts/my-hook.sh"; git -C "$r" add -A; git -C "$r" commit -q -m init; ln -s "${2:-../../scripts/my-hook.sh}" "$r/.git/hooks/pre-commit"; }; ref="$W/ref"; mk ref; cp "$ref/scripts/my-hook.sh" "$W/original-bytes"; report() { r="$W/$1"; h="$r/.git/hooks/pre-commit"; printf '  %-42s: %s\n' "tracked target byte-identical to before" "$(cmp -s "$W/original-bytes" "$r/scripts/my-hook.sh" && echo yes || echo 'NO - rewritten')"; printf '  %-42s: %s\n' "target repo working tree" "$(s=$(git -C "$r" status --porcelain); [ -z "$s" ] && echo clean || echo "dirty ($s)")"; printf '  %-42s: %s\n' "hook path is still a symlink" "$([ -L "$h" ] && echo 'yes - never replaced' || echo no)"; printf '  %-42s: %s\n' "hook is the shipped guard, executable" "$(cmp -s "$GUARD" "$h" && [ -x "$h" ] && echo yes || echo no)"; }; echo "== D-107: installing over a version-controlled (symlinked) pre-commit hook =="; echo; echo "layout:  .git/hooks/pre-commit -> ../../scripts/my-hook.sh   (tracked, committed)"; echo; echo "installer: PRE-FIX (guild $PRE:plugins/foundry/scripts/install-commit-guard.sh)"; mk a; out=$(bash "$W/pre/scripts/install-commit-guard.sh" --project "$W/a" 2>&1); report a; printf '  %-42s: %s\n' "installer verdict" "$(printf '%s' "$out" | grep -oE 'Commit guard active' | head -1)"; echo; echo "installer: FIXED (this commit)"; mk b; out=$(bash "$FIX" --project "$W/b" 2>&1); report b; printf '  %-42s: %s\n' "report names the link it replaced" "$(printf '%s' "$out" | grep -qF -- '-> ../../scripts/my-hook.sh' && echo yes || echo no)"; printf '  %-42s: %s\n' "report resolves it to the real file" "$(printf '%s' "$out" | grep -qF -- 'resolving to:' && echo yes || echo no)"; printf '  %-42s: %s\n' "backup preserves the link, not its target" "$(bk=$(ls -d "$W/b/.git/hooks/"*.foundry-backup.* 2>/dev/null | head -1); [ -L "$bk" ] && printf 'yes -> %s' "$(readlink "$bk")" || echo no)"; printf '  %-42s: %s\n' "temp files left in the hooks directory" "$(ls -a "$W/b/.git/hooks" | grep -c foundry-install)"; echo; echo "adjacent symlink paths, FIXED installer:"; mk c ../../absent-hook.sh; out=$(bash "$FIX" --project "$W/c" 2>&1); printf '  %-42s: %s\n' "dangling link, reported as dangling" "$(printf '%s' "$out" | grep -qF 'dangling' && echo yes || echo no)"; printf '  %-42s: %s\n' "dangling link, target NOT created" "$([ -e "$W/c/absent-hook.sh" ] && echo 'NO - materialised' || echo yes)"; printf '  %-42s: %s\n' "dangling link, hook now the shipped guard" "$(cmp -s "$GUARD" "$W/c/.git/hooks/pre-commit" && echo yes || echo no)"; mk d; bash "$FIX" --project "$W/d" --no-clobber > "$W/nc.out" 2>&1; rc=$?; printf '  %-42s: %s\n' "--no-clobber over a symlink, exit code" "$rc"; printf '  %-42s: %s\n' "--no-clobber left the link intact" "$([ -L "$W/d/.git/hooks/pre-commit" ] && echo yes || echo no)"; printf '  %-42s: %s\n' "--no-clobber left the target unchanged" "$(cmp -s "$W/original-bytes" "$W/d/scripts/my-hook.sh" && echo yes || echo no)"; echo; echo "regression check: the plain-file paths TEMPER verified are unchanged"; mk e x 2>/dev/null; rm -f "$W/e/.git/hooks/pre-commit"; printf '#!/bin/sh\necho foreign\n' > "$W/e/.git/hooks/pre-commit"; chmod +x "$W/e/.git/hooks/pre-commit"; out=$(bash "$FIX" --project "$W/e" 2>&1); printf '  %-42s: %s\n' "foreign plain hook backed up and REPLACED" "$(printf '%s' "$out" | grep -qF 'REPLACED' && bk=$(ls "$W/e/.git/hooks/"*.foundry-backup.* 2>/dev/null | head -1) && grep -qF foreign "$bk" && echo yes || echo no)"; out=$(bash "$FIX" --project "$W/e" 2>&1); printf '  %-42s: %s\n' "second run is idempotent" "$(printf '%s' "$out" | grep -qF 'already installed and current' && echo yes || echo no)"; rm -rf "$W"
# evidence-for: US-005, FR-012
# evidence-timeout: 120
#
# D-107. GI-002 has start.md and resume.md run install-commit-guard.sh at the
# top of every run against every target repo, so whatever this installer does
# to a repository it does before any casting begins.
#
# It did this. `cp` and `chmod` FOLLOW a symlink at the destination: they act
# on the file the link points AT and leave the link itself standing. The layout
# under test is the ordinary way a project version-controls its hooks
# (husky/lefthook-style): the hook body is a tracked file in the work tree and
# .git/hooks/pre-commit is a relative symlink into it. Against that layout
# every branch of the installer's `case "$ACTION"` block rewrote a TRACKED
# file, left the hook unreplaced, and reported success.
#
# The PRE-FIX block is that, measured. The four rows have to be read together:
# the tracked file is rewritten, the target repo's working tree is dirty, the
# hook git will actually run is STILL the original symlink -- and the installer
# printed "Commit guard active" over all of it. The "hook is the shipped guard,
# executable: yes" row is not a contradiction, it is the mechanism. `cmp` and
# `-x` resolve through the same link, so the installer's own post-install
# verification confirmed the clobber instead of catching it. A dirty tracked
# file nobody wrote on purpose is then exactly what the next teammate's
# pathspec commit can capture.
#
# The FIXED block installs by writing a temp file inside the hooks directory
# and renaming it into place. rename(2) replaces the LINK, never what it points
# at, so the tracked file keeps its bytes and the working tree stays clean.
# And because a symlink is now foreign by construction -- this installer only
# ever copies, so it cannot have produced a link, whatever bytes sit at the far
# end -- the operator is told what was replaced, what it resolved to, and how
# to put it back. The backup is taken with `cp -P` so it preserves the LINK:
# a dereferenced backup would restore a copy of the script into a place where
# the project deliberately keeps a pointer, and the old "Restore with" command
# wrote through the link a second time, restoring the wrong file entirely.
#
# The dangling-link rows close the hole that made `-e` the wrong test. `-e`
# follows the link, so a pre-commit pointing at a path that does not exist read
# as "nothing is here" and took the plain install branch -- where `cp` refuses
# to write through a dangling symlink on both GNU and BSD, so `set -e` aborted
# on a bare `cp:` error naming no cause, in violation of this script's own exit
# contract, leaving the repo unguarded. `-L` is true for live and dangling
# links alike, and is now tested first.
#
# The last block re-drives the plain-file paths TEMPER verified as not-broken
# (a foreign hook backed up and loudly replaced, a second run idempotent),
# because the fix routes every write through one helper and those paths go
# through it too.
#
# Both installers run from the same fixture builder against freshly initialised
# repositories, so the installer is the only variable between the two blocks.
# The pre-fix one is read out of git at a pinned SHA rather than reconstructed
# by hand. Nothing volatile is printed -- no temp path, no backup timestamp,
# no duration -- so there is nothing to declare.

== D-107: installing over a version-controlled (symlinked) pre-commit hook ==

layout:  .git/hooks/pre-commit -> ../../scripts/my-hook.sh   (tracked, committed)

installer: PRE-FIX (guild a5795d2:plugins/foundry/scripts/install-commit-guard.sh)
  tracked target byte-identical to before   : NO - rewritten
  target repo working tree                  : dirty ( M scripts/my-hook.sh)
  hook path is still a symlink              : yes - never replaced
  hook is the shipped guard, executable     : yes
  installer verdict                         : Commit guard active

installer: FIXED (this commit)
  tracked target byte-identical to before   : yes
  target repo working tree                  : clean
  hook path is still a symlink              : no
  hook is the shipped guard, executable     : yes
  report names the link it replaced         : yes
  report resolves it to the real file       : yes
  backup preserves the link, not its target : yes -> ../../scripts/my-hook.sh
  temp files left in the hooks directory    : 0

adjacent symlink paths, FIXED installer:
  dangling link, reported as dangling       : yes
  dangling link, target NOT created         : yes
  dangling link, hook now the shipped guard : yes
  --no-clobber over a symlink, exit code    : 1
  --no-clobber left the link intact         : yes
  --no-clobber left the target unchanged    : yes

regression check: the plain-file paths TEMPER verified are unchanged
  foreign plain hook backed up and REPLACED : yes
  second run is idempotent                  : yes
