# evidence-cmd: sed -n 1,32p plugins/webster/scripts/survey.py; grep -n tooling plugins/webster/scripts/survey.py
# evidence-for: US-006, FR-021, CT-008

#!/usr/bin/env python3
"""Detect the stack and enumerate the real public surface of a repo.

Prints JSON. Every entry under `surface` and `user_surface` carries a file:line
anchor, because a surface item without an anchor is a claim and this script is
not allowed to make claims. The arrays whose entries carry no anchor are
`stack`, `frameworks`, `tooling`, `tests.files` and `existing_docs`. All of them
but `tooling` hold bare strings -- a language, a framework name, a path -- and a
string has nowhere to hang an anchor on. `tooling` holds records shaped like the
ones under `surface` and carries none anyway, because a tooling entry recommends
something for this repo rather than reporting something found in it, so there is
no line to send anybody to.

That census has been wrong twice, each time by naming fewer arrays than the
document prints. It opened "Every entry", flatly, which read as covering
everything below it. The narrowing that replaced it said `tooling` was the
single array whose entries carry none, which was false of `stack`, `frameworks`,
`tests.files` and `existing_docs` as well -- and the last two are paths walk()
found inside this repo, so the reason that sentence gave, that a recommendation
has no line to send anybody to, did not even separate them from `tooling`. Both
times a second copy of the claim sat in the comment above CLI_FLAG_DECL and was
corrected a cycle apart from this one. So the census is stated here and nowhere
else, and it is not stated by hand:
test_survey.py::test_every_surface_entry_carries_an_anchor reads the names out
of the sentence above and measures them against the arrays a real run prints.

There is no `sys.exit` in this file and no gate to fail: a run that reads the
repo prints the survey and returns 0, whatever it found. What that costs is
paid by the readers below -- a file this script can read but cannot use is
answered with that file's contents missing, never with the survey missing.
"""
import json, os, re, subprocess, sys
7:`stack`, `frameworks`, `tooling`, `tests.files` and `existing_docs`. All of them
8:but `tooling` hold bare strings -- a language, a framework name, a path -- and a
9:string has nowhere to hang an anchor on. `tooling` holds records shaped like the
10:ones under `surface` and carries none anyway, because a tooling entry recommends
16:everything below it. The narrowing that replaced it said `tooling` was the
20:has no line to send anybody to, did not even separate them from `tooling`. Both
136:# Python tooling.
668:# ---------------------------------------------------------------- tooling
669:tooling = []
672:        tooling.append({"tool": "typedoc", "for": "exported types and TSDoc",
674:        tooling.append({"tool": "@microsoft/api-extractor", "for": "public API surface report, catches breaking changes",
677:        tooling.append({"tool": "typedoc", "for": "exported types (no package exports declared, scope it by hand)",
680:    tooling.append({"tool": "scalar", "for": "render the existing OpenAPI spec",
683:    tooling.append({"tool": "none", "for": "no OpenAPI spec found; the HTTP surface below is the source of truth",
686:    tooling.append({"tool": "mkdocstrings", "for": "Python API reference from docstrings",
689:    tooling.append({"tool": "godoc", "for": "Go package reference", "install": "", "run": "go doc ./..."})
703:    "tooling": tooling,
