# evidence-cmd: cd plugins/webster && echo "== drift.py docstring: which not-checked status can carry a broken anchor" && sed -n "/^Where the set could not be checked/,/carries no anchor field at all/p" scripts/drift.py && echo "== no_manifest: a broken anchor in hand, listed under broken_anchors" && S="$PWD/scripts/drift.py" && d=$(cd "$(mktemp -d)" && pwd -P) && mkdir -p "$d/docs" && printf "%s\n" "A claim." "<!-- src/app/gone.py:3 -->" > "$d/docs/p.md" && (cd "$d" && python3 "$S" check docs; echo "exit=$?") | sed "s|$d|TMPDIR|g" && echo "== no_docs: returns before a page is read, so its envelope carries no anchor field" && python3 "$S" check /nonexistent-docs-dir; echo "exit=$?"
# evidence-for: FR-006, CT-001, ST-004

== drift.py docstring: which not-checked status can carry a broken anchor
Where the set could not be checked the status says that first. Five statuses take the exit
code ahead of drift, not the three this paragraph used to name: no_docs, no_manifest,
no_anchors, no_git and head_missing. Of the two it left out only no_manifest is reachable with a
broken anchor in hand — a tree whose manifest is missing or unreadable resolves every anchor it
has, lists the broken ones, and still reports no_manifest rather than drift — so the run this
paragraph described least well was the run that had a finding in it. The reason is one reason
for all five: "nothing here could be checked" is a different claim from "this was checked and
it is wrong". hashes_partial is the one exit-2 status that sits below drift instead, for the
reason its own paragraph below gives. A broken anchor found under the four of the five that
reach the anchors half — no_manifest, no_anchors, no_git and head_missing — is still listed in
broken_anchors beside the not-checked status rather than dropped, because the anchors half
runs whether or not git can answer. no_docs is the fifth, and it returns before a page is
read, so its envelope carries no anchor field at all. `clean` is reserved for a set where
== no_manifest: a broken anchor in hand, listed under broken_anchors
{
  "status": "no_manifest",
  "docs_dir": "TMPDIR/docs",
  "anchors": 1,
  "broken_anchors": [
    {
      "anchor": "src/app/gone.py:3",
      "reason": "file does not exist",
      "cited_by": [
        "docs/p.md:2"
      ]
    }
  ],
  "note": "no manifest at TMPDIR/docs/.webster.json: run `drift.py record` before `check`"
}
exit=2
== no_docs: returns before a page is read, so its envelope carries no anchor field
{"status": "no_docs", "docs_dir": "/nonexistent-docs-dir"}
exit=2
