# evidence-cmd: T=$(mktemp -d); printf "%s\n" "import importlib.util, io, json, contextlib, os, runpy, subprocess, sys, tempfile, time, types" "SRC = os.path.abspath('plugins/webster/tests/conftest.py')" "DRIFT = os.path.abspath('plugins/webster/scripts/drift.py')" "SCAFFOLD = os.path.abspath('plugins/webster/scripts/scaffold.py')" "FIXTURE = os.path.abspath('plugins/webster/tests/fixtures/repo')" "st = types.ModuleType('pytest')" "st.fixture = lambda *a, **k: (a[0] if a and callable(a[0]) else (lambda f: f))" "sys.modules['pytest'] = st" "def load(subs=()):" "    t = open(SRC, encoding='utf-8').read()" "    for old, new in subs:" "        assert old in t, old" "        t = t.replace(old, new)" "    m = types.ModuleType('c')" "    m.__file__ = SRC" "    exec(compile(t, SRC, 'exec'), m.__dict__)" "    return m" "GE = {k: os.environ[k] for k in ('PATH', 'HOME') if k in os.environ}" "GE.update({'GIT_CONFIG_GLOBAL': os.devnull, 'GIT_CONFIG_NOSYSTEM': '1'})" "" "print('[1] conftest: an import freezes the five scripts bindings; re-execution does not')" "d1, d2, here = tempfile.mkdtemp(), tempfile.mkdtemp(), os.getcwd()" "sys.argv = ['drift.py']" "spec = importlib.util.spec_from_file_location('p', DRIFT)" "os.chdir(d1)" "mod = importlib.util.module_from_spec(spec)" "spec.loader.exec_module(mod)" "first = str(mod.ROOT)" "os.chdir(d2)" "print('    imported drift.py ROOT still names the import-time cwd after chdir: %s' % (str(mod.ROOT) == first))" "again = importlib.util.module_from_spec(spec)" "spec.loader.exec_module(again)" "print('    a second exec_module from the new cwd re-binds ROOT:                %s' % (str(again.ROOT) != first))" "sys.argv = ['drift.py', 'check']" "buf, code = io.StringIO(), None" "try:" "    with contextlib.redirect_stdout(buf):" "        runpy.run_path(DRIFT, run_name='__main__')" "except SystemExit as e:" "    code = e.code" "print('    runpy.run_path drove drift.py check in process: exit %s, status %r' % (code, json.loads(buf.getvalue())['status']))" "os.chdir(here)" "" "print()" "print('[2] conftest: the other two can be driven by import + main() with sys.argv set')" "sp = importlib.util.spec_from_file_location('s', SCAFFOLD)" "sm = importlib.util.module_from_spec(sp)" "sys.modules['s'] = sm" "sp.loader.exec_module(sm)" "sys.argv = ['scaffold.py', 'init', '--docs', os.path.join(tempfile.mkdtemp(), 'docs'), '--subject', 'bad key=Bad']" "buf = io.StringIO()" "try:" "    with contextlib.redirect_stdout(buf):" "        rc = sm.main()" "except SystemExit as e:" "    rc = e.code" "print('    scaffold.py main() returned %s with status %r, no subprocess' % (rc, json.loads(buf.getvalue())['status']))" "" "print()" "print('[3] conftest: two builds in ONE process, host and zone agree with or without the offset')" "m = load([('+00:00', '')])" "hs = []" "for i in (1, 2):" "    r = m.build_fixture_repo(os.path.join(tempfile.mkdtemp(), 'r'))" "    hs.append(subprocess.run(['git', 'rev-parse', 'HEAD'], cwd=r, capture_output=True, text=True, env=GE).stdout.strip())" "print('    offsets stripped, build 1 == build 2: %s (%s)' % (hs[0] == hs[1], hs[0]))" "" "print()" "print('[4] conftest: a TZ set with os.environ + time.tzset never reaches the git child')" "os.environ['TZ'] = 'Pacific/Kiritimati'" "time.tzset()" "print('    the parent process now reports offset %s' % time.strftime('%z'))" "r = m.build_fixture_repo(os.path.join(tempfile.mkdtemp(), 'r'))" "rec = subprocess.run(['git', 'log', '--reverse', '--format=%ai'], cwd=r, capture_output=True, text=True, env=GE).stdout.splitlines()[0]" "print('    git recorded the bare-dated commit at %s' % rec.split()[-1])" "print('    the host own zone, from date +%%z:     %s' % subprocess.run(['date', '+%z'], capture_output=True, text=True, env=GE).stdout.strip())" "del os.environ['TZ']" "time.tzset()" "" "print()" "print('[5] conftest: _BASE_ENV_KEYS is what keeps a shell WEBSTER_ var out of the child')" "os.environ['WEBSTER_DOCS'] = 'leaked-from-the-developers-shell'" "guarded = load()" "leaky = load([('_BASE_ENV_KEYS = (\"PATH\", \"HOME\")', '_BASE_ENV_KEYS = tuple(os.environ)')])" "empty = tempfile.mkdtemp()" "a = json.loads(guarded.run_script('drift.py', 'check', cwd=empty).stdout)['docs_dir']" "b = json.loads(leaky.run_script('drift.py', 'check', cwd=empty).stdout)['docs_dir']" "print('    base_env() keys:              %r' % sorted(guarded.base_env()))" "print('    guard in place, drift.py saw: %r' % os.path.basename(a))" "print('    guard removed, drift.py saw:  %r' % os.path.basename(b))" "del os.environ['WEBSTER_DOCS']" "" "print()" "print('[6] conftest: a shared fixture copy would make one test mutation another test premise')" "shared = load().build_fixture_repo(os.path.join(tempfile.mkdtemp(), 'shared'))" "mp = os.path.join(shared, 'src', 'app', 'main.py')" "open(mp, 'a').write('\\n# edited by the first consumer\\n')" "print('    a second reader of the same path sees the edit: %s' % ('edited by the first consumer' in open(mp).read()))" "print('    and git reports the shared tree dirty:          %s' % bool(subprocess.run(['git', 'status', '--porcelain'], cwd=shared, capture_output=True, text=True, env=GE).stdout.strip()))" > "$T/s.py"; python3 "$T/s.py"; rm -rf "$T"; echo; echo "[7] test_harness: what a global git config does to the three queries this module runs"; G=$(mktemp -d); printf "[status]\n\trelativePaths = true\n" > "$G/rel"; printf "[alias]\n\tls-files = !echo HIJACKED\n" > "$G/alias"; for c in /dev/null "$G/rel" "$G/alias"; do printf "    %-10s " "$(basename $c)"; for q in "ls-files -z -- plugins/webster/tests/conftest.py plugins/webster/tests/test_harness.py" "ls-tree -r -z --name-only cfafe8e" "diff --name-only -z 2248efc..cfafe8e"; do printf "%s " "$(GIT_CONFIG_GLOBAL=$c GIT_CONFIG_NOSYSTEM=1 git $q | shasum | cut -c1-10)"; done; echo; done; rm -rf "$G"; echo "    (columns: ls-files | ls-tree | diff --name-only; /dev/null is the guard as shipped)"; echo; echo "[8] conftest: every file:line citation left in the two files, and the frozen targets they name"; grep -nE "\.(py|md|json|toml|txt):[0-9]+|lines? [0-9]+" plugins/webster/tests/conftest.py plugins/webster/tests/test_harness.py; echo "    plugins/forge/tests/conftest.py:545: $(sed -n 545p plugins/forge/tests/conftest.py)"; echo "    plugins/forge/tests/test_validate_spec.py:43-46:"; sed -n "43,46p" plugins/forge/tests/test_validate_spec.py; echo; echo "[9] test_harness: FR ids named by a TEST module at c3efe37, the commit before test_harness.py existed"; for id in FR-029 FR-030 FR-039 FR-042 FR-043; do printf "    %s: " "$id"; git grep -l "$id" c3efe37 -- "plugins/webster/tests/test_*.py" | sed "s|.*/||" | tr "\n" " "; echo; done
# evidence-for: US-010, FR-039, FR-029, FR-043, AC-039, GI-004, GI-007, OT-043
#
# GRIND cycle 15. The lead asked for every remaining "would", "only", "different" and "each one"
# clause in this casting's two files to be mutation-measured before it was left standing. Nine
# blocks; the three defects D-154, D-155 and D-156 have their own logs.
#
# Two clauses did not survive and are corrected in the same commit.
#
# conftest.py said that because a module-level assignment freezes at import, "for those five,
# subprocess is the only honest way to drive the script at all". Block [1] measures both halves:
# the freeze is real - an imported drift.py keeps the cwd it was imported under - but a second
# exec_module re-binds it, and runpy.run_path drives drift.py check to a real status and exit code
# inside this process. The paragraph now says what an in-process run of those five costs (a fresh
# execution per scenario, and no process boundary) rather than calling it impossible. Block [2]
# measures the other half of the same paragraph, that the two scripts reading argv inside main can
# be driven by import + main().
#
# test_harness.py's GIT_ENV comment was wrong in the same way D-156 was. Block [7]: neither a
# global status.relativePaths nor an alias shadowing ls-files changes any of the three queries
# this module runs - all three digests are equal across all three configurations. The guard stays,
# because it costs nothing and the argument for it was never the two examples; the examples do
# not.
#
# The other seven held as written:
#
#   [3] conftest FIXTURE_COMMITS: "both of those builds run in one process, on one host, in one
#       zone, and agree with or without the offset" - two offset-stripped builds, one HEAD.
#   [4] conftest build_fixture_repo: a TZ set with os.environ and time.tzset "never reaches the
#       child at all" - the parent reads +1400 while git dates the commit at the host's offset.
#   [5] conftest _BASE_ENV_KEYS: a shell WEBSTER_ var "would otherwise silently change what the
#       script under test sees" - with the key list widened to all of os.environ, drift.py read
#       the shell's WEBSTER_DOCS instead of its own default.
#   [6] conftest fixture_repo: "a shared copy would make one test's mutation another test's
#       premise" - one consumer's append is visible to the next and leaves the tree dirty.
#   [8] conftest: "line numbers appear below only for files outside this change's writable
#       surface" - what remains points at plugins/forge, which GI-007 freezes, plus
#       src/app/main.py:15, the anchor string the fixture plants rather than a citation.
#   [9] test_harness: FR-039 named by all seven test modules at c3efe37 and FR-029, FR-030,
#       FR-042 and FR-043 by none.
#
# Two clauses in these files assert nothing measurable and were left alone rather than hedged:
# conftest's "seven near-identical wrappers would drift apart" and test_harness's "a recursive
# glob would have waved the whole tree through". Both are design rationale about a shape that was
# not built, not claims about behaviour this suite can put a command behind.

[1] conftest: an import freezes the five scripts bindings; re-execution does not
    imported drift.py ROOT still names the import-time cwd after chdir: True
    a second exec_module from the new cwd re-binds ROOT:                True
    runpy.run_path drove drift.py check in process: exit 2, status 'no_docs'

[2] conftest: the other two can be driven by import + main() with sys.argv set
    scaffold.py main() returned 2 with status 'bad_subject', no subprocess

[3] conftest: two builds in ONE process, host and zone agree with or without the offset
    offsets stripped, build 1 == build 2: True (b46c0f0c9ec506a2d5be115374c4496cd8417cc4)

[4] conftest: a TZ set with os.environ + time.tzset never reaches the git child
    the parent process now reports offset +1400
    git recorded the bare-dated commit at -0600
    the host own zone, from date +%z:     -0600

[5] conftest: _BASE_ENV_KEYS is what keeps a shell WEBSTER_ var out of the child
    base_env() keys:              ['HOME', 'PATH']
    guard in place, drift.py saw: 'docs'
    guard removed, drift.py saw:  'leaked-from-the-developers-shell'

[6] conftest: a shared fixture copy would make one test mutation another test premise
    a second reader of the same path sees the edit: True
    and git reports the shared tree dirty:          True

[7] test_harness: what a global git config does to the three queries this module runs
    null       470bc583a5 84c54ae1fc 5c0e91156f 
    rel        470bc583a5 84c54ae1fc 5c0e91156f 
    alias      470bc583a5 84c54ae1fc 5c0e91156f 
    (columns: ls-files | ls-tree | diff --name-only; /dev/null is the guard as shipped)

[8] conftest: every file:line citation left in the two files, and the frozen targets they name
plugins/webster/tests/conftest.py:91:``src/app/main.py:15`` is the anchor the fixture plants and ``drift.py``
plugins/webster/tests/conftest.py:126:# in plugins/forge/tests/conftest.py, line 545 — a file outside this change's
plugins/webster/tests/conftest.py:172:# pushes the cited line `src/app/main.py:15` off the ``@app.post(...)`` decorator
plugins/webster/tests/conftest.py:231:    ``plugins/forge/tests/test_validate_spec.py``, lines 43-46, which dumps both
plugins/webster/tests/conftest.py:326:            f"commit is empty and the anchor src/app/main.py:15 stops drifting, "
plugins/webster/tests/test_harness.py:36:  ``src/app/main.py:15`` appears in both files and points inside the surface,
    plugins/forge/tests/conftest.py:545:             timeout=30,
    plugins/forge/tests/test_validate_spec.py:43-46:
    assert result.returncode == 0, (
        f"Expected exit 0 on well-formed transcript; got {result.returncode}\n"
        f"stdout:\n{result.stdout}\nstderr:\n{result.stderr}"
    )

[9] test_harness: FR ids named by a TEST module at c3efe37, the commit before test_harness.py existed
    FR-029: 
    FR-030: 
    FR-039: test_doctype.py test_drift.py test_llmstxt.py test_readme.py test_scaffold.py test_slop.py test_survey.py 
    FR-042: 
    FR-043: 
