# evidence-cmd: sh -c 'set -e; cd "$(git rev-parse --show-toplevel)"; t="$(mktemp -d)"; printf "%s\n" '"'"'import os, re, shutil, subprocess, tempfile'"'"' '"'"'ROOT = subprocess.run(["git", "rev-parse", "--show-toplevel"], capture_output=True, text=True).stdout.strip()'"'"' '"'"'SRC = os.path.join(ROOT, "plugins/webster/scripts/llmstxt.py")'"'"' '"'"'TEXT = open(SRC, encoding="utf-8").read()'"'"' '"'"'LINES = TEXT.splitlines()'"'"' '"'"'FIXTURE = os.path.join(ROOT, "plugins/webster/tests/fixtures/repo")'"'"' '"'"''"'"' '"'"'def run(root, script=SRC, docs="docs"):'"'"' '"'"'    env = {k: os.environ[k] for k in ("PATH", "HOME") if k in os.environ}'"'"' '"'"'    env.update(WEBSTER_ROOT=root, WEBSTER_DOCS=docs)'"'"' '"'"'    r = subprocess.run(["python3", script], capture_output=True, text=True, env=env, timeout=120)'"'"' '"'"'    return r.stdout, r.returncode'"'"' '"'"''"'"' '"'"'def tree(files):'"'"' '"'"'    d = tempfile.mkdtemp()'"'"' '"'"'    for rel, text in files.items():'"'"' '"'"'        p = os.path.join(d, rel)'"'"' '"'"'        os.makedirs(os.path.dirname(p), exist_ok=True)'"'"' '"'"'        open(p, "w", encoding="utf-8").write(text)'"'"' '"'"'    return d'"'"' '"'"''"'"' '"'"'def at(rev):'"'"' '"'"'    p = os.path.join(tempfile.mkdtemp(), "llmstxt-%s.py" % rev)'"'"' '"'"'    open(p, "w", encoding="utf-8").write('"'"' '"'"'        subprocess.run(["git", "-C", ROOT, "show", "%s:plugins/webster/scripts/llmstxt.py" % rev],'"'"' '"'"'                       capture_output=True, text=True).stdout)'"'"' '"'"'    return p'"'"' '"'"''"'"' '"'"'MULTI = ('"'"'"'"'"'"'"'"'[project]\nname = "multiapp"\ndescription = """\nA small item store.\n'"'"'"'"'"'"'"'"''"'"' '"'"'         '"'"'"'"'"'"'"'"'<!-- src/app/main.py:15 -->\nServed over HTTP.\n"""\n'"'"'"'"'"'"'"'"')'"'"' '"'"'IDX = {"docs/index.md": "# Guide\n\nHow to drive it.\n"}'"'"' '"'"''"'"' '"'"'print("== [1] CORRECTED -- one_line said a three-line description printed `its middle line` outside ==")'"'"' '"'"'t = tree(dict(IDX, **{"pyproject.toml": MULTI}))'"'"' '"'"'out, _ = run(t, at("4ae7334"))'"'"' '"'"'head = out.split("\n## ")[0].rstrip("\n").splitlines()'"'"' '"'"'print("   the description holds three lines; llmstxt.py at 4ae7334 published the header as:")'"'"' '"'"'for line in head:'"'"' '"'"'    print("       %r" % line)'"'"' '"'"'print("   inside the `> ` blockquote: 1 line.  outside it: %d"'"'"' '"'"'      % len([l for l in head if l and not l.startswith(("# ", "> "))]))'"'"' '"'"'out, _ = run(t)'"'"' '"'"'print("   HEAD on the same tree: %r" % [l for l in out.splitlines() if l.startswith("> ")])'"'"' '"'"'shutil.rmtree(t)'"'"' '"'"''"'"' '"'"'print()'"'"' '"'"'print("== [2] CORRECTED -- title_and_summary said the fallback produces a fragment ==")'"'"' '"'"'b = ("An item is a row in the store and a product is the thing you sell, and the two are not "'"'"' '"'"'     "the same record. " + "X" * 80 + ".")'"'"' '"'"'c = ("An item is a row in the store and a product is the thing you sell and the two are not "'"'"' '"'"'     "the same record " + "y" * 90)'"'"' '"'"'pages = {"docs/a-short.md": '"'"'"'"'"'"'"'"'---\ntitle: "Short"\n---\n\nHow to drive it.\n'"'"'"'"'"'"'"'"','"'"' '"'"'         "docs/b-boundary.md": '"'"'"'"'"'"'"'"'---\ntitle: "Boundary"\n---\n\n%s\n'"'"'"'"'"'"'"'"' % b,'"'"' '"'"'         "docs/c-nobreak.md": '"'"'"'"'"'"'"'"'---\ntitle: "Nobreak"\n---\n\n%s\n'"'"'"'"'"'"'"'"' % c}'"'"' '"'"'t = tree(dict(pages, **{"pyproject.toml": '"'"'"'"'"'"'"'"'[project]\nname = "frag"\n'"'"'"'"'"'"'"'"'}))'"'"' '"'"'out, _ = run(t)'"'"' '"'"'SOURCE = {"Short": "How to drive it.", "Boundary": b, "Nobreak": c}'"'"' '"'"'for line in sorted(l for l in out.splitlines() if l.startswith("- [")):'"'"' '"'"'    title = line[3:line.index("]")]'"'"' '"'"'    summary = line.split("): ", 1)[1]'"'"' '"'"'    print("   %-8s first body line %3d chars -> summary %3d chars, ends %r"'"'"' '"'"'          % (title, len(SOURCE[title]), len(summary), summary[-14:]))'"'"' '"'"'print("   only the line with no full stop past character 40 becomes a fragment")'"'"' '"'"'at_line = LINES.index("    text = open(path, encoding=\"utf-8\", errors=\"replace\").read()")'"'"' '"'"'print("   llmstxt.py now reads, above `text = open(path...`:")'"'"' '"'"'for n in range(at_line - 3, at_line):'"'"' '"'"'    print("       llmstxt.py:%d: %s" % (n + 1, LINES[n].strip()))'"'"' '"'"'shutil.rmtree(t)'"'"' '"'"''"'"' '"'"'print()'"'"' '"'"'print("== [3] HELD -- the module docstring'"'"'"'"'"'"'"'"'s exit contract ==")'"'"' '"'"'print("   `return 2` in llmstxt.py: %d   `return 0`: %d   `return 1`: %d"'"'"' '"'"'      % (TEXT.count("return 2"), TEXT.count("return 0"), TEXT.count("return 1")))'"'"' '"'"'t = tree({"docs/a.md": '"'"'"'"'"'"'"'"'---\ntitle: "A"\n---\n\n# A\n\n<!-- webster: not written yet -->\n'"'"'"'"'"'"'"'"','"'"' '"'"'          "docs/b.md": '"'"'"'"'"'"'"'"'---\ntitle: "B"\n---\n\n# B\n\n<!-- webster: not written yet -->\n'"'"'"'"'"'"'"'"'})'"'"' '"'"'print("   a tree of nothing but stubs -> exit %d" % run(t)[1])'"'"' '"'"'print("   no docs directory at the resolved path -> exit %d" % run(t, docs="nope")[1])'"'"' '"'"'print("   /usr/bin/python3 on this host: %s"'"'"' '"'"'      % subprocess.run(["/usr/bin/python3", "-V"], capture_output=True, text=True).stdout.strip())'"'"' '"'"'shutil.rmtree(t)'"'"' '"'"''"'"' '"'"'print()'"'"' '"'"'print("== [4] HELD -- the three routes strip_comments closes, in the order they were found ==")'"'"' '"'"'print("   call sites in llmstxt.py:")'"'"' '"'"'for n, line in enumerate(LINES, 1):'"'"' '"'"'    if "strip_comments(" in line and not line.startswith("def "):'"'"' '"'"'        print("       llmstxt.py:%d: %s" % (n, line.strip()))'"'"' '"'"'for rev in ("a802345", "4ae7334", "b520ca9"):'"'"' '"'"'    s = subprocess.run(["git", "-C", ROOT, "show", "%s:plugins/webster/scripts/llmstxt.py" % rev],'"'"' '"'"'                       capture_output=True, text=True).stdout'"'"' '"'"'    print("   %s: body %s | frontmatter %s | header via one_line %s"'"'"' '"'"'          % (rev, "HTML_COMMENT" in s, "strip_comments(frontmatter_field" in s, "def one_line" in s))'"'"' '"'"''"'"' '"'"'print()'"'"' '"'"'print("== [5] HELD -- the anchor comment the fixture page carries, and what cfafe8e published ==")'"'"' '"'"'page = open(os.path.join(FIXTURE, "docs/items/create-item.md"), encoding="utf-8").read()'"'"' '"'"'print("   fixture page carries %r: %s" % ("<!-- src/app/main.py:15 -->", "<!-- src/app/main.py:15 -->" in page))'"'"' '"'"'old, _ = run(FIXTURE, at("cfafe8e"))'"'"' '"'"'for line in old.splitlines():'"'"' '"'"'    if "create-item.md" in line:'"'"' '"'"'        print("   cfafe8e published: %s" % line)'"'"' '"'"'new, _ = run(FIXTURE)'"'"' '"'"'for line in new.splitlines():'"'"' '"'"'    if "create-item.md" in line:'"'"' '"'"'        print("   HEAD publishes:    %s" % line)'"'"' '"'"''"'"' '"'"'print()'"'"' '"'"'print("== [6] HELD -- the stub marker, the README route, and the header chain ==")'"'"' '"'"'import pathlib'"'"' '"'"'pages = sorted(pathlib.Path(FIXTURE, "docs").rglob("*.md"))'"'"' '"'"'stubs = [p for p in pages if "webster: not written yet" in p.read_text(encoding="utf-8")]'"'"' '"'"'print("   fixture docs pages: %d, of which stubs: %d" % (len(pages), len(stubs)))'"'"' '"'"'scaffold = open(os.path.join(ROOT, "plugins/webster/scripts/scaffold.py"), encoding="utf-8").read()'"'"' '"'"'for line in scaffold.splitlines():'"'"' '"'"'    if "not written yet" in line:'"'"' '"'"'        print("   scaffold.py writes the marker as: %s" % line.strip())'"'"' '"'"'print("   sources run through one_line in main():")'"'"' '"'"'for n, line in enumerate(LINES, 1):'"'"' '"'"'    if "one_line(" in line and "def one_line" not in line and n > 100:'"'"' '"'"'        print("       llmstxt.py:%d: %s" % (n, line.strip()))'"'"' '"'"'brace = os.path.join(tempfile.mkdtemp(), "{app}")'"'"' '"'"'os.makedirs(os.path.join(brace, "docs"))'"'"' '"'"'open(os.path.join(brace, "docs", "index.md"), "w", encoding="utf-8").write(IDX["docs/index.md"])'"'"' '"'"'out, _ = run(brace)'"'"' '"'"'print("   a checkout directory called {app}, with no package.json, pyproject or README:")'"'"' '"'"'print("       first line %r, blockquote lines %d" % (out.splitlines()[0], len([l for l in out.splitlines() if l.startswith("> ")])))'"'"' '"'"''"'"' '"'"'print()'"'"' '"'"'print("== [7] HELD -- body_after_frontmatter, measured by removing it ==")'"'"' '"'"'t = tree({"docs/limits.md": '"'"'"'"'"'"'"'"'---\ntitle: "Create an item"\n---\n\nProse the author wrote.\n'"'"'"'"'"'"'"'"'})'"'"' '"'"'mutant = os.path.join(tempfile.mkdtemp(), "llmstxt.py")'"'"' '"'"'open(mutant, "w", encoding="utf-8").write('"'"' '"'"'    TEXT.replace("        body = strip_comments(body_after_frontmatter(text))",'"'"' '"'"'                 "        body = strip_comments(text)"))'"'"' '"'"'print("   without it: %s" % [l for l in run(t, mutant)[0].splitlines() if l.startswith("- [")][0])'"'"' '"'"'print("   as shipped: %s" % [l for l in run(t)[0].splitlines() if l.startswith("- [")][0])'"'"' '"'"'shutil.rmtree(t)'"'"' > "$t/g.py"; python3 "$t/g.py"; rm -rf "$t"'
# evidence-for: FR-023, NFR-002, US-007, AC-028, AC-029, AC-030, AC-031
# evidence-volatile: \d+\.\d+s
# evidence-timeout: 300
#
# GRIND cycle 17, the lead-ordered sweep of scripts/llmstxt.py. Two sentences failed
# measurement; blocks [3] to [7] are the ones that held.
#
# [1] one_line's docstring said a three-line TOML description "printed its middle line
#     outside the `> ` blockquote entirely". Measured against llmstxt.py at 4ae7334, the
#     revision before the fold: two of the three lines were outside it, not one. Every
#     line after the first is.
#
# [2] title_and_summary's docstring said the body-line fallback "produces a fragment
#     whenever that line is short or runs past the cut". Neither limb holds. A short
#     whole sentence is published whole, and a 185-character line whose full stop sits
#     past character 40 is cut at that stop. Only a long line with no such stop becomes a
#     fragment, at 160 characters and an ellipsis -- which is what the code four lines
#     below the docstring already says it does.

== [1] CORRECTED -- one_line said a three-line description printed `its middle line` outside ==
   the description holds three lines; llmstxt.py at 4ae7334 published the header as:
       '# multiapp'
       ''
       '> A small item store.'
       '<!-- src/app/main.py:15 -->'
       'Served over HTTP.'
   inside the `> ` blockquote: 1 line.  outside it: 2
   HEAD on the same tree: ['> A small item store. Served over HTTP.']

== [2] CORRECTED -- title_and_summary said the fallback produces a fragment ==
   Boundary first body line 185 chars -> summary 103 chars, ends 'e same record.'
   Nobreak  first body line 192 chars -> summary 163 chars, ends 'yyyyyyyyyyy...'
   Short    first body line  16 chars -> summary  16 chars, ends 'w to drive it.'
   only the line with no full stop past character 40 becomes a fragment
   llmstxt.py now reads, above `text = open(path...`:
       llmstxt.py:143: when present. The fallback takes the first body line: published whole at 160 characters
       llmstxt.py:144: or fewer, cut at the last full stop before character 161 when one sits past character 40,
       llmstxt.py:145: and otherwise at 160 characters with an ellipsis."""

== [3] HELD -- the module docstring's exit contract ==
   `return 2` in llmstxt.py: 2   `return 0`: 1   `return 1`: 0
   a tree of nothing but stubs -> exit 2
   no docs directory at the resolved path -> exit 2
   /usr/bin/python3 on this host: Python 3.9.6

== [4] HELD -- the three routes strip_comments closes, in the order they were found ==
   call sites in llmstxt.py:
       llmstxt.py:75: line = re.sub(r"\s+", " ", strip_comments(value)).strip()
       llmstxt.py:147: title = strip_comments(frontmatter_field(text, "title")) or None
       llmstxt.py:148: summary = strip_comments(frontmatter_field(text, "description")) or None
       llmstxt.py:154: body = strip_comments(body_after_frontmatter(text))
   a802345: body True | frontmatter False | header via one_line False
   4ae7334: body True | frontmatter True | header via one_line False
   b520ca9: body True | frontmatter True | header via one_line True

== [5] HELD -- the anchor comment the fixture page carries, and what cfafe8e published ==
   fixture page carries '<!-- src/app/main.py:15 -->': True
   cfafe8e published: - [Create an item](docs/items/create-item.md): This page shows you how to add an item to your store. <!-- src/app/main.py:15 -->
   HEAD publishes:    - [Create an item](docs/items/create-item.md): This page shows you how to add an item to your store.

== [6] HELD -- the stub marker, the README route, and the header chain ==
   fixture docs pages: 13, of which stubs: 10
   scaffold.py writes the marker as: fm += ["---", "", f"# {title}", "", "<!-- webster: not written yet -->", ""]
   sources run through one_line in main():
       llmstxt.py:272: name = one_line(pkg.get("name")) or one_line(py.get("name")) or os.path.basename(ROOT)
       llmstxt.py:273: summary = (one_line(pkg.get("description")) or one_line(py.get("description"))
       llmstxt.py:274: or one_line(readme_summary(ROOT)))
   a checkout directory called {app}, with no package.json, pyproject or README:
       first line '# {app}', blockquote lines 0

== [7] HELD -- body_after_frontmatter, measured by removing it ==
   without it: - [Create an item](docs/limits.md): title: "Create an item"
   as shipped: - [Create an item](docs/limits.md): Prose the author wrote.
