# evidence-cmd: cd plugins/webster && sed -n '/# Zero pages read as writing/,/nothing to look at (FR-040, CT-004)\./p' scripts/doctype.py; printf 'neighbouring-script names inside the block: '; sed -n '/# Zero pages read as writing/,/nothing to look at (FR-040, CT-004)\./p' scripts/doctype.py | grep -c 'drift\.py\|no_anchors\|hashes_partial'; echo '--- the gate the block sits on ---'; grep -A 3 'if not pages and not defects:' scripts/doctype.py; rm -rf /tmp/webster-c3-stub; mkdir -p /tmp/webster-c3-stub/clean/docs /tmp/webster-c3-stub/defect/docs /tmp/webster-c3-stub/written/docs; printf '%s\n' '---' 'title: Items' 'doc_type: explanation' 'audience: user' '---' '' '# Items' '' 'webster: not written yet' > /tmp/webster-c3-stub/clean/docs/items.md; printf '%s\n' '---' 'title: Export' 'doc_type: how-to' 'audience: operator' '---' '' '# Export' '' 'webster: not written yet' > /tmp/webster-c3-stub/clean/docs/export.md; cp /tmp/webster-c3-stub/clean/docs/items.md /tmp/webster-c3-stub/defect/docs/items.md; printf '%s\n' '---' 'title: Export' 'doc_type: how-to' '---' '' '# Export' '' 'webster: not written yet' > /tmp/webster-c3-stub/defect/docs/export.md; cp /tmp/webster-c3-stub/clean/docs/items.md /tmp/webster-c3-stub/written/docs/items.md; printf '%s\n' '---' 'title: Guide' 'doc_type: how-to' 'audience: user' '---' '' '# Guide' '' 'Open the app and choose a store from the list.' > /tmp/webster-c3-stub/written/docs/guide.md; echo '--- all stubs, no defect: zero non-stub pages AND zero defects ---'; python3 scripts/doctype.py check /tmp/webster-c3-stub/clean/docs; echo "exit=$?"; echo '--- all stubs, one lacking audience: a defect the run did make ---'; python3 scripts/doctype.py check /tmp/webster-c3-stub/defect/docs; echo "exit=$?"; echo '--- one written page among stubs: there was something to check ---'; python3 scripts/doctype.py check /tmp/webster-c3-stub/written/docs; echo "exit=$?"
# evidence-for: FR-040, FR-014
#
# D-055. The comment justifying stub-defect precedence, beside the three shapes
# it explains. It used to end "the way a broken anchor beats no_anchors in
# drift.py", which was false twice over: drift.py appends a broken anchor only
# while iterating the anchors it has, so zero anchors implies zero broken ones
# and the state is unreachable; and where drift.py does order the two it tests
# nothing_to_measure FIRST, so no_anchors outranks drift. The block now argues
# from FR-040's own wording and names no neighbouring script (count below is 0).
    # Zero pages read as writing is not the same as every page passing. A tree of skeletons
    # resolved every rule it had and printed "every page matches its declared type", and so did
    # a docs directory holding no page at all, because this gate asked for stubs > 0 rather
    # than for pages == 0 — the stub count was never the question. `untyped` and `advisories`
    # can only be filled on the same path that increments `pages`, so defects are the only
    # other thing left to ask about, and FR-040 answers it in its own words: a frontmatter
    # defect on a stub is a real finding, and "nothing to check" is reserved for zero non-stub
    # pages AND zero defects. A run that did find something must never report that there was
    # nothing to look at (FR-040, CT-004).
neighbouring-script names inside the block: 0
--- the gate the block sits on ---
    if not pages and not defects:
        print(f"{stubs} stubs, nothing to check")
        return 2
    if not defects and not advisories and not untyped:
--- all stubs, no defect: zero non-stub pages AND zero defects ---
0 pages checked, 0 against a declared type, 2 stubs (frontmatter only)
no survey allowlist
2 stubs, nothing to check
exit=2
--- all stubs, one lacking audience: a defect the run did make ---
0 pages checked, 0 against a declared type, 2 stubs (frontmatter only)
no survey allowlist

DEFECTS (1)

  no-audience  (1)
      add 'audience: user', 'operator' or 'developer'. It decides what the page may be about, not just how hard the sentences may be
    export.md  the page does not say who it is for
exit=1
--- one written page among stubs: there was something to check ---
1 pages checked, 1 against a declared type, 1 stubs (frontmatter only)
no survey allowlist
every page matches its declared type
exit=0
