# evidence-cmd: bash -c 'd=$(mktemp -d); mkdir -p "$d/nostub" "$d/mixed"; page="---\ntitle: Guide\ndoc_type: how-to\naudience: user\n---\n\n# Guide\n\nOpen the app and choose a store from the list.\n"; stub="---\ntitle: Items\ndoc_type: how-to\naudience: user\n---\n\n# items.md\n\n<!-- webster: not written yet -->\n\n## Overview\n\n{What \`create_item\` does at \`/dashboard\` when you pass \`--verbose\`.}\n"; printf "%b" "$page" > "$d/nostub/guide.md"; printf "%b" "$page" > "$d/mixed/guide.md"; printf "%b" "$stub" > "$d/mixed/items.md"; for t in nostub mixed; do echo "== $t tree: $(ls "$d/$t" | tr "\n" " ") =="; WEBSTER_SHOW_PER_RULE=50 python3 plugins/webster/scripts/doctype.py check "$d/$t"; echo "exit $?"; echo; done; echo "== the branch that prints the sentence (doctype.py) =="; grep -n "if not defects and not advisories and not untyped" -A 5 plugins/webster/scripts/doctype.py; echo; echo "== assertions naming the pass line at de34734, the revision before 0ac652d added this test =="; git show de34734:plugins/webster/tests/test_doctype.py | grep -n "matches its declared type"; echo; echo "== and the tests they sit in =="; git show de34734:plugins/webster/tests/test_doctype.py | awk "/^def test_/{n=\$0} /matches its declared type/{print NR\": \"n}"'
# evidence-for: AC-020, AC-021, FR-014, FR-039

== nostub tree: guide.md  ==
1 pages checked, 1 against a declared type, 0 stubs (frontmatter only)
no survey allowlist
every written page matches its declared type
exit 0

== mixed tree: guide.md items.md  ==
1 pages checked, 1 against a declared type, 1 stubs (frontmatter only)
no survey allowlist
every written page matches its declared type; 1 stubs were not matched against theirs
exit 0

== the branch that prints the sentence (doctype.py) ==
1020:    if not defects and not advisories and not untyped:
1021-        matched = "every written page matches its declared type"
1022-        if stubs:
1023-            matched += f"; {stubs} stubs were not matched against theirs"
1024-        print(matched)
1025-    return 1 if defects else 0

== assertions naming the pass line at de34734, the revision before 0ac652d added this test ==
755:    assert "every page matches its declared type" not in result.stdout, (
774:    assert "every page matches its declared type" not in result.stdout, (

== and the tests they sit in ==
755: def test_tree_of_only_stubs_exits_two_with_nothing_to_check(run_script, docs_dir):
774: def test_empty_docs_tree_is_not_checked(run_script, docs_dir):
