# evidence-cmd: echo "=== CT-007: every returncode assertion binds the CompletedProcess and appends outcome() ==="; grep -n 'returncode' plugins/webster/tests/test_scaffold.py plugins/webster/tests/test_slop.py; echo "=== inline assert run_script(...) occurrences, which hide the output CT-007 requires (must be 0) ==="; grep -c 'assert run_script' plugins/webster/tests/test_scaffold.py plugins/webster/tests/test_slop.py; echo done
# evidence-for: AC-039, FR-039

=== CT-007: every returncode assertion binds the CompletedProcess and appends outcome() ===
plugins/webster/tests/test_scaffold.py:85:    assert result.returncode == 2, (
plugins/webster/tests/test_scaffold.py:87:        f"violation, and exit 1 is reserved for those; got {result.returncode}"
plugins/webster/tests/test_scaffold.py:119:    assert result.returncode == 0, (
plugins/webster/tests/test_scaffold.py:121:        f"{result.returncode}" + outcome(result)
plugins/webster/tests/test_scaffold.py:152:    assert result.returncode == 2, (
plugins/webster/tests/test_scaffold.py:155:        f"{result.returncode}" + outcome(result)
plugins/webster/tests/test_scaffold.py:188:    assert result.returncode == 0, (
plugins/webster/tests/test_scaffold.py:189:        f"Expected --help to exit 0; got {result.returncode}" + outcome(result)
plugins/webster/tests/test_scaffold.py:230:    assert built.returncode == 0, (
plugins/webster/tests/test_scaffold.py:232:        f"{built.returncode}" + outcome(built)
plugins/webster/tests/test_scaffold.py:240:    assert clean.returncode == 0, (
plugins/webster/tests/test_scaffold.py:242:        f"symlink is planted; got {clean.returncode}" + outcome(clean)
plugins/webster/tests/test_scaffold.py:253:    assert result.returncode == 2, (
plugins/webster/tests/test_scaffold.py:256:        f"those; got {result.returncode}" + outcome(result)
plugins/webster/tests/test_scaffold.py:288:    assert built.returncode == 0, (
plugins/webster/tests/test_scaffold.py:290:        f"{built.returncode}" + outcome(built)
plugins/webster/tests/test_scaffold.py:304:        assert result.returncode == 1, (
plugins/webster/tests/test_scaffold.py:307:            f"file that could not be read; got {result.returncode}"
plugins/webster/tests/test_scaffold.py:364:        assert result.returncode == code, (
plugins/webster/tests/test_scaffold.py:366:            f"{result.returncode}" + outcome(result)
plugins/webster/tests/test_slop.py:104:    assert result.returncode == 0, (
plugins/webster/tests/test_slop.py:106:        f"medium and medium never fails the gate; got {result.returncode}"
plugins/webster/tests/test_slop.py:130:    assert result.returncode == 1, (
plugins/webster/tests/test_slop.py:132:        f"got {result.returncode}" + outcome(result)
plugins/webster/tests/test_slop.py:152:    assert result.returncode == 0, (
plugins/webster/tests/test_slop.py:154:        f"got {result.returncode}" + outcome(result)
plugins/webster/tests/test_slop.py:171:    assert result.returncode == 1, (
plugins/webster/tests/test_slop.py:172:        f"Expected exit 1: the trailer names an agent; got {result.returncode}"
plugins/webster/tests/test_slop.py:195:    assert result.returncode == 0, (
plugins/webster/tests/test_slop.py:197:        f"arrows, not emoji; got {result.returncode}" + outcome(result)
plugins/webster/tests/test_slop.py:216:    assert result.returncode == 1, (
plugins/webster/tests/test_slop.py:218:        f"got {result.returncode}" + outcome(result)
plugins/webster/tests/test_slop.py:237:    assert result.returncode == 2, (
plugins/webster/tests/test_slop.py:239:        f"file nor a directory; got {result.returncode}" + outcome(result)
plugins/webster/tests/test_slop.py:261:    assert result.returncode == 2, (
plugins/webster/tests/test_slop.py:263:        f"and gone to open(); got {result.returncode}" + outcome(result)
plugins/webster/tests/test_slop.py:290:    assert result.returncode == 1, (
plugins/webster/tests/test_slop.py:293:        f"property; got {result.returncode}" + outcome(result)
=== inline assert run_script(...) occurrences, which hide the output CT-007 requires (must be 0) ===
plugins/webster/tests/test_scaffold.py:0
plugins/webster/tests/test_slop.py:0
done
