# evidence-cmd: cd plugins/webster && rm -rf /tmp/webster-c3-lens && mkdir -p /tmp/webster-c3-lens/user /tmp/webster-c3-lens/op && printf '%s\n' '---' 'title: Guide' 'doc_type: how-to' 'audience: user' '---' '' '# Guide' '' 'Run `create_item` through `APIClient`.' '' 'Edit `my_config.yaml` and read `DATABASE_URL`.' '' 'Open `/dashboard`, then `/settings/profile`.' '' 'The file `/etc/hosts.conf` stays put.' '' 'Pass `--verbose` or `-v` to see more.' > /tmp/webster-c3-lens/user/guide.md && sed 's/audience: user/audience: operator/' /tmp/webster-c3-lens/user/guide.md > /tmp/webster-c3-lens/op/guide.md; echo '--- AC-011 / AC-012 / AC-013: a user page naming symbols, routes and flags ---'; WEBSTER_SHOW_PER_RULE=50 python3 scripts/doctype.py check /tmp/webster-c3-lens/user; echo "exit=$?"; echo '--- AC-014 / FR-017: the same page as operator keeps only the symbol ---'; WEBSTER_SHOW_PER_RULE=50 python3 scripts/doctype.py check /tmp/webster-c3-lens/op; echo "exit=$?"; echo '--- AC-013 / FR-012: WEBSTER_LENS_ALLOW suppresses the long flag ---'; WEBSTER_SHOW_PER_RULE=50 WEBSTER_LENS_ALLOW=--verbose python3 scripts/doctype.py check /tmp/webster-c3-lens/user | grep -c -- '--verbose'
# evidence-for: US-003, FR-010, FR-011, FR-012, FR-017, AC-011, AC-012, AC-013, AC-014
#
# US-003. The user lens as it now fires: snake_case and acronym-initial
# PascalCase are internal symbols, any backticked /seg path is a route, the new
# FLAG regex catches long and short flags -- and a file-extension path, a
# dotted config name and an ALL-CAPS token are none of those. The operator run
# is the same page with one frontmatter word changed, so the only difference in
# its findings is the FR-017 gate. The last line counts the --verbose findings
# left once WEBSTER_LENS_ALLOW names the flag: zero.
--- AC-011 / AC-012 / AC-013: a user page naming symbols, routes and flags ---
1 pages checked, 1 against a declared type, 0 stubs (frontmatter only)
no survey allowlist

DEFECTS (6)

  wrong-lens  (6)
      write it from the screen: what the reader sees, clicks, types and gets back
    guide.md:9  a 'user' page names an internal symbol name, `create_item`
    guide.md:9  a 'user' page names an internal symbol name, `APIClient`
    guide.md:13  a 'user' page names a request route, /dashboard
    guide.md:13  a 'user' page names a request route, /settings/profile
    guide.md:17  a 'user' page names a command-line flag, `--verbose`
    guide.md:17  a 'user' page names a command-line flag, `-v`
exit=1
--- AC-014 / FR-017: the same page as operator keeps only the symbol ---
1 pages checked, 1 against a declared type, 0 stubs (frontmatter only)
no survey allowlist

DEFECTS (2)

  wrong-lens  (2)
      an operator handles config and commands, not the code underneath them
    guide.md:9  a 'operator' page names an internal symbol name, `create_item`
    guide.md:9  a 'operator' page names an internal symbol name, `APIClient`
exit=1
--- AC-013 / FR-012: WEBSTER_LENS_ALLOW suppresses the long flag ---
0
