# evidence-cmd: bash -c 'for s in af10189 ba33497 ecc7dd5 ad38ed9; do echo "===== $s ====="; git show $s:plugins/webster/scripts/slop.py | sed -n "/^def main/,/^    missing = /p" | sed "/^    missing = /d"; done; echo "===== this commit ====="; sed -n "/^def main/,/^    missing = /p" plugins/webster/scripts/slop.py | sed "/^    missing = /d"; echo; echo "===== comment lines naming llmstxt.py, per version ====="; for s in af10189 ba33497 ecc7dd5 ad38ed9; do printf "%-9s %s\n" "$s" "$(git show $s:plugins/webster/scripts/slop.py | sed -n "/^def main/,/^    missing = /p" | grep -c llmstxt.py)"; done; printf "%-9s %s\n" "this" "$(sed -n "/^def main/,/^    missing = /p" plugins/webster/scripts/slop.py | grep -c llmstxt.py)"'
# evidence-for: US-008, FR-027

===== af10189 =====
def main():
    # A target that is not there walks to nothing, and "no slop found across 0 files" reads
    # exactly like a pass. Every other script in this plugin returns 2 for a target it cannot
    # read; this one returned 0, so a typo in the docs path silently cleared the gate.
===== ba33497 =====
def main():
    # A target that is not there walks to nothing, and "no slop found across 0 files" reads
    # exactly like a pass. drift.py:269, doctype.py:931 and scaffold.py:263 each return 2 for
    # a docs directory that is not there; this one returned 0, so a typo in the docs path
    # silently cleared the gate. (survey.py still returns 0 for a root that does not exist,
    # which is why this comment names three scripts and not "every other script".)
===== ecc7dd5 =====
def main():
    # A target that is not there walks to nothing, and "no slop found across 0 files" reads
    # exactly like a pass. Three sibling scripts already answer a docs path that is not there
    # with exit 2: drift.py's no_docs envelope in main(), doctype.py's "no docs directory at"
    # line in main(), and scaffold.py's no_docs envelope in do_check. This one returned 0, so
    # a typo in the docs path silently cleared the gate. (survey.py still returns 0 for a root
    # that does not exist, which is why this names three scripts and not "every other
    # script".) Named by symbol on purpose: the line numbers this comment used to carry had
    # already slid onto unrelated code in two of the three files by the time anyone reread it.
===== ad38ed9 =====
def main():
    # A target that is not there walks to nothing, and "no slop found across 0 files" reads
    # exactly like a pass. Three sibling scripts already answer a docs path that is not there
    # with exit 2: drift.py's no_docs envelope in main(), doctype.py's "no docs directory at"
    # line in main(), and scaffold.py's no_docs envelope in do_check. This one returned 0, so
    # a typo in the docs path silently cleared the gate. (survey.py still returns 0 for a root
    # that does not exist, which is why this names three scripts and not "every other
    # script".) Named by symbol on purpose: the line numbers this comment used to carry had
    # already slid onto unrelated code in two of the three files by the time anyone reread it.
===== this commit =====
def main():
    # A target that is not there walks to nothing, and "no slop found across 0 files" reads
    # exactly like a pass. Of the six sibling scripts, four take a docs path, and all four
    # already answer one that is not there with exit 2: drift.py's no_docs envelope in main(),
    # doctype.py's and llmstxt.py's "no docs directory at" line in main(), and scaffold.py's
    # no_docs envelope in do_check. This one returned 0, so a typo in the docs path silently
    # cleared the gate. The other two take something that is not a docs path, and only one of
    # them shares the hole: rendered.py takes a built site directory and answers a missing one
    # with exit 2 as well, survey.py takes a repo root and still returns 0 for one that is not
    # there. Counted by running all six on a path that is not there, at cfafe8e and here. Two
    # earlier versions of this comment described that population wrongly, and not in the same
    # way. The first named no script and called the rest "every other script in this plugin",
    # which survey.py already made false. The three that followed named three -- drift.py,
    # doctype.py and scaffold.py -- and each refused the phrase "every other script" on
    # purpose, in a parenthesis giving survey.py as the reason it could not be said; what they
    # got wrong is which scripts, leaving llmstxt.py out of a set it belongs to. No version
    # both said three and called the remainder "every other script", and llmstxt.py is named
    # in none of them. Named by symbol on purpose: this comment used to cite three line
    # numbers, and by the time anyone reread them two had slid onto unrelated code -- one onto
    # a docstring line, one onto a shapes printer -- while only the third still pointed at the
    # check it was taken from. The numbers themselves are not repeated here, because repeating
    # them is the thing that went wrong; they are in the evidence log, read at a named commit.

===== comment lines naming llmstxt.py, per version =====
af10189   0
ba33497   0
ecc7dd5   0
ad38ed9   0
this      3
