# evidence-cmd: python3 -c "import ast,pathlib; A=lambda p:{n.name:[a.arg for a in n.args.args] for n in ast.parse(pathlib.Path(p).read_text()).body if isinstance(n,ast.FunctionDef) and n.name.startswith('test_')}; [(print('%s: %d tests, %d take run_script, %d take tmp_path' % (m,len(d),sum('run_script' in v for v in d.values()),sum('tmp_path' in v for v in d.values()))), [print(('    ' if 'tmp_path' in v else ' NO ')+k+'  '+','.join(v)) for k,v in d.items()], print()) for m,d in ((m,A('plugins/webster/tests/'+m)) for m in ('test_scaffold.py','test_slop.py'))]"
# evidence-for: FR-039

test_scaffold.py: 12 tests, 12 take run_script, 11 take tmp_path
    test_bad_subject_key_writes_nothing_and_exits_two  run_script,tmp_path
    test_valid_subject_key_creates_the_landing_page  run_script,tmp_path
    test_unwritable_docs_path_exits_two_without_a_traceback  run_script,tmp_path
    test_unwritable_subject_label_writes_nothing_and_exits_two  run_script,tmp_path
    test_unwritable_title_writes_nothing_and_exits_two  run_script,tmp_path
    test_unlistable_directory_below_the_top_level_exits_two  run_script,tmp_path
    test_unstattable_docs_directory_is_a_could_not_read  run_script,tmp_path
    test_a_refused_read_drops_the_violations_it_had_collected  run_script,tmp_path
 NO test_help_names_an_exit_set_for_both_modes  run_script
    test_unreadable_page_exits_two_without_a_traceback  run_script,tmp_path
    test_malformed_category_json_stays_a_violation  run_script,tmp_path
    test_every_documented_envelope_leads_with_status  run_script,tmp_path

test_slop.py: 10 tests, 10 take run_script, 10 take tmp_path
    test_weak_verb_page_reports_medium_and_exits_zero  run_script,tmp_path
    test_supercharge_still_exits_one  run_script,tmp_path
    test_human_co_author_trailer_exits_zero  run_script,tmp_path
    test_ai_co_author_trailer_reports_agent_attribution  run_script,tmp_path
    test_text_marks_in_headings_are_not_emoji  run_script,tmp_path
    test_presentation_emoji_in_heading_is_reported  run_script,tmp_path
    test_missing_target_exits_two  run_script,tmp_path
    test_dangling_symlink_page_exits_two  run_script,tmp_path
    test_kept_supplementary_range_reports_a_non_emoji_block  run_script,tmp_path
    test_pruned_directories_are_neither_checked_nor_counted  run_script,tmp_path

