# evidence-cmd: sh -c 'cd "$(git rev-parse --show-toplevel)" && python3 -c "import unicodedata as ud, re; B=[(\"Miscellaneous Symbols and Pictographs\",0x1F300,0x1F5FF),(\"Emoticons\",0x1F600,0x1F64F),(\"Ornamental Dingbats\",0x1F650,0x1F67F),(\"Transport and Map Symbols\",0x1F680,0x1F6FF),(\"Alchemical Symbols\",0x1F700,0x1F77F),(\"Geometric Shapes Extended\",0x1F780,0x1F7FF),(\"Supplemental Arrows-C\",0x1F800,0x1F8FF),(\"Supplemental Symbols and Pictographs\",0x1F900,0x1F9FF),(\"Chess Symbols\",0x1FA00,0x1FA6F),(\"Symbols and Pictographs Extended-A\",0x1FA70,0x1FAFF)]; W=lambda lo,hi: sum(1 for c in range(lo,hi+1) if ud.east_asian_width(chr(c))==\"W\"); print(\"unicodedata %s. Emoji_Presentation is not in the stdlib, so the offline stand-in is\" % ud.unidata_version); print(\"East_Asian_Width=W, which every Emoji_Presentation=Yes code point carries (UAX #11).\"); print(\"\"); print(\"Kept range U+1F300-U+1FAFF, block by block:\"); print(chr(10).join(\"  U+%04X-U+%04X  EAW=W: %3d  %s\" % (lo,hi,W(lo,hi),n) for n,lo,hi in B)); print(\"tiles end to end: %s, %d blocks, last ends at U+%04X\" % (all(B[i][1]==B[i-1][2]+1 for i in range(1,len(B))), len(B), B[-1][2])); none=[n for n,lo,hi in B if W(lo,hi)==0]; print(\"blocks carrying none: %d -- %s\" % (len(none), \"; \".join(none))); print(\"deliberately not in that list: Geometric Shapes Extended, which holds U+1F7E0-U+1F7EB and U+1F7F0\"); print(\"\"); print(\"Whitespace collapsed, so a name wrapped across lines still counts:\"); flat=lambda p: \" \".join(open(p,encoding=\"utf-8\").read().split()); print(chr(10).join(\"  %-14s names %d of %d: %s\" % (p.split(\"/\")[-1], len([n for n in none if n in flat(p)]), len(none), \"; \".join(n for n in none if n in flat(p))) for p in (\"plugins/webster/scripts/slop.py\",\"plugins/webster/tests/test_slop.py\"))); e=re.findall(r\"[\\\\]u([0-9a-f]{4})-[\\\\]u([0-9a-f]{4})|[\\\\]u([0-9a-f]{4})\", re.search(r\"EMOJI_PRESENTATION_BMP = [(](.*?)[)]\", open(\"plugins/webster/scripts/slop.py\",encoding=\"utf-8\").read(), re.S).group(1)); cps=[c for a,b,s in e for c in (range(int(a,16),int(b,16)+1) if s==\"\" else [int(s,16)])]; print(\"\"); print(\"BMP half: %d class entries covering %d code points; all EAW=W: %s\" % (len(e), len(cps), all(ud.east_asian_width(chr(c))==\"W\" for c in cps)))"'
# evidence-for: FR-026, AC-034, US-008
# evidence-timeout: 60

unicodedata 16.0.0. Emoji_Presentation is not in the stdlib, so the offline stand-in is
East_Asian_Width=W, which every Emoji_Presentation=Yes code point carries (UAX #11).

Kept range U+1F300-U+1FAFF, block by block:
  U+1F300-U+1F5FF  EAW=W: 559  Miscellaneous Symbols and Pictographs
  U+1F600-U+1F64F  EAW=W:  80  Emoticons
  U+1F650-U+1F67F  EAW=W:   0  Ornamental Dingbats
  U+1F680-U+1F6FF  EAW=W:  92  Transport and Map Symbols
  U+1F700-U+1F77F  EAW=W:   0  Alchemical Symbols
  U+1F780-U+1F7FF  EAW=W:  13  Geometric Shapes Extended
  U+1F800-U+1F8FF  EAW=W:   0  Supplemental Arrows-C
  U+1F900-U+1F9FF  EAW=W: 242  Supplemental Symbols and Pictographs
  U+1FA00-U+1FA6F  EAW=W:   0  Chess Symbols
  U+1FA70-U+1FAFF  EAW=W: 114  Symbols and Pictographs Extended-A
tiles end to end: True, 10 blocks, last ends at U+1FAFF
blocks carrying none: 4 -- Ornamental Dingbats; Alchemical Symbols; Supplemental Arrows-C; Chess Symbols
deliberately not in that list: Geometric Shapes Extended, which holds U+1F7E0-U+1F7EB and U+1F7F0

Whitespace collapsed, so a name wrapped across lines still counts:
  slop.py        names 4 of 4: Ornamental Dingbats; Alchemical Symbols; Supplemental Arrows-C; Chess Symbols
  test_slop.py   names 4 of 4: Ornamental Dingbats; Alchemical Symbols; Supplemental Arrows-C; Chess Symbols

BMP half: 33 class entries covering 60 code points; all EAW=W: True
