# evidence-cmd: cd plugins/foundry && for f in skills/trace/SKILL.md skills/prove/SKILL.md; do g=$(grep "^allowed-tools:" "$f"); b=$(awk "n>=2{print} /^---\$/{n++}" "$f"); for d in Foundry-Context Foundry-Defect Foundry-Next Foundry-Observation Foundry-Stream Foundry-Sync Foundry-Verdict Validate-Report Foundry-Phase Foundry-Gate Foundry-Init; do nb=$(printf "%s" "$b" | grep -cF -- "$d"); ng=$(printf "%s" "$g" | tr "," "\n" | grep -cE "^ *mcp__(plugin_foundry_)?foundry__$d\$"); printf "%s | %-20s | body=%s | grant=%s\n" "$f" "$d" "$nb" "$ng"; done; done
# evidence-for: AC-018, AC-031, AC-058, FR-023, FR-049

skills/trace/SKILL.md | Foundry-Context      | body=1 | grant=2
skills/trace/SKILL.md | Foundry-Defect       | body=3 | grant=2
skills/trace/SKILL.md | Foundry-Next         | body=5 | grant=2
skills/trace/SKILL.md | Foundry-Observation  | body=0 | grant=0
skills/trace/SKILL.md | Foundry-Stream       | body=1 | grant=2
skills/trace/SKILL.md | Foundry-Sync         | body=1 | grant=2
skills/trace/SKILL.md | Foundry-Verdict      | body=0 | grant=0
skills/trace/SKILL.md | Validate-Report      | body=1 | grant=2
skills/trace/SKILL.md | Foundry-Phase        | body=1 | grant=0
skills/trace/SKILL.md | Foundry-Gate         | body=1 | grant=0
skills/trace/SKILL.md | Foundry-Init         | body=0 | grant=0
skills/prove/SKILL.md | Foundry-Context      | body=1 | grant=2
skills/prove/SKILL.md | Foundry-Defect       | body=3 | grant=2
skills/prove/SKILL.md | Foundry-Next         | body=4 | grant=2
skills/prove/SKILL.md | Foundry-Observation  | body=1 | grant=2
skills/prove/SKILL.md | Foundry-Stream       | body=1 | grant=2
skills/prove/SKILL.md | Foundry-Sync         | body=3 | grant=2
skills/prove/SKILL.md | Foundry-Verdict      | body=2 | grant=2
skills/prove/SKILL.md | Validate-Report      | body=1 | grant=2
skills/prove/SKILL.md | Foundry-Phase        | body=1 | grant=0
skills/prove/SKILL.md | Foundry-Gate         | body=1 | grant=0
skills/prove/SKILL.md | Foundry-Init         | body=1 | grant=0
