# evidence-cmd: printf '%s' '{"user_surface":{"labels":[{"text":"createItem","anchor":"src/ui/App.tsx:1"}],"screens":[{"path":"/items","anchor":"src/ui/App.tsx:1","name":"Items"}],"commands":[{"name":"export","anchor":"src/cli/main.py:1"}],"messages":[]}}' > /tmp/webster-c3-survey.json && printf '%s' '{"user_surface": [truncated' > /tmp/webster-c3-broken.json; echo "--- WEBSTER_SURVEY loaded ---"; WEBSTER_SURVEY=/tmp/webster-c3-survey.json python3 plugins/webster/scripts/doctype.py check plugins/webster/tests/fixtures/repo/docs; echo "exit status: $?"; echo "--- WEBSTER_SURVEY unset ---"; python3 plugins/webster/scripts/doctype.py check plugins/webster/tests/fixtures/repo/docs/install; echo "exit status: $?"; echo "--- WEBSTER_SURVEY points at a missing file ---"; WEBSTER_SURVEY=/nonexistent/webster-survey.json python3 plugins/webster/scripts/doctype.py check plugins/webster/tests/fixtures/repo/docs/install; echo "exit status: $?"; echo "--- WEBSTER_SURVEY points at malformed JSON ---"; WEBSTER_SURVEY=/tmp/webster-c3-broken.json python3 plugins/webster/scripts/doctype.py check plugins/webster/tests/fixtures/repo/docs/install; echo "exit status: $?"
# evidence-for: US-004, AC-016, AC-017, FR-013, FR-035

--- WEBSTER_SURVEY loaded ---
3 pages checked, 3 against a declared type, 10 stubs (frontmatter only)
lens allowlist: 3 terms from WEBSTER_SURVEY (/tmp/webster-c3-survey.json)

DEFECTS (3)

  wrong-lens  (2)
      write it from the screen: what the reader sees, clicks, types and gets back
    items/create-item.md:16  a 'user' page names an environment variable, `DATABASE_URL`
    items/create-item.md:21  a 'user' page names part of the architecture, handler

  no-audience  (1)
      add 'audience: user', 'operator' or 'developer'. It decides what the page may be about, not just how hard the sentences may be
    items/no-audience.md  the page does not say who it is for
exit status: 1
--- WEBSTER_SURVEY unset ---
0 pages checked, 0 against a declared type, 1 stubs (frontmatter only)
no survey allowlist
1 stubs, nothing to check
exit status: 2
--- WEBSTER_SURVEY points at a missing file ---
0 pages checked, 0 against a declared type, 1 stubs (frontmatter only)
no survey allowlist: WEBSTER_SURVEY /nonexistent/webster-survey.json could not be read
1 stubs, nothing to check
exit status: 2
--- WEBSTER_SURVEY points at malformed JSON ---
0 pages checked, 0 against a declared type, 1 stubs (frontmatter only)
no survey allowlist: WEBSTER_SURVEY /tmp/webster-c3-broken.json could not be read
1 stubs, nothing to check
exit status: 2
