# evidence-cmd: sh -c 'cd "$(git rev-parse --show-toplevel)"; for rev in cfafe8e af10189 ecc7dd5 3dadc71 8387b46 5fc0761 ad38ed9 f3e30a5; do d=$(mktemp -d); cp -R plugins/webster "$d/webster"; git show "$rev:plugins/webster/scripts/scaffold.py" > "$d/webster/scripts/scaffold.py"; out=$(cd "$d/webster" && uvx pytest tests/test_scaffold.py -v -p no:cacheprovider 2>&1 | sed -E -n "s%^tests/test_scaffold\.py::([a-z_0-9]+) (PASSED|FAILED).*%\2 \1%p"); echo "--- test_scaffold.py against scaffold.py at $rev: $(printf "%s" "$out" | grep -c PASSED) passed, $(printf "%s" "$out" | grep -c FAILED) failed ---"; printf "%s\n" "$out" | sed "s%^%  %"; rm -rf "$d"; done'
# evidence-for: FR-039, AC-039
# evidence-timeout: 600

--- test_scaffold.py against scaffold.py at cfafe8e: 2 passed, 10 failed ---
  FAILED test_bad_subject_key_writes_nothing_and_exits_two
  PASSED test_valid_subject_key_creates_the_landing_page
  FAILED test_unwritable_docs_path_exits_two_without_a_traceback
  FAILED test_unwritable_subject_label_writes_nothing_and_exits_two
  FAILED test_unwritable_title_writes_nothing_and_exits_two
  FAILED test_unlistable_directory_below_the_top_level_exits_two
  FAILED test_unstattable_docs_directory_is_a_could_not_read
  FAILED test_a_refused_read_drops_the_violations_it_had_collected
  FAILED test_help_names_an_exit_set_for_both_modes
  FAILED test_unreadable_page_exits_two_without_a_traceback
  PASSED test_malformed_category_json_stays_a_violation
  FAILED test_every_documented_envelope_leads_with_status
--- test_scaffold.py against scaffold.py at af10189: 3 passed, 9 failed ---
  PASSED test_bad_subject_key_writes_nothing_and_exits_two
  PASSED test_valid_subject_key_creates_the_landing_page
  FAILED test_unwritable_docs_path_exits_two_without_a_traceback
  FAILED test_unwritable_subject_label_writes_nothing_and_exits_two
  FAILED test_unwritable_title_writes_nothing_and_exits_two
  FAILED test_unlistable_directory_below_the_top_level_exits_two
  FAILED test_unstattable_docs_directory_is_a_could_not_read
  FAILED test_a_refused_read_drops_the_violations_it_had_collected
  FAILED test_help_names_an_exit_set_for_both_modes
  FAILED test_unreadable_page_exits_two_without_a_traceback
  PASSED test_malformed_category_json_stays_a_violation
  FAILED test_every_documented_envelope_leads_with_status
--- test_scaffold.py against scaffold.py at ecc7dd5: 4 passed, 8 failed ---
  PASSED test_bad_subject_key_writes_nothing_and_exits_two
  PASSED test_valid_subject_key_creates_the_landing_page
  PASSED test_unwritable_docs_path_exits_two_without_a_traceback
  FAILED test_unwritable_subject_label_writes_nothing_and_exits_two
  FAILED test_unwritable_title_writes_nothing_and_exits_two
  FAILED test_unlistable_directory_below_the_top_level_exits_two
  FAILED test_unstattable_docs_directory_is_a_could_not_read
  FAILED test_a_refused_read_drops_the_violations_it_had_collected
  FAILED test_help_names_an_exit_set_for_both_modes
  FAILED test_unreadable_page_exits_two_without_a_traceback
  PASSED test_malformed_category_json_stays_a_violation
  FAILED test_every_documented_envelope_leads_with_status
--- test_scaffold.py against scaffold.py at 3dadc71: 5 passed, 7 failed ---
  PASSED test_bad_subject_key_writes_nothing_and_exits_two
  PASSED test_valid_subject_key_creates_the_landing_page
  PASSED test_unwritable_docs_path_exits_two_without_a_traceback
  FAILED test_unwritable_subject_label_writes_nothing_and_exits_two
  FAILED test_unwritable_title_writes_nothing_and_exits_two
  FAILED test_unlistable_directory_below_the_top_level_exits_two
  FAILED test_unstattable_docs_directory_is_a_could_not_read
  FAILED test_a_refused_read_drops_the_violations_it_had_collected
  FAILED test_help_names_an_exit_set_for_both_modes
  PASSED test_unreadable_page_exits_two_without_a_traceback
  PASSED test_malformed_category_json_stays_a_violation
  FAILED test_every_documented_envelope_leads_with_status
--- test_scaffold.py against scaffold.py at 8387b46: 6 passed, 6 failed ---
  PASSED test_bad_subject_key_writes_nothing_and_exits_two
  PASSED test_valid_subject_key_creates_the_landing_page
  PASSED test_unwritable_docs_path_exits_two_without_a_traceback
  FAILED test_unwritable_subject_label_writes_nothing_and_exits_two
  FAILED test_unwritable_title_writes_nothing_and_exits_two
  FAILED test_unlistable_directory_below_the_top_level_exits_two
  FAILED test_unstattable_docs_directory_is_a_could_not_read
  FAILED test_a_refused_read_drops_the_violations_it_had_collected
  FAILED test_help_names_an_exit_set_for_both_modes
  PASSED test_unreadable_page_exits_two_without_a_traceback
  PASSED test_malformed_category_json_stays_a_violation
  PASSED test_every_documented_envelope_leads_with_status
--- test_scaffold.py against scaffold.py at 5fc0761: 10 passed, 2 failed ---
  PASSED test_bad_subject_key_writes_nothing_and_exits_two
  PASSED test_valid_subject_key_creates_the_landing_page
  PASSED test_unwritable_docs_path_exits_two_without_a_traceback
  PASSED test_unwritable_subject_label_writes_nothing_and_exits_two
  PASSED test_unwritable_title_writes_nothing_and_exits_two
  PASSED test_unlistable_directory_below_the_top_level_exits_two
  FAILED test_unstattable_docs_directory_is_a_could_not_read
  PASSED test_a_refused_read_drops_the_violations_it_had_collected
  FAILED test_help_names_an_exit_set_for_both_modes
  PASSED test_unreadable_page_exits_two_without_a_traceback
  PASSED test_malformed_category_json_stays_a_violation
  PASSED test_every_documented_envelope_leads_with_status
--- test_scaffold.py against scaffold.py at ad38ed9: 12 passed, 0 failed ---
  PASSED test_bad_subject_key_writes_nothing_and_exits_two
  PASSED test_valid_subject_key_creates_the_landing_page
  PASSED test_unwritable_docs_path_exits_two_without_a_traceback
  PASSED test_unwritable_subject_label_writes_nothing_and_exits_two
  PASSED test_unwritable_title_writes_nothing_and_exits_two
  PASSED test_unlistable_directory_below_the_top_level_exits_two
  PASSED test_unstattable_docs_directory_is_a_could_not_read
  PASSED test_a_refused_read_drops_the_violations_it_had_collected
  PASSED test_help_names_an_exit_set_for_both_modes
  PASSED test_unreadable_page_exits_two_without_a_traceback
  PASSED test_malformed_category_json_stays_a_violation
  PASSED test_every_documented_envelope_leads_with_status
--- test_scaffold.py against scaffold.py at f3e30a5: 12 passed, 0 failed ---
  PASSED test_bad_subject_key_writes_nothing_and_exits_two
  PASSED test_valid_subject_key_creates_the_landing_page
  PASSED test_unwritable_docs_path_exits_two_without_a_traceback
  PASSED test_unwritable_subject_label_writes_nothing_and_exits_two
  PASSED test_unwritable_title_writes_nothing_and_exits_two
  PASSED test_unlistable_directory_below_the_top_level_exits_two
  PASSED test_unstattable_docs_directory_is_a_could_not_read
  PASSED test_a_refused_read_drops_the_violations_it_had_collected
  PASSED test_help_names_an_exit_set_for_both_modes
  PASSED test_unreadable_page_exits_two_without_a_traceback
  PASSED test_malformed_category_json_stays_a_violation
  PASSED test_every_documented_envelope_leads_with_status
