# evidence-cmd: sh -c 'cd "$(git rev-parse --show-toplevel)/plugins/webster" && echo "--- what the suite collects (OT-036) ---" && uvx pytest --collect-only -q -p no:cacheprovider 2>&1 | tail -1 && echo && echo "--- per module, the test functions each defines ---" && for f in tests/test_*.py; do printf "%-24s %s\n" "$f" "$(grep -c '"'"'^def test'"'"' $f)"; done && printf "%-24s %s\n" "TOTAL" "$(grep -ch '"'"'^def test'"'"' tests/test_*.py | paste -sd+ - | bc)" && echo && echo "--- the number README.md pins, and the module that reads it back (FR-038, AC-042, US-010) ---" && grep -nE "^[0-9]+ passing across [a-z]+ modules\." README.md && uvx pytest -q -p no:cacheprovider tests/test_readme.py 2>&1 | tail -3'
# evidence-for: US-010, FR-038, AC-042, OT-036
# evidence-timeout: 300
# evidence-volatile: [0-9]+\.[0-9]+s

--- what the suite collects (OT-036) ---
147 tests collected in 0.02s

--- per module, the test functions each defines ---
tests/test_doctype.py    34
tests/test_drift.py      32
tests/test_harness.py    5
tests/test_llmstxt.py    18
tests/test_readme.py     6
tests/test_scaffold.py   12
tests/test_slop.py       10
tests/test_survey.py     30
TOTAL                    147

--- the number README.md pins, and the module that reads it back (FR-038, AC-042, US-010) ---
179:147 passing across eight modules. Every module but `tests/test_readme.py` drives a script the
......                                                                   [100%]
6 passed in 0.05s
