# evidence-cmd: sh -c 'cd "$(git rev-parse --show-toplevel)" && python3 -c "import ast,re,subprocess as sp; raw=lambda s: sp.run([\"git\",\"log\",\"--oneline\",\"--abbrev=7\",\"--reverse\",\"cfafe8e..HEAD\",\"--\",s],capture_output=True,text=True).stdout.rstrip(); g=lambda s: [\"cfafe8e\"]+[l.split()[0] for l in raw(s).splitlines()]; d=lambda m: re.findall(r\"\b[0-9a-f]{7}\b\", re.search(r\"in order: (.*?)—\", ast.get_docstring(ast.parse(open(m,encoding=\"utf-8\").read())), re.S).group(1)); rep=lambda s,m: \"git log --oneline --reverse cfafe8e..HEAD -- %s\n%s\n\n  from git, AC-039 baseline first : %s\n  from %-22s : %s\n  identical                       : %s\" % (s, raw(s), \" \".join(g(s)), m.split(\"/\")[-1], \" \".join(d(m)), d(m)==g(s)); S=(\"plugins/webster/scripts/slop.py\",\"plugins/webster/tests/test_slop.py\"); C=(\"plugins/webster/scripts/scaffold.py\",\"plugins/webster/tests/test_scaffold.py\"); print(rep(*S)); print(\"\"); print(rep(*C)); print(\"\"); print(\"both lists closed: %s\" % (d(S[1])==g(S[0]) and d(C[1])==g(C[0])))"'
# evidence-for: FR-039, AC-039
# evidence-timeout: 60

git log --oneline --reverse cfafe8e..HEAD -- plugins/webster/scripts/slop.py
af10189 fix(webster): slop.py fails on real tells only, and scaffold.py checks before it writes
ba33497 fix(webster): the unreadable target slop.py reported as slop, and the range comment that spoke for Unicode
ecc7dd5 fix(webster): the write scaffold.py could not make, and the lines its comments pointed at
ad38ed9 fix(webster): the read that answered a refusal as an absence, and two sentences about the wrong population
f33f7c2 fix(webster): the row recorded as unfailable, and the sibling count that left one out
f3e30a5 fix(webster): the fourth block the emoji comment never counted, and the fifth entry scaffold.py left off its own tree

  from git, AC-039 baseline first : cfafe8e af10189 ba33497 ecc7dd5 ad38ed9 f33f7c2 f3e30a5
  from test_slop.py           : cfafe8e af10189 ba33497 ecc7dd5 ad38ed9 f33f7c2 f3e30a5
  identical                       : True

git log --oneline --reverse cfafe8e..HEAD -- plugins/webster/scripts/scaffold.py
af10189 fix(webster): slop.py fails on real tells only, and scaffold.py checks before it writes
ecc7dd5 fix(webster): the write scaffold.py could not make, and the lines its comments pointed at
3dadc71 fix(webster): the exit contract scaffold.py never published, and the page it read through a bare open()
8387b46 fix(webster): the exit contract scaffold.py published but did not keep, and two assertions that swallowed their own output
5fc0761 fix(webster): the walk that skipped what it could not list, and the argv byte no page could hold
ad38ed9 fix(webster): the read that answered a refusal as an absence, and two sentences about the wrong population
f3e30a5 fix(webster): the fourth block the emoji comment never counted, and the fifth entry scaffold.py left off its own tree

  from git, AC-039 baseline first : cfafe8e af10189 ecc7dd5 3dadc71 8387b46 5fc0761 ad38ed9 f3e30a5
  from test_scaffold.py       : cfafe8e af10189 ecc7dd5 3dadc71 8387b46 5fc0761 ad38ed9 f3e30a5
  identical                       : True

both lists closed: True
