# evidence-cmd: cd "$(git rev-parse --show-toplevel)"; T=$(mktemp -d); printf '%s\n' 'import json, os, re, shutil, subprocess, sys, tempfile, types' 'from collections import Counter' '' 'ROOT = os.path.abspath(".")' 'DRIFT = "plugins/webster/scripts/drift.py"' 'CONF = "plugins/webster/tests/conftest.py"' 'BASE = {k: os.environ[k] for k in ("PATH", "HOME") if k in os.environ}' 'GITENV = dict(BASE, GIT_AUTHOR_NAME="t", GIT_AUTHOR_EMAIL="t@t", GIT_COMMITTER_NAME="t",' '              GIT_COMMITTER_EMAIL="t@t", GIT_CONFIG_GLOBAL=os.devnull, GIT_CONFIG_NOSYSTEM="1")' 'W = tempfile.mkdtemp()' 'def scrub(s):' '    return s.replace(os.path.realpath(W), "<TMP>").replace(W, "<TMP>")' 'def sh(a, cwd=None, env=None):' '    return subprocess.run(a, cwd=cwd, capture_output=True, text=True, timeout=300,' '                          env=env if env is not None else BASE)' '' 'stub = types.ModuleType("pytest")' 'stub.fixture = lambda *a, **k: (a[0] if a and callable(a[0]) else (lambda f: f))' 'sys.modules["pytest"] = stub' 'c = types.ModuleType("c"); c.__file__ = os.path.abspath(CONF)' 'exec(compile(open(CONF, encoding="utf-8").read(), CONF, "exec"), c.__dict__)' '' 'N = [0]' 'def repo():' '    N[0] += 1' '    return c.build_fixture_repo(os.path.join(W, "r%d" % N[0], "repo"))' 'def g(r, *a, **k):' '    return subprocess.run(["git", *a], cwd=str(r), capture_output=True, text=True,' '                          env=GITENV, **k)' '# The script under test is always a COPY. Nothing here writes into the work tree:' '# an evidence run that mutated drift.py would discard the very edit it documents.' 'SCRIPT = [os.path.join(ROOT, DRIFT)]' 'def drift(r, *a, env=None):' '    e = dict(BASE); e.update(env or {})' '    return subprocess.run(["python3", SCRIPT[0], *a], cwd=str(r),' '                          capture_output=True, text=True, timeout=300, env=e)' 'def at(rev):' '    d = os.path.join(W, "rev-%s" % rev); os.makedirs(d, exist_ok=True)' '    path = os.path.join(d, "drift.py")' '    open(path, "w", encoding="utf-8").write(' '        sh(["git", "show", "%s:%s" % (rev, DRIFT)]).stdout)' '    SCRIPT[0] = path' 'def restore():' '    SCRIPT[0] = os.path.join(ROOT, DRIFT)' 'def env(r, *a, **k):' '    return json.loads(drift(r, *a, **k).stdout)' '' 'bar = "=" * 78' 'print(bar)' 'print("SWEEP LEDGER -- plugins/webster/scripts/drift.py")' 'print("Every factual claim in the prose, measured against the code, a run, or git")' 'print("history before it was left standing. CORRECTED rows carry the measurement")' 'print("that failed the old sentence; HELD rows carry the measurement that kept it.")' 'print(bar)' 'print()' '' 'print("[0] the population, fixed by git blame rather than by choosing")' 'blame = sh(["git", "blame", "-s", "HEAD", "--", DRIFT]).stdout.splitlines()' 'for sha, n in Counter(l.split()[0] for l in blame).most_common():' '    subj = sh(["git", "log", "-1", "--format=%s", sha]).stdout.strip()' '    print("    %-10s %3d  %s" % (sha, n, subj[:56]))' 'print("    %d lines in all." % len(blame))' 'print()' '' 'print("[1] CORRECTED -- collect_anchors said anchors are read \"from a frontmatter")' 'print("    `sources:` list\". drift.py has no `sources:` handling; the frontmatter")' 'print("    block is scanned whole.")' 'src = open(os.path.join(ROOT, DRIFT), encoding="utf-8").read()' 'print("    lines of drift.py mentioning `sources` at all: %d, none of them code"' '      % sum(1 for l in src.splitlines() if "sources" in l))' 'print("    the frontmatter branch matches ANCHOR over the whole block, keyed on nothing:")' 'for l in src.splitlines():' '    if "text[3:end]" in l:' '        print("      %s" % l.strip())' 'r = repo()' 'open(os.path.join(r, "docs", "prose.md"), "w", encoding="utf-8").write(' '    '"'"'---\nsidebar_position: 70\ntitle: "Prose"\ndoc_type: explanation\naudience: user\n---\n\n'"'"'' '    "# Prose\n\nThe parser lives at src/cli/main.py:1 in the tree.\n")' 'print("    a file:line in VISIBLE PROSE -> anchors recorded: %d (the fixture'"'"'s own)"' '      % env(r, "record", "docs")["anchors"])' 'r = repo()' 'open(os.path.join(r, "docs", "fm.md"), "w", encoding="utf-8").write(' '    '"'"'---\nsidebar_position: 70\ntitle: "See src/cli/main.py:1 for the parser"\n'"'"'' '    '"'"'doc_type: explanation\naudience: user\n---\n\n# FM\n\nText.\n'"'"')' 'rec = env(r, "record", "docs")' 'man = json.load(open(os.path.join(r, "docs", ".webster.json"), encoding="utf-8"))' 'print("    a file:line in a `title:`, NOT under any sources: key -> anchors: %d %s"' '      % (rec["anchors"], sorted(man["anchors"])))' 'print("    => the sentence named a mechanism the parser does not have.")' 'print()' '' 'print("[2] CORRECTED -- resolves() said the line-0 state \"was permanent and no edit")' 'print("    to the citation could clear it\". Measured at 19941ad, the revision the")' 'print("    test names, driving the same fixture four ways:")' 'at("19941ad")' 'r = repo()' 'faq = os.path.join(r, "docs", "faq.md")' 'orig = open(faq, encoding="utf-8").read()' 'open(faq, "w", encoding="utf-8").write(orig + "\nSee the top. <!-- src/cli/main.py:0 -->\n")' 'rec = env(r, "record", "docs")' 'd = env(r, "check", "docs")' 'print("      record            -> anchors %d, lineHashes %d" % (rec["anchors"], rec["lineHashes"]))' 'print("      check             -> %s, unhashed %s" % (d["status"], d["unhashed_anchors"]))' 'print("      note              -> %s" % d["note"].split(";")[0])' 'env(r, "record", "docs")' 'd = env(r, "check", "docs")' 'print("      re-record, check  -> %s   (the one thing the note asked for)" % d["status"])' 'open(faq, "w", encoding="utf-8").write(orig + "\nSee the top. <!-- src/cli/main.py:1 -->\n")' 'env(r, "record", "docs")' 'print("      citation :0 -> :1 -> %s   (cleared)" % env(r, "check", "docs")["status"])' 'r2 = repo()' 'faq2 = os.path.join(r2, "docs", "faq.md")' 'o2 = open(faq2, encoding="utf-8").read()' 'open(faq2, "w", encoding="utf-8").write(o2 + "\nSee the top. <!-- src/cli/main.py:0 -->\n")' 'env(r2, "record", "docs")' 'open(faq2, "w", encoding="utf-8").write(o2)' 'env(r2, "record", "docs")' 'print("      citation dropped  -> %s   (cleared)" % env(r2, "check", "docs")["status"])' 'restore()' 'print("    => re-recording could not clear it; an edit to the citation could.")' 'print()' '' 'print("[3] CORRECTED -- the module docstring listed no_anchors among the statuses a")' 'print("    broken anchor is \"found under\". A no_anchors run fires on a set with no")' 'print("    anchor in it, and broken_anchors is walked out of that same set:")' 'r = repo(); rec = env(r, "record", "docs")["gitHead"]' 'g(r, "reset", "--hard", "-q", "HEAD~1"); g(r, "reflog", "expire", "--expire=now", "--all")' 'g(r, "gc", "--prune=now", "-q")' 'open(os.path.join(r, "src", "app", "main.py"), "w", encoding="utf-8").write("only one line\n")' 'd = env(r, "check", "docs")' 'print("      %-14s broken_anchors %s"' '      % (d["status"], [b["anchor"] for b in d["broken_anchors"]]))' 'r = repo(); env(r, "record", "docs")' 'open(os.path.join(r, "src", "app", "main.py"), "w", encoding="utf-8").write("only one line\n")' 'shutil.rmtree(os.path.join(r, ".git"))' 'd = env(r, "check", "docs")' 'print("      %-14s broken_anchors %s"' '      % (d["status"], [b["anchor"] for b in d["broken_anchors"]]))' 'r = repo()' 'open(os.path.join(r, "src", "app", "main.py"), "w", encoding="utf-8").write("only one line\n")' 'd = env(r, "check", "docs")' 'print("      %-14s broken_anchors %s"' '      % (d["status"], [b["anchor"] for b in d["broken_anchors"]]))' 'r = repo(); shutil.rmtree(os.path.join(r, "docs")); os.mkdir(os.path.join(r, "docs"))' 'env(r, "record", "docs"); d = env(r, "check", "docs")' 'print("      %-14s broken_anchors %s  <- can never hold one"' '      % (d["status"], [b["anchor"] for b in d["broken_anchors"]]))' 'print("    => three of the five can be holding one, not four.")' 'print()' '' 'print("[4] CORRECTED -- \"an anchors map hand-edited out of the manifest reaches this")' 'print("    same count\" reads as the whole key removed, which reaches a different")' 'print("    count. Both readings measured, one entry vs the whole key:")' 'MDX = "src/cli/main.py:1"' 'for label, drop_key in (("whole `anchors` key removed", True), ("one anchors ENTRY removed", False)):' '    r = repo()' '    faq = os.path.join(r, "docs", "faq.md")' '    open(faq, "a", encoding="utf-8").write("\nThe command line parses first. <!-- %s -->\n" % MDX)' '    env(r, "record", "docs")' '    mp = os.path.join(r, "docs", ".webster.json")' '    m = json.load(open(mp, encoding="utf-8"))' '    m.pop("anchors") if drop_key else m["anchors"].pop(MDX)' '    del m["lineHashes"][MDX]' '    open(mp, "w", encoding="utf-8").write(json.dumps(m, indent=2))' '    d = env(r, "check", "docs")' '    print("      %-28s -> %-14s unhashed %s docs_edited %s"' '          % (label, d["status"], d["unhashed_anchors"], d["docs_edited_since_record"]))' 'print("    => only the entry reading reaches the `added` count; the sentence now says so.")' 'print()' '' 'print("[5] HELD -- git(): the .strip() that mangled exactly the first record")' 'r = repo(); env(r, "record", "docs")' 'mp = os.path.join(r, "src", "app", "main.py")' 'open(mp, "a", encoding="utf-8").write("# edit\n")' 'out = g(r, "--no-pager", "status", "--short", "--untracked-files=all").stdout' 'print("      first two records   %r" % out.splitlines()[:2])' 'print("      after .strip()      %r" % out.strip().splitlines()[0])' 'print("      after the [3:] slice %r" % out.strip().splitlines()[0][3:])' 'print()' '' 'print("[6] HELD -- porcelain -z: rename fields new-then-old, and no quoting")' 'r = repo(); g(r, "mv", "src/app/main.py", "src/app/server.py")' 'print("      -z rename record   %r"' '      % g(r, "--no-pager", "status", "--porcelain", "-z", "--untracked-files=all").stdout.split("\0"))' 'r = repo()' 'open(os.path.join(r, "src", "app", "café.py"), "w", encoding="utf-8").write("x\n")' 'print("      v1  non-ASCII path %r"' '      % g(r, "--no-pager", "status", "--porcelain", "--untracked-files=all").stdout.splitlines()[-1])' 'print("      -z  non-ASCII path %r"' '      % g(r, "--no-pager", "status", "--porcelain", "-z", "--untracked-files=all").stdout.split("\0")[-2])' 'print()' '' 'print("[7] HELD -- --porcelain is immune to status.relativePaths and color.status;")' 'print("    --short is not. Run from src/app with the cited file dirty:")' 'r = repo()' 'open(os.path.join(r, "src", "app", "main.py"), "a", encoding="utf-8").write("# e\n")' 'sub = os.path.join(r, "src", "app")' 'for cfg in ([], ["-c", "status.relativePaths=true"], ["-c", "color.status=always"]):' '    o = subprocess.run(["git", *cfg, "status", "--porcelain", "-z"], cwd=sub,' '                       capture_output=True, text=True, env=GITENV).stdout' '    print("      porcelain %-34s %r" % (" ".join(cfg) or "(no config)", o))' 'o = subprocess.run(["git", "-c", "status.relativePaths=true", "status", "--short"], cwd=sub,' '                   capture_output=True, text=True, env=GITENV).stdout' 'print("      --short   %-34s %r" % ("status.relativePaths=true", o))' 'print()' '' 'print("[8] HELD -- commit_exists: reset --hard alone leaves the commit findable;")' 'print("    only expiring the reflog and pruning removes it, and the diff then exits 128")' 'r = repo(); head = g(r, "rev-parse", "HEAD").stdout.strip()' 'g(r, "reset", "--hard", "-q", "HEAD~1")' 'print("      after reset --hard        rev-parse --verify --quiet exit %d"' '      % g(r, "rev-parse", "--verify", "--quiet", "%s^{commit}" % head).returncode)' 'g(r, "reflog", "expire", "--expire=now", "--all"); g(r, "gc", "--prune=now", "-q")' 'print("      after reflog expire + gc  rev-parse --verify --quiet exit %d"' '      % g(r, "rev-parse", "--verify", "--quiet", "%s^{commit}" % head).returncode)' 'print("      diff --name-only OLD..HEAD exit %d"' '      % g(r, "diff", "--name-only", "%s..HEAD" % head).returncode)' 'print()' '' 'print("[9] HELD -- repo_prefix: 457658b printed clean under a HOME carrying")' 'print("    diff.relative and drift under one without; HEAD pins --no-relative")' 'devhome = os.path.join(W, "devhome"); os.makedirs(devhome, exist_ok=True)' 'open(os.path.join(devhome, ".gitconfig"), "w", encoding="utf-8").write("[diff]\n\trelative = true\n")' 'plainhome = os.path.join(W, "plainhome"); os.makedirs(plainhome, exist_ok=True)' 'def monorepo():' '    base = repo()' '    mono = os.path.join(W, "m%d" % N[0]); site = os.path.join(mono, "site")' '    os.makedirs(mono)' '    shutil.copytree(base, site, ignore=shutil.ignore_patterns(".git"))' '    g(mono, "-c", "init.defaultBranch=main", "init", "-q", ".")' '    g(mono, "add", "-A"); g(mono, "commit", "-q", "-m", "below root")' '    env(site, "record", "docs")' '    cp = os.path.join(site, "src", "app", "main.py")' '    open(cp, "a", encoding="utf-8").write("\n# committed edit\n")' '    g(site, "add", "--", "src/app/main.py"); g(site, "commit", "-q", "-m", "edit cited")' '    return site' 'for rev in ("457658b", "HEAD"):' '    at(rev) if rev != "HEAD" else restore()' '    for label, home in (("HOME with diff.relative", devhome), ("HOME without       ", plainhome)):' '        site = monorepo()' '        p = drift(site, "check", "docs", env={"HOME": home})' '        print("      %-8s %s -> %-18s exit %d"' '              % (rev, label, json.loads(p.stdout)["status"], p.returncode))' 'restore()' 'print()' '' 'print("[10] HELD -- GitUnavailable: the three failures replayed at cfafe8e")' 'at("cfafe8e")' 'r = repo(); env(r, "record", "docs"); shutil.rmtree(os.path.join(r, ".git"))' 'p = drift(r, "check", "docs")' 'print("      no git at all        -> %-8s exit %d" % (json.loads(p.stdout)["status"], p.returncode))' 'r = repo(); head = env(r, "record", "docs")["gitHead"]' 'g(r, "reset", "--hard", "-q", "HEAD~1"); g(r, "reflog", "expire", "--expire=now", "--all")' 'g(r, "gc", "--prune=now", "-q")' 'p = drift(r, "check", "docs")' 'print("      recorded HEAD gone   -> %-8s exit %d" % (json.loads(p.stdout)["status"], p.returncode))' 'base = repo(); fresh = os.path.join(W, "fresh")' 'shutil.copytree(base, fresh, ignore=shutil.ignore_patterns(".git"))' 'g(fresh, "-c", "init.defaultBranch=main", "init", "-q", ".")' 'print("      no commits: record   -> %s" % drift(fresh, "record", "docs").stdout.strip())' 'short = g(fresh, "--no-pager", "status", "--short", "--untracked-files=all").stdout.splitlines()[:2]' 'print("      status --short       -> %r" % short)' 'p = drift(fresh, "check", "docs"); d = json.loads(p.stdout)' 'print("      no commits: check    -> %-8s exit %d suspect %s"' '      % (d["status"], p.returncode, d["suspect_pages"]))' 'restore()' 'print()' '' 'print("[11] HELD -- the four fields check() reads back, and only those")' 'print("      old.get(...) in drift.py: %s"' '      % re.findall(r'"'"'old\.get\("(\w+)"\)'"'"', open(os.path.join(ROOT, DRIFT), encoding="utf-8").read()))' 'r = repo(); env(r, "record", "docs")' 'print("      manifest keys record writes: %s"' '      % sorted(json.load(open(os.path.join(r, "docs", ".webster.json"), encoding="utf-8"))))' 'print("      `pages` is written and never read back -- its type is not validated.")' 'print()' '' 'print("[12] HELD -- record has always written the `anchors` key")' 'for rev in ("656567c", "d76da47", "8fc2264", "cfafe8e", "caa2e5c", "HEAD"):' '    src = sh(["git", "show", "%s:%s" % (rev, DRIFT)]).stdout' '    print("      %-9s anchors=%s lineHashes=%s"' '          % (rev, '"'"'"anchors": anchors'"'"' in src, '"'"'"lineHashes": line_hashes'"'"' in src))' 'print()' '' 'print("[13] HELD -- a run that compared none of the record'"'"'s digests still prints")' 'print("     `checked`: the record'"'"'s two anchors, one citation dropped and one file gone")' 'r = repo()' 'faq = os.path.join(r, "docs", "faq.md")' 'open(faq, "a", encoding="utf-8").write("\nThe command line parses first. <!-- %s -->\n" % MDX)' 'print("      record -> %s" % drift(r, "record", "docs").stdout.strip())' 'p = os.path.join(r, "docs", "items", "create-item.md")' 'open(p, "w", encoding="utf-8").write(' '    open(p, encoding="utf-8").read().replace(" <!-- src/app/main.py:15 -->", ""))' 'os.unlink(os.path.join(r, "src", "cli", "main.py"))' 'd = env(r, "check", "docs")' 'print("      check  -> status %s hashes %s broken %s unhashed %s mismatches %s"' '      % (d["status"], d["hashes"], [b["anchor"] for b in d["broken_anchors"]],' '         d["unhashed_anchors"], d["hash_mismatches"]))' 'print()' '' 'print("[14] HELD -- NO_HEAD_NOTE'"'"'s promise: the next check resolves the anchors,")' 'print("     compares the recorded digests, and reports no_git")' 'base = repo(); fresh2 = os.path.join(W, "fresh2")' 'shutil.copytree(base, fresh2, ignore=shutil.ignore_patterns(".git"))' 'g(fresh2, "-c", "init.defaultBranch=main", "init", "-q", ".")' 'rec = env(fresh2, "record", "docs")' 'print("      record gitHead %r, lineHashes %d" % (rec["gitHead"], rec["lineHashes"]))' 'g(fresh2, "add", "-A"); g(fresh2, "commit", "-q", "-m", "first")' 'p = drift(fresh2, "check", "docs"); d = json.loads(p.stdout)' 'print("      check status %s exit %d hashes %s" % (d["status"], p.returncode, d["hashes"]))' 'print()' '' 'print("[15] HELD -- the ANCHOR regex comments")' 'SRC_EXT = ("ts|tsx|js|jsx|mjs|cjs|py|go|rs|rb|java|kt|swift|c|h|cc|cpp|cs|php|sh|bash|zsh"' '           "|sql|css|scss|html|vue|svelte|astro|json|jsonc|yaml|yml|toml|ini|env|md|mdx|txt|lock")' 'cur = re.compile(r"(?<![\w./-])([\w./-]+\.(?:%s)):(\d+)\b" % SRC_EXT)' 'lead_b = re.compile(r"\b([\w./-]+\.(?:%s)):(\d+)\b" % SRC_EXT)' 'loose = re.compile(r"([\w./-]+\.\w+):(\d+)\b")' 'for s in ("127.0.0.1:3000", "`.air.server.toml:9`"):' '    print("      %-22s current=%s leading-\\b=%s no-ext-filter=%s"' '          % (s, cur.findall(s), lead_b.findall(s), loose.findall(s)))' 'print()' '' 'print(bar)' 'print("End of ledger. Every CORRECTED row above names the sentence this commit")' 'print("rewrote; every HELD row names one it measured and left alone.")' 'print(bar)' 'shutil.rmtree(W, ignore_errors=True)' > "$T/s.py"; uvx --with pytest python "$T/s.py"
# evidence-for: US-001, US-002, FR-001, FR-002, FR-003, FR-004, FR-005, FR-006, FR-007, FR-008, FR-009, FR-034, FR-037, AC-001, AC-002, AC-003, AC-004, AC-005, AC-006, AC-007, AC-008, AC-009, AC-010
# evidence-volatile: \d+\.\d+s
# evidence-volatile: \b\d+ms\b
# evidence-timeout: 600

==============================================================================
SWEEP LEDGER -- plugins/webster/scripts/drift.py
Every factual claim in the prose, measured against the code, a run, or git
history before it was left standing. CORRECTED rows carry the measurement
that failed the old sentence; HELD rows carry the measurement that kept it.
==============================================================================

[0] the population, fixed by git blame rather than by choosing
    caa2e5c4   171  fix(webster): the drift check that reported clean while 
    688aa4df   119  fix(webster): the suspect oracle was read off the two li
    3ab01dd1   106  fix(webster): the paths git named, the manifest fields i
    656567cd    91  feat(webster): add a documentation plugin that verifies 
    457658b1    84  fix(webster): the docs edits drift.py called unmeasured,
    c3efe37d    70  fix(webster): drift.py, the three answers it gave withou
    e20dae6d    49  fix(webster): the not-checked notes that claimed a compa
    20b15d13    46  fix(webster): the digest notes that counted a set wider 
    cf5a3911    45  fix(webster): the diff a developer's config renamed, and
    7003a3f8    27  fix(webster): the frontmatter key drift.py never read, a
    cfafe8ef    20  fix(webster): the checks that reported a pass without ch
    d76da476    16  fix(webster): keep the tooling out of the published page
    02f4e9ef    15  fix(webster): the fourth note branch three sentences lef
    61fb1dfd    13  fix(webster): the manifest with no head, and the path gi
    008c96d9    13  fix(webster): the branch notes quoted for words none of 
    8fc2264f     4  fix(webster): build the site, because no checker reads i
    d22f106b     3  fix(webster): the no_docs run described as holding a fin
    892 lines in all.

[1] CORRECTED -- collect_anchors said anchors are read "from a frontmatter
    `sources:` list". drift.py has no `sources:` handling; the frontmatter
    block is scanned whole.
    lines of drift.py mentioning `sources` at all: 1, none of them code
    the frontmatter branch matches ANCHOR over the whole block, keyed on nothing:
      for target, tline in ANCHOR.findall(text[3:end]):
    a file:line in VISIBLE PROSE -> anchors recorded: 1 (the fixture's own)
    a file:line in a `title:`, NOT under any sources: key -> anchors: 2 ['src/app/main.py:15', 'src/cli/main.py:1']
    => the sentence named a mechanism the parser does not have.

[2] CORRECTED -- resolves() said the line-0 state "was permanent and no edit
    to the citation could clear it". Measured at 19941ad, the revision the
    test names, driving the same fixture four ways:
      record            -> anchors 2, lineHashes 1
      check             -> hashes_partial, unhashed ['src/cli/main.py:0']
      note              -> no digest was recorded for 1 of 2 resolvable anchors, so the lines listed under unhashed_anchors were never compared against what they said at record
      re-record, check  -> hashes_partial   (the one thing the note asked for)
      citation :0 -> :1 -> clean   (cleared)
      citation dropped  -> clean   (cleared)
    => re-recording could not clear it; an edit to the citation could.

[3] CORRECTED -- the module docstring listed no_anchors among the statuses a
    broken anchor is "found under". A no_anchors run fires on a set with no
    anchor in it, and broken_anchors is walked out of that same set:
      head_missing   broken_anchors ['src/app/main.py:15']
      no_git         broken_anchors ['src/app/main.py:15']
      no_manifest    broken_anchors ['src/app/main.py:15']
      no_anchors     broken_anchors []  <- can never hold one
    => three of the five can be holding one, not four.

[4] CORRECTED -- "an anchors map hand-edited out of the manifest reaches this
    same count" reads as the whole key removed, which reaches a different
    count. Both readings measured, one entry vs the whole key:
      whole `anchors` key removed  -> hashes_partial unhashed ['src/cli/main.py:1'] docs_edited False
      one anchors ENTRY removed    -> clean          unhashed [] docs_edited False
    => only the entry reading reaches the `added` count; the sentence now says so.

[5] HELD -- git(): the .strip() that mangled exactly the first record
      first two records   [' M src/app/main.py', '?? docs/.webster.json']
      after .strip()      'M src/app/main.py'
      after the [3:] slice 'rc/app/main.py'

[6] HELD -- porcelain -z: rename fields new-then-old, and no quoting
      -z rename record   ['R  src/app/server.py', 'src/app/main.py', '']
      v1  non-ASCII path '?? "src/app/caf\\303\\251.py"'
      -z  non-ASCII path '?? src/app/café.py'

[7] HELD -- --porcelain is immune to status.relativePaths and color.status;
    --short is not. Run from src/app with the cited file dirty:
      porcelain (no config)                        ' M src/app/main.py\x00'
      porcelain -c status.relativePaths=true       ' M src/app/main.py\x00'
      porcelain -c color.status=always             ' M src/app/main.py\x00'
      --short   status.relativePaths=true          ' M main.py\n'

[8] HELD -- commit_exists: reset --hard alone leaves the commit findable;
    only expiring the reflog and pruning removes it, and the diff then exits 128
      after reset --hard        rev-parse --verify --quiet exit 0
      after reflog expire + gc  rev-parse --verify --quiet exit 1
      diff --name-only OLD..HEAD exit 128

[9] HELD -- repo_prefix: 457658b printed clean under a HOME carrying
    diff.relative and drift under one without; HEAD pins --no-relative
      457658b  HOME with diff.relative -> clean              exit 0
      457658b  HOME without        -> drift              exit 1
      HEAD     HOME with diff.relative -> drift              exit 1
      HEAD     HOME without        -> drift              exit 1

[10] HELD -- GitUnavailable: the three failures replayed at cfafe8e
      no git at all        -> clean    exit 0
      recorded HEAD gone   -> clean    exit 0
      no commits: record   -> {"status": "recorded", "gitHead": "", "pages": 13, "anchors": 1}
      status --short       -> ['?? README.md', '?? docs/.webster.json']
      no commits: check    -> drift    exit 1 suspect {'docs/items/create-item.md': ['src/app/main.py:15']}

[11] HELD -- the four fields check() reads back, and only those
      old.get(...) in drift.py: ['gitHead', 'lineHashes', 'anchors', 'docsHash']
      manifest keys record writes: ['anchors', 'docsHash', 'gitHead', 'lineHashes', 'pages']
      `pages` is written and never read back -- its type is not validated.

[12] HELD -- record has always written the `anchors` key
      656567c   anchors=True lineHashes=False
      d76da47   anchors=True lineHashes=False
      8fc2264   anchors=True lineHashes=False
      cfafe8e   anchors=True lineHashes=False
      caa2e5c   anchors=True lineHashes=True
      HEAD      anchors=True lineHashes=True

[13] HELD -- a run that compared none of the record's digests still prints
     `checked`: the record's two anchors, one citation dropped and one file gone
      record -> {"status": "recorded", "gitHead": "d30d7d33a0bd3b878985789bdfd132034cb5b4b9", "pages": 13, "anchors": 2, "lineHashes": 2, "note": ""}
      check  -> status drift hashes checked broken ['src/cli/main.py:1'] unhashed [] mismatches []

[14] HELD -- NO_HEAD_NOTE's promise: the next check resolves the anchors,
     compares the recorded digests, and reports no_git
      record gitHead None, lineHashes 1
      check status no_git exit 2 hashes checked

[15] HELD -- the ANCHOR regex comments
      127.0.0.1:3000         current=[] leading-\b=[] no-ext-filter=[('127.0.0.1', '3000')]
      `.air.server.toml:9`   current=[('.air.server.toml', '9')] leading-\b=[('air.server.toml', '9')] no-ext-filter=[('.air.server.toml', '9')]

==============================================================================
End of ledger. Every CORRECTED row above names the sentence this commit
rewrote; every HELD row names one it measured and left alone.
==============================================================================
