# evidence-cmd: d=$(mktemp -d); for r in cfafe8e a802345 4ae7334 f31b144; do cp -R plugins/webster "$d/$r"; rm -rf "$d/$r/.pytest_cache"; find "$d/$r" -name __pycache__ -type d -prune -exec rm -rf {} + 2>/dev/null || true; git show "$r:plugins/webster/scripts/survey.py" > "$d/$r/scripts/survey.py"; git show "$r:plugins/webster/scripts/llmstxt.py" > "$d/$r/scripts/llmstxt.py"; echo "== this suite run against the survey.py and llmstxt.py at $r"; (cd "$d/$r" && uvx pytest tests/test_survey.py tests/test_llmstxt.py -p no:cacheprovider -q --no-header -rA 2>/dev/null) | grep -E '^(PASSED|FAILED) ' | sed 's/ - .*//' | sort; done; rm -rf "$d"
# evidence-for: FR-039, AC-039, US-010
# evidence-timeout: 300

== this suite run against the survey.py and llmstxt.py at cfafe8e
FAILED tests/test_llmstxt.py::test_a_stub_readme_is_not_the_header_summary
FAILED tests/test_llmstxt.py::test_first_prose_line_is_taken_without_an_h1
FAILED tests/test_llmstxt.py::test_header_falls_back_to_the_poetry_table
FAILED tests/test_llmstxt.py::test_header_falls_back_to_the_pyproject_project_table
FAILED tests/test_llmstxt.py::test_html_comment_in_a_frontmatter_description_is_stripped
FAILED tests/test_llmstxt.py::test_html_comment_never_reaches_a_summary
FAILED tests/test_llmstxt.py::test_html_comment_never_reaches_the_header
FAILED tests/test_llmstxt.py::test_multi_line_header_description_folds_to_one_line
FAILED tests/test_llmstxt.py::test_stub_pages_are_absent_from_llms_txt
FAILED tests/test_llmstxt.py::test_tomllib_imported_at_module_level_with_the_floor_comment
FAILED tests/test_survey.py::test_black_split_decorator_is_anchored_to_the_at_line
FAILED tests/test_survey.py::test_env_regex_allows_whitespace_after_the_bracket
FAILED tests/test_survey.py::test_flask_route_reports_its_declared_methods
FAILED tests/test_survey.py::test_flask_route_without_methods_reports_get
FAILED tests/test_survey.py::test_httpexception_detail_and_positional_are_messages
FAILED tests/test_survey.py::test_message_floors_are_measured_in_whole_strings
FAILED tests/test_survey.py::test_mock_patch_decorator_is_not_an_http_endpoint
FAILED tests/test_survey.py::test_os_getenv_read_lands_in_config_undeclared
FAILED tests/test_survey.py::test_poetry_legacy_tables_are_the_fallback
FAILED tests/test_survey.py::test_pyproject_name_description_and_scripts
FAILED tests/test_survey.py::test_tomllib_imported_at_module_level_with_the_floor_comment
PASSED tests/test_llmstxt.py::test_a_stub_marker_in_a_description_falls_through_to_the_next_source
PASSED tests/test_llmstxt.py::test_frontmatter_description_still_wins
PASSED tests/test_llmstxt.py::test_package_json_still_wins_for_the_header
PASSED tests/test_llmstxt.py::test_unparseable_pyproject_does_not_break_the_header
PASSED tests/test_llmstxt.py::test_unterminated_html_comment_publishes_nothing_after_it
PASSED tests/test_survey.py::test_env_regex_still_matches_the_go_getenv
PASSED tests/test_survey.py::test_httpexception_dict_detail_contributes_no_message
PASSED tests/test_survey.py::test_package_json_still_wins_over_pyproject
PASSED tests/test_survey.py::test_unparseable_pyproject_leaves_the_survey_running
== this suite run against the survey.py and llmstxt.py at a802345
FAILED tests/test_llmstxt.py::test_a_stub_marker_in_a_description_falls_through_to_the_next_source
FAILED tests/test_llmstxt.py::test_a_stub_readme_is_not_the_header_summary
FAILED tests/test_llmstxt.py::test_html_comment_in_a_frontmatter_description_is_stripped
FAILED tests/test_llmstxt.py::test_html_comment_never_reaches_the_header
FAILED tests/test_llmstxt.py::test_multi_line_header_description_folds_to_one_line
FAILED tests/test_llmstxt.py::test_unterminated_html_comment_publishes_nothing_after_it
FAILED tests/test_survey.py::test_mock_patch_decorator_is_not_an_http_endpoint
PASSED tests/test_llmstxt.py::test_first_prose_line_is_taken_without_an_h1
PASSED tests/test_llmstxt.py::test_frontmatter_description_still_wins
PASSED tests/test_llmstxt.py::test_header_falls_back_to_the_poetry_table
PASSED tests/test_llmstxt.py::test_header_falls_back_to_the_pyproject_project_table
PASSED tests/test_llmstxt.py::test_html_comment_never_reaches_a_summary
PASSED tests/test_llmstxt.py::test_package_json_still_wins_for_the_header
PASSED tests/test_llmstxt.py::test_stub_pages_are_absent_from_llms_txt
PASSED tests/test_llmstxt.py::test_tomllib_imported_at_module_level_with_the_floor_comment
PASSED tests/test_llmstxt.py::test_unparseable_pyproject_does_not_break_the_header
PASSED tests/test_survey.py::test_black_split_decorator_is_anchored_to_the_at_line
PASSED tests/test_survey.py::test_env_regex_allows_whitespace_after_the_bracket
PASSED tests/test_survey.py::test_env_regex_still_matches_the_go_getenv
PASSED tests/test_survey.py::test_flask_route_reports_its_declared_methods
PASSED tests/test_survey.py::test_flask_route_without_methods_reports_get
PASSED tests/test_survey.py::test_httpexception_detail_and_positional_are_messages
PASSED tests/test_survey.py::test_httpexception_dict_detail_contributes_no_message
PASSED tests/test_survey.py::test_message_floors_are_measured_in_whole_strings
PASSED tests/test_survey.py::test_os_getenv_read_lands_in_config_undeclared
PASSED tests/test_survey.py::test_package_json_still_wins_over_pyproject
PASSED tests/test_survey.py::test_poetry_legacy_tables_are_the_fallback
PASSED tests/test_survey.py::test_pyproject_name_description_and_scripts
PASSED tests/test_survey.py::test_tomllib_imported_at_module_level_with_the_floor_comment
PASSED tests/test_survey.py::test_unparseable_pyproject_leaves_the_survey_running
== this suite run against the survey.py and llmstxt.py at 4ae7334
FAILED tests/test_llmstxt.py::test_a_stub_marker_in_a_description_falls_through_to_the_next_source
FAILED tests/test_llmstxt.py::test_a_stub_readme_is_not_the_header_summary
FAILED tests/test_llmstxt.py::test_html_comment_never_reaches_the_header
FAILED tests/test_llmstxt.py::test_multi_line_header_description_folds_to_one_line
PASSED tests/test_llmstxt.py::test_first_prose_line_is_taken_without_an_h1
PASSED tests/test_llmstxt.py::test_frontmatter_description_still_wins
PASSED tests/test_llmstxt.py::test_header_falls_back_to_the_poetry_table
PASSED tests/test_llmstxt.py::test_header_falls_back_to_the_pyproject_project_table
PASSED tests/test_llmstxt.py::test_html_comment_in_a_frontmatter_description_is_stripped
PASSED tests/test_llmstxt.py::test_html_comment_never_reaches_a_summary
PASSED tests/test_llmstxt.py::test_package_json_still_wins_for_the_header
PASSED tests/test_llmstxt.py::test_stub_pages_are_absent_from_llms_txt
PASSED tests/test_llmstxt.py::test_tomllib_imported_at_module_level_with_the_floor_comment
PASSED tests/test_llmstxt.py::test_unparseable_pyproject_does_not_break_the_header
PASSED tests/test_llmstxt.py::test_unterminated_html_comment_publishes_nothing_after_it
PASSED tests/test_survey.py::test_black_split_decorator_is_anchored_to_the_at_line
PASSED tests/test_survey.py::test_env_regex_allows_whitespace_after_the_bracket
PASSED tests/test_survey.py::test_env_regex_still_matches_the_go_getenv
PASSED tests/test_survey.py::test_flask_route_reports_its_declared_methods
PASSED tests/test_survey.py::test_flask_route_without_methods_reports_get
PASSED tests/test_survey.py::test_httpexception_detail_and_positional_are_messages
PASSED tests/test_survey.py::test_httpexception_dict_detail_contributes_no_message
PASSED tests/test_survey.py::test_message_floors_are_measured_in_whole_strings
PASSED tests/test_survey.py::test_mock_patch_decorator_is_not_an_http_endpoint
PASSED tests/test_survey.py::test_os_getenv_read_lands_in_config_undeclared
PASSED tests/test_survey.py::test_package_json_still_wins_over_pyproject
PASSED tests/test_survey.py::test_poetry_legacy_tables_are_the_fallback
PASSED tests/test_survey.py::test_pyproject_name_description_and_scripts
PASSED tests/test_survey.py::test_tomllib_imported_at_module_level_with_the_floor_comment
PASSED tests/test_survey.py::test_unparseable_pyproject_leaves_the_survey_running
== this suite run against the survey.py and llmstxt.py at f31b144
FAILED tests/test_llmstxt.py::test_a_stub_marker_in_a_description_falls_through_to_the_next_source
FAILED tests/test_llmstxt.py::test_a_stub_readme_is_not_the_header_summary
PASSED tests/test_llmstxt.py::test_first_prose_line_is_taken_without_an_h1
PASSED tests/test_llmstxt.py::test_frontmatter_description_still_wins
PASSED tests/test_llmstxt.py::test_header_falls_back_to_the_poetry_table
PASSED tests/test_llmstxt.py::test_header_falls_back_to_the_pyproject_project_table
PASSED tests/test_llmstxt.py::test_html_comment_in_a_frontmatter_description_is_stripped
PASSED tests/test_llmstxt.py::test_html_comment_never_reaches_a_summary
PASSED tests/test_llmstxt.py::test_html_comment_never_reaches_the_header
PASSED tests/test_llmstxt.py::test_multi_line_header_description_folds_to_one_line
PASSED tests/test_llmstxt.py::test_package_json_still_wins_for_the_header
PASSED tests/test_llmstxt.py::test_stub_pages_are_absent_from_llms_txt
PASSED tests/test_llmstxt.py::test_tomllib_imported_at_module_level_with_the_floor_comment
PASSED tests/test_llmstxt.py::test_unparseable_pyproject_does_not_break_the_header
PASSED tests/test_llmstxt.py::test_unterminated_html_comment_publishes_nothing_after_it
PASSED tests/test_survey.py::test_black_split_decorator_is_anchored_to_the_at_line
PASSED tests/test_survey.py::test_env_regex_allows_whitespace_after_the_bracket
PASSED tests/test_survey.py::test_env_regex_still_matches_the_go_getenv
PASSED tests/test_survey.py::test_flask_route_reports_its_declared_methods
PASSED tests/test_survey.py::test_flask_route_without_methods_reports_get
PASSED tests/test_survey.py::test_httpexception_detail_and_positional_are_messages
PASSED tests/test_survey.py::test_httpexception_dict_detail_contributes_no_message
PASSED tests/test_survey.py::test_message_floors_are_measured_in_whole_strings
PASSED tests/test_survey.py::test_mock_patch_decorator_is_not_an_http_endpoint
PASSED tests/test_survey.py::test_os_getenv_read_lands_in_config_undeclared
PASSED tests/test_survey.py::test_package_json_still_wins_over_pyproject
PASSED tests/test_survey.py::test_poetry_legacy_tables_are_the_fallback
PASSED tests/test_survey.py::test_pyproject_name_description_and_scripts
PASSED tests/test_survey.py::test_tomllib_imported_at_module_level_with_the_floor_comment
PASSED tests/test_survey.py::test_unparseable_pyproject_leaves_the_survey_running
