# evidence-cmd: bash -c 'r=$PWD; echo "== git log --oneline --reverse cfafe8e..HEAD -- plugins/webster/scripts/slop.py =="; git log --oneline --format="%h" --reverse cfafe8e..HEAD -- plugins/webster/scripts/slop.py; echo; echo "== the list the module docstring names =="; sed -n "/^The revisions measured are/,/^$/p" plugins/webster/tests/test_slop.py | tr "\n" " " | grep -o "in order: [^—]*" ; echo; echo "== red-first matrix, one run per revision =="; d=$(mktemp -d); for REV in cfafe8e af10189 ba33497 ecc7dd5 ad38ed9 f33f7c2 f3e30a5 368b269; do mkdir -p "$d/$REV"; cp -R "$r/plugins/webster" "$d/$REV/webster"; git show "$REV:plugins/webster/scripts/slop.py" > "$d/$REV/webster/scripts/slop.py"; printf "%-9s %s\n" "$REV" "$(cd "$d/$REV/webster" && uvx pytest tests/test_slop.py -q 2>&1 | grep -E "passed|failed" | tail -1)"; done; rm -rf "$d"'
# evidence-for: US-010, FR-039, AC-039
# evidence-volatile: \d+\.\d+s
# evidence-timeout: 600

== git log --oneline --reverse cfafe8e..HEAD -- plugins/webster/scripts/slop.py ==
af10189
ba33497
ecc7dd5
ad38ed9
f33f7c2
f3e30a5
368b269

== the list the module docstring names ==
in order: cfafe8e, af10189, ba33497, ecc7dd5, ad38ed9, f33f7c2, f3e30a5, 368b269 

== red-first matrix, one run per revision ==
cfafe8e   6 failed, 4 passed in 0.21s
af10189   1 failed, 9 passed in 0.20s
ba33497   10 passed in 0.19s
ecc7dd5   10 passed in 0.19s
ad38ed9   10 passed in 0.19s
f33f7c2   10 passed in 0.20s
f3e30a5   10 passed in 0.19s
368b269   10 passed in 0.18s
