# evidence-cmd: for rev in cfafe8e a802345 4ae7334 1ea2cab 19941ad d7eb572 944c958 737d31a 66dab76 3aa48f7; do w=$(mktemp -d); cp -R plugins/webster "$w/webster"; git show "$rev:plugins/webster/scripts/survey.py" > "$w/webster/scripts/survey.py"; r=$(cd "$w/webster" && uvx pytest tests/test_survey.py -q -p no:cacheprovider 2>&1 | sed -n 's|^FAILED tests/test_survey.py::||p' | sed 's/ .*//' | sort | tr '\n' ' '); echo "$rev RED: ${r:-none}"; rm -rf "$w"; done
# evidence-for: FR-039, AC-039
# evidence-timeout: 600
# D-078. The red-first table in tests/test_survey.py, re-measured by its own recipe: put
# each revision's survey.py under the current test module and record what fails. Revisions
# are in commit order, oldest first.
#
# test_a_commander_option_string_still_declares_its_spellings was filed as a guard -- passed
# at every revision measured. It is red at cfafe8e a802345 4ae7334 1ea2cab 19941ad and green
# from d7eb572, the commit that added the flag scan it reads. The label had been taken from
# the fix it was written beside rather than from a run. The row now names 19941ad, the
# nearest revision it is red at, and the note beside it carries the rest.
#
# test_a_route_whose_methods_the_join_never_read_is_not_a_get is this cycle's addition and is
# red at every revision above, 3aa48f7 included. The four rows still filed as guards --
# test_env_regex_still_matches_the_go_getenv, test_package_json_still_wins_over_pyproject,
# test_unparseable_pyproject_leaves_the_survey_running and
# test_httpexception_dict_detail_contributes_no_message -- appear on no line below, which is
# the measurement that label was missing.

cfafe8e RED: test_a_black_split_declaration_still_declares_its_flag test_a_commander_option_string_still_declares_its_spellings test_a_flag_named_in_another_flags_help_is_not_a_command test_a_flag_named_only_in_prose_is_not_a_command test_a_positional_description_is_not_a_flag_spec test_a_route_whose_methods_the_join_never_read_is_not_a_get test_black_split_decorator_is_anchored_to_the_at_line test_detail_after_a_collection_argument_is_still_a_message test_env_regex_allows_whitespace_after_the_bracket test_flask_route_reports_its_declared_methods test_flask_route_without_methods_reports_get test_httpexception_detail_and_positional_are_messages test_httpexception_publishes_only_its_own_arguments test_message_floors_are_measured_in_whole_strings test_mock_patch_decorator_is_not_an_http_endpoint test_option_flags_reach_the_user_surface_commands test_os_getenv_read_lands_in_config_undeclared test_poetry_legacy_tables_are_the_fallback test_pyproject_name_description_and_scripts test_tomllib_imported_at_module_level_with_the_floor_comment 
a802345 RED: test_a_black_split_declaration_still_declares_its_flag test_a_commander_option_string_still_declares_its_spellings test_a_flag_named_in_another_flags_help_is_not_a_command test_a_flag_named_only_in_prose_is_not_a_command test_a_positional_description_is_not_a_flag_spec test_a_route_whose_methods_the_join_never_read_is_not_a_get test_detail_after_a_collection_argument_is_still_a_message test_httpexception_publishes_only_its_own_arguments test_mock_patch_decorator_is_not_an_http_endpoint test_option_flags_reach_the_user_surface_commands 
4ae7334 RED: test_a_black_split_declaration_still_declares_its_flag test_a_commander_option_string_still_declares_its_spellings test_a_flag_named_in_another_flags_help_is_not_a_command test_a_flag_named_only_in_prose_is_not_a_command test_a_positional_description_is_not_a_flag_spec test_a_route_whose_methods_the_join_never_read_is_not_a_get test_detail_after_a_collection_argument_is_still_a_message test_httpexception_publishes_only_its_own_arguments test_option_flags_reach_the_user_surface_commands 
1ea2cab RED: test_a_black_split_declaration_still_declares_its_flag test_a_commander_option_string_still_declares_its_spellings test_a_flag_named_in_another_flags_help_is_not_a_command test_a_flag_named_only_in_prose_is_not_a_command test_a_positional_description_is_not_a_flag_spec test_a_route_whose_methods_the_join_never_read_is_not_a_get test_detail_after_a_collection_argument_is_still_a_message test_httpexception_publishes_only_its_own_arguments test_option_flags_reach_the_user_surface_commands 
19941ad RED: test_a_black_split_declaration_still_declares_its_flag test_a_commander_option_string_still_declares_its_spellings test_a_flag_named_in_another_flags_help_is_not_a_command test_a_flag_named_only_in_prose_is_not_a_command test_a_positional_description_is_not_a_flag_spec test_a_route_whose_methods_the_join_never_read_is_not_a_get test_detail_after_a_collection_argument_is_still_a_message test_httpexception_publishes_only_its_own_arguments test_option_flags_reach_the_user_surface_commands 
d7eb572 RED: test_a_black_split_declaration_still_declares_its_flag test_a_flag_named_in_another_flags_help_is_not_a_command test_a_positional_description_is_not_a_flag_spec test_a_route_whose_methods_the_join_never_read_is_not_a_get test_detail_after_a_collection_argument_is_still_a_message 
944c958 RED: test_a_black_split_declaration_still_declares_its_flag test_a_flag_named_in_another_flags_help_is_not_a_command test_a_positional_description_is_not_a_flag_spec test_a_route_whose_methods_the_join_never_read_is_not_a_get test_detail_after_a_collection_argument_is_still_a_message 
737d31a RED: test_a_black_split_declaration_still_declares_its_flag test_a_positional_description_is_not_a_flag_spec test_a_route_whose_methods_the_join_never_read_is_not_a_get 
66dab76 RED: test_a_black_split_declaration_still_declares_its_flag test_a_positional_description_is_not_a_flag_spec test_a_route_whose_methods_the_join_never_read_is_not_a_get 
3aa48f7 RED: test_a_route_whose_methods_the_join_never_read_is_not_a_get 
