# evidence-cmd: cd plugins/webster && echo '--- the sentence, in survey.py and in the test that measures it ---'; grep -n 'lines early' scripts/survey.py tests/test_survey.py; echo '--- the fixture read out of the test, not retyped ---'; python3 -c 'import ast,itertools,re; t=open("tests/test_survey.py",encoding="utf-8").read(); f=[n for n in ast.parse(t).body if isinstance(n,ast.FunctionDef) and n.name=="test_a_paren_in_a_comment_or_a_string_does_not_end_the_join"][0]; call=[n for n in ast.walk(f) if isinstance(n,ast.Call) and getattr(n.func,"id","")=="python_project"][0]; lines=ast.literal_eval(call.args[2]).splitlines(); at=[i for i,l in enumerate(lines) if l.strip().startswith("@app.route(")][0]; s=open("scripts/survey.py",encoding="utf-8").read(); fn=[n for n in ast.parse(s).body if isinstance(n,ast.FunctionDef) and n.name=="call_depth_delta"][0]; ns={}; exec(compile(ast.Module(body=[fn],type_ignores=[]),"survey.py","exec"),ns); cdd=ns["call_depth_delta"]; blk=lines[at:at+6]; print("\n".join("  line %d  %s"%(at+1+k,l) for k,l in enumerate(blk))); raws=list(itertools.accumulate([l.count("(")-l.count(")") for l in blk])); deps=list(itertools.accumulate([cdd(l) for l in blk])); rs=at+1+next(k for k,v in enumerate(raws) if v<=0); ds=at+1+next(k for k,v in enumerate(deps) if v<=0); print(""); print("raw paren count balances after line %d"%rs); print("call_depth_delta balances after line %d, which is where the call closes"%ds); print("the raw count stops the join %d lines early"%(ds-rs))'
# evidence-for: FR-019
#
# D-137. call_depth_delta's docstring said the worked example "balanced its call
# one line early". The fixture the worked example is taken from is the one
# test_a_paren_in_a_comment_or_a_string_does_not_end_the_join builds, and the
# count is measured against that fixture here rather than restated: the raw
# paren count balances after line 8, the call closes on line 10, so the join
# stopped two lines short of it and `methods=["POST"]` on line 9 was never read.
# The test docstring already said two; the script said one. The script now says
# what the fixture does, and both sentences are printed above from the two files
# so a reader can see them agree.
#
--- the sentence, in survey.py and in the test that measures it ---
scripts/survey.py:245:    call two lines early: the join stopped before `methods=["POST"]`, the text handed to the
tests/test_survey.py:617:    call two lines early. The join stopped before ``methods=["POST"]``, so what
--- the fixture read out of the test, not retyped ---
  line 6  @app.route(
  line 7      "/exports",
  line 8      strict_slashes=False,  # 2) legacy behaviour, see PROJ-14
  line 9      methods=["POST"],
  line 10  )
  line 11  def exports():

raw paren count balances after line 8
call_depth_delta balances after line 10, which is where the call closes
the raw count stops the join 2 lines early
