# evidence-cmd: echo "--- the comments in load_survey_allow after D-014 ---"; sed -n "/^def load_survey_allow/,/^SURVEY_PATH/p" plugins/webster/scripts/doctype.py; echo; echo "--- file:line citations left in either file ---"; grep -c "survey\.py:[0-9]" plugins/webster/scripts/doctype.py plugins/webster/tests/test_doctype.py; echo; echo "--- every anchor those comments now name, resolved in survey.py ---"; grep -n "user_surface\[.labels.\]\.append\|user_surface\[.commands.\]\.append\|^def add_screen\|add_screen(m\.group\|add_screen(.component" plugins/webster/scripts/survey.py
# evidence-for: FR-013, CT-003, AC-016

--- the comments in load_survey_allow after D-014 ---
def load_survey_allow(path):
    """The product's own words, from a saved survey.py JSON. Returns (terms, loaded).

    survey.py already enumerates what a person sees — the screens, the labels printed on them,
    the commands they type — and none of it reached this lens, so a real product label like
    `DataSources` was reported as an internal symbol on every page that used it. The transport
    is a path in WEBSTER_SURVEY rather than an import or a subprocess, so the two scripts stay
    independent and the caller decides how fresh the survey is.

    Absent, missing or malformed is not an error: the survey is an optional courtesy and a check
    that refused to run without one would be worse than a check with a smaller allowlist. It
    also cannot print or raise, because scaffold.py imports this module for SKELETON and would
    get the noise on its own JSON stdout."""
    if not path:
        return set(), False
    terms = set()

    def add(term):
        """One term, plus the form a page would backtick it as."""
        if not isinstance(term, str) or not term.strip():
            return
        term = term.strip().lower()
        terms.add(term)
        # The screen survey.py calls "Data Sources" is the DataSourcesPage component, and a
        # page writes it as `DataSources`. survey.py's component-per-screen leg splits the
        # CamelCase base name on its capitals before recording it, so every name it emits is
        # spaced and the spaced form on its own could never equal a backticked token: the whole
        # screens leg allowed nothing.
        terms.add("".join(term.split()))

    try:
        with open(path, encoding="utf-8") as fh:
            user_surface = json.load(fh).get("user_surface") or {}
        # The shape survey.py writes: user_surface.labels[] carry `text`, user_surface
        # .commands[] carry `name`. Field paths rather than survey.py line numbers, because
        # nothing re-reads survey.py to notice when a cited line has moved — the four line
        # numbers that used to be in this function all pointed at the wrong statement, in a
        # plugin whose whole subject is anchors that no longer resolve. A field path and a
        # function name below are greppable, and stay true across an edit that moves them.
        for key, field in (("labels", "text"), ("commands", "name")):
            for item in user_surface.get(key) or []:
                add(item.get(field) if isinstance(item, dict) else item)
        # user_surface.screens[] always carry `path` and carry `name` only sometimes:
        # survey.py's add_screen() takes the name as an optional argument, and both the router
        # leg and the App-Router leg call it without one, so reading `name` alone transported
        # nothing for them. The last segment of the path without its extension is the word a
        # page writes. The path itself is deliberately not added — a screen at /dashboard must
        # not excuse the `/dashboard` route finding the lens exists to make.
        for item in user_surface.get("screens") or []:
            if not isinstance(item, dict):
                add(item)
                continue
            name = item.get("name")
            if isinstance(name, str) and name.strip():
                add(name)
            elif isinstance(item.get("path"), str):
                add(os.path.splitext(os.path.basename(item["path"]))[0])
        return terms, True
    except Exception:
        return set(), False


SURVEY_PATH = os.environ.get("WEBSTER_SURVEY", "")

--- file:line citations left in either file ---
plugins/webster/scripts/doctype.py:0
plugins/webster/tests/test_doctype.py:0

--- every anchor those comments now name, resolved in survey.py ---
335:                user_surface["labels"].append({"text": v, "anchor": f"{r}:{i}"})
375:            user_surface["commands"].append({"name": v, "anchor": f"{r}:{i}"})
384:def add_screen(path, anchor, name=None):
402:            add_screen(m.group(1), f"{r}:{i}")
404:            add_screen(m.group(1), f"{r}:{i}")
420:    add_screen("component:" + base, f"{r}:1", name=label)
