# evidence-cmd: sed -n "/^# An acronym a reader has not met/,/^}/p" plugins/webster/scripts/doctype.py; echo; echo "--- the same claim, run rather than read ---"; d=$(mktemp -d); mkdir -p "$d/docs"; printf "%s\n" "---" "title: Guide" "doc_type: how-to" "audience: user" "---" "" "# Guide" "" "A WARNING appears when the API cannot reach the CLI you set up." "Then ZQX arrives in the mail and you sign for it at the door." > "$d/docs/guide.md"; WEBSTER_SHOW_PER_RULE=50 python3 plugins/webster/scripts/doctype.py check "$d/docs"; echo "exit=$?"; rm -rf "$d"
# evidence-for: FR-016, FR-041, FR-033, AC-018

# An acronym a reader has not met is the most common way a page assumes knowledge of the product.
ACRONYM = re.compile(r"\b([A-Z][A-Z0-9]{1,5})s?\b")
# Acronyms nobody expands, because expanding them would read as condescension. Every entry has
# to be reachable by the regex above — 2 to 6 characters — or it is dead weight: the regex never
# produces the token, so the entry excuses nothing and the word is never reported either. Four
# entries were unreachable in exactly that way. They are listed as removed at the end of the set
# so that the next reader does not put them back.
UNIVERSAL_ACRONYMS = {
 "US", "UK", "EU", "ID", "OK", "FAQ", "AM", "PM", "USB", "PDF", "CSV", "URL", "HTTP", "HTTPS",
 "HTML", "CSS", "JSON", "YAML", "XML", "ZIP", "GPS", "SMS", "PC", "TV", "IT", "AI", "OS", "RAM",
 "CPU", "GPU", "GB", "MB", "KB", "TB", "UTC", "ISO", "PIN", "QR", "SIM", "WIFI", "MD",
 "GET", "POST", "PUT", "PATCH", "DELETE", "HEAD",
 "README", "TODO", "NOTE", "TIP", "YES", "NO", "AND", "OR", "NOT", "ALL",
 "NEW", "END", "MAX", "MIN",
 # A page for someone who uses the product still says API and CLI, and expanding either one
 # reads as condescension rather than help. They were the two the brief named.
 "API", "CLI",
 # The rest of the same class: an interface, a connection or an address a reader meets by these
 # letters and never by the words behind them.
 "UI", "UX", "SDK", "SSH", "SSL", "TLS", "VPN", "DNS", "IP",
 # Removed: "FAQ" and "OK" were each listed twice, so one copy of each is gone.
 # Removed: "N", "A", "I" — ACRONYM needs two characters, so none of them could ever match and
 # the three entries excused nothing.
 # Removed: "WARNING" — seven characters against ACRONYM's six-character ceiling, so it could
 # never match either. The entry read as a promise to excuse a word the check cannot raise.
 # A-034 keeps the ceiling and drops the entry rather than widening the regex to reach it.
}

--- the same claim, run rather than read ---
1 pages checked, 1 against a declared type, 0 stubs (frontmatter only)
no survey allowlist

DEFECTS (1)

  undefined-jargon  (1)
      write it out the first time, '... (ZQX)', or add it to the glossary
    guide.md:10  'ZQX' is used without ever being expanded
exit=1
