# evidence-cmd: sh -c 'cd "$(git rev-parse --show-toplevel)"/plugins/webster; echo "--- one module named: what that invocation collects ---"; uvx pytest tests/test_readme.py --collect-only -q -p no:cacheprovider; echo "--- the whole suite, for the subset relation ---"; uvx pytest --collect-only -q -p no:cacheprovider | tail -1'
# evidence-for: AC-039, FR-039, FR-038
# evidence-volatile: \d+\.\d+s
# evidence-timeout: 180
#
# D-157. test_readme.py's docstring said `uvx pytest tests/test_readme.py` "would collect
# one item". It collects this module's own tests -- six at this revision -- a strict subset
# of what the whole suite collects, which is the property the docstring now states. The
# number is deliberately not written back into the docstring: a count in prose nothing
# re-runs is the stale sentence that module exists to stop.

--- one module named: what that invocation collects ---
tests/test_readme.py::test_status_passing_count_matches_the_collected_suite
tests/test_readme.py::test_status_section_names_the_run_command_and_the_version
tests/test_readme.py::test_readme_documents_webster_survey_and_the_python_floor
tests/test_readme.py::test_the_script_table_names_drift_pys_own_status_vocabulary
tests/test_readme.py::test_the_script_table_publishes_each_scripts_own_exit_set
tests/test_readme.py::test_the_script_table_puts_each_status_under_its_scripts_exit_code

6 tests collected in 0.00s
--- the whole suite, for the subset relation ---
148 tests collected in 0.02s
