# evidence-cmd: d=$(mktemp -d); mkdir -p "$d/src"; printf '[project]\nname = "floors"\n' > "$d/pyproject.toml"; printf 'from fastapi import HTTPException\n\n\ndef long_enough():\n    raise ValueError("Login failed.")\n\n\ndef one_short():\n    raise ValueError("Login failed")\n\n\ndef http_long_enough():\n    raise HTTPException(410, "Gone")\n\n\ndef http_one_short():\n    raise HTTPException(400, "Bad")\n' > "$d/src/api.py"; echo '--- src/api.py: four raises, two either side of each floor ---'; cat "$d/src/api.py"; echo '--- what survey.py reports in user_surface.messages ---'; python3 plugins/webster/scripts/survey.py "$d" | python3 -c "import json,sys; [print(repr(m['text']), '--', len(m['text']), 'characters') for m in json.load(sys.stdin)['user_surface']['messages']]"; echo '--- the two patterns, and the comment that now states both floors in one unit ---'; awk '/^# What the product says when something goes wrong/,/^seen_msgs/' plugins/webster/scripts/survey.py; rm -rf "$d"
# evidence-for: US-006, FR-022, FR-032, AC-026, OT-025

--- src/api.py: four raises, two either side of each floor ---
from fastapi import HTTPException


def long_enough():
    raise ValueError("Login failed.")


def one_short():
    raise ValueError("Login failed")


def http_long_enough():
    raise HTTPException(410, "Gone")


def http_one_short():
    raise HTTPException(400, "Bad")
--- what survey.py reports in user_surface.messages ---
'Login failed.' -- 13 characters
'Gone' -- 4 characters
--- the two patterns, and the comment that now states both floors in one unit ---
# What the product says when something goes wrong. A reader meets these before they meet any
# page of documentation, so troubleshooting is written against them rather than around them.
MESSAGE_LITERAL = re.compile(
    r"""(?:Error|error|throw|toast|notify|message)[^"'\n]{0,30}["']([A-Z][^"']{12,110})["']""")
# FastAPI says none of those words. It raises HTTPException, so every 404 and 409 text in a
# FastAPI app was missing from the surface the troubleshooting page is written against, and the
# page ended up paraphrasing errors the reader can read for themselves. The gap before the
# string admits neither a quote nor { nor [, which is what keeps a dict or list detail out: only
# a string literal is text somebody reads.
#
# The two branches have different floors and both are counted here the same way: the whole
# captured string, leading capital included. MESSAGE_LITERAL takes thirteen characters and up
# ([A-Z] plus {12,110}); this branch takes four and up ([A-Z] plus {3,110}). A-018 names the
# {3,110} quantifier itself, and four is what it comes to once the capital in front of it is
# counted -- enough for "Not found", which is nine and is the whole of a real 404. This comment
# used to read "four characters ... rather than the twelve above", giving one floor in
# characters and the other in quantifier digits, so the two numbers read as a comparison and
# were not one. tests/test_survey.py measures both rather than restating them.
HTTP_EXCEPTION_MESSAGE = re.compile(
    r"""HTTPException\([^"'\n{\[]{0,40}?(?:detail\s*=\s*)?["']([A-Z][^"']{3,110})["']""")

seen_msgs = set()
