# evidence-cmd: rm -rf /tmp/webster-c3-grind && mkdir -p /tmp/webster-c3-grind/no-pages /tmp/webster-c3-grind/allcaps /tmp/webster-c3-grind/screens && printf '%b' '---\ntitle: Guide\ndoc_type: how-to\naudience: user\n---\n\n# Guide\n\nWe speak `HTTP2`, hash with `SHA256` or `MD5`, run on `EC2` and store text as `UTF8`.\nThe form still calls `create_item` through an `APIClient`.\n' > /tmp/webster-c3-grind/allcaps/guide.md && printf '%b' '---\ntitle: Guide\ndoc_type: how-to\naudience: user\n---\n\n# Guide\n\nOpen `DataSources`, which the app builds from `DataSourcesPage`.\nIt lives at `/dashboard`.\n' > /tmp/webster-c3-grind/screens/guide.md && printf '%s' '{"user_surface":{"labels":[],"commands":[],"messages":[],"screens":[{"path":"component:DataSourcesPage","name":"Data Sources","anchor":"src/pages/DataSourcesPage.tsx:1"},{"path":"src/pages/DataSourcesPage.tsx","anchor":"src/App.tsx:12"},{"path":"/dashboard","anchor":"src/App.tsx:3"}]}}' > /tmp/webster-c3-grind/screens.json; echo "--- D-003 (CT-004, FR-040): a docs tree with no page in it is not checked ---"; python3 plugins/webster/scripts/doctype.py check /tmp/webster-c3-grind/no-pages; echo "exit status: $?"; echo "--- D-004 (FR-010, AC-011): ALL-CAPS with a digit is not a symbol; create_item and APIClient still are ---"; WEBSTER_SHOW_PER_RULE=50 python3 plugins/webster/scripts/doctype.py check /tmp/webster-c3-grind/allcaps; echo "exit status: $?"; echo "--- D-005 (FR-013, AC-016): a spaced screen name and a name-less screen path both reach the lens, and neither excuses the route it names (AC-012) ---"; WEBSTER_SHOW_PER_RULE=50 WEBSTER_SURVEY=/tmp/webster-c3-grind/screens.json python3 plugins/webster/scripts/doctype.py check /tmp/webster-c3-grind/screens; echo "exit status: $?"
# evidence-for: AC-011, AC-012, AC-016, FR-010, FR-013, FR-014, FR-040

--- D-003 (CT-004, FR-040): a docs tree with no page in it is not checked ---
0 pages checked, 0 against a declared type, 0 stubs (frontmatter only)
no survey allowlist
0 stubs, nothing to check
exit status: 2
--- D-004 (FR-010, AC-011): ALL-CAPS with a digit is not a symbol; create_item and APIClient still are ---
1 pages checked, 1 against a declared type, 0 stubs (frontmatter only)
no survey allowlist

DEFECTS (2)

  wrong-lens  (2)
      write it from the screen: what the reader sees, clicks, types and gets back
    guide.md:10  a 'user' page names an internal symbol name, `create_item`
    guide.md:10  a 'user' page names an internal symbol name, `APIClient`
exit status: 1
--- D-005 (FR-013, AC-016): a spaced screen name and a name-less screen path both reach the lens, and neither excuses the route it names (AC-012) ---
1 pages checked, 1 against a declared type, 0 stubs (frontmatter only)
lens allowlist: 4 terms from WEBSTER_SURVEY (/tmp/webster-c3-grind/screens.json)

DEFECTS (1)

  wrong-lens  (1)
      write it from the screen: what the reader sees, clicks, types and gets back
    guide.md:10  a 'user' page names a request route, /dashboard
exit status: 1
