# evidence-cmd: sh -c 'cd "$(git rev-parse --show-toplevel)" && S=plugins/webster/scripts/drift.py && echo "--- the exit-2 statuses that sit above drift in the precedence chain ---" && awk "/^    if nothing_to_measure:/{f=1} f{print} f&&/^        status = \"clean\"\$/{exit}" $S && echo && echo "--- the exit mapping those names resolve through ---" && grep -n "if status in (\|return 1 if status ==" $S && echo "--- and the two of the five that return before the chain is reached ---" && grep -n "\"status\": \"no_docs\"\|\"status\": \"no_manifest\"" $S && echo && echo "--- what conftest hands the script: GIT_CONFIG_GLOBAL is not in it ---" && grep -n "_BASE_ENV_KEYS = \|\"GIT_CONFIG_GLOBAL\": os.devnull" plugins/webster/tests/conftest.py && echo && echo "--- so a developers diff.relative reaches drift.py: 457658b, one committed edit, two HOMEs ---" && D=$(mktemp -d) && export GIT_CONFIG_GLOBAL=/dev/null GIT_CONFIG_NOSYSTEM=1 GIT_AUTHOR_NAME=t GIT_AUTHOR_EMAIL=t@t GIT_COMMITTER_NAME=t GIT_COMMITTER_EMAIL=t@t && mkdir -p "$D/rel" "$D/clean" "$D/mono" && printf "[diff]\n\trelative = true\n" > "$D/rel/.gitconfig" && git show 457658b:$S > "$D/drift.py" && cp -R plugins/webster/tests/fixtures/repo "$D/mono/site" && git -C "$D/mono" -c init.defaultBranch=main init -q . && git -C "$D/mono" add -A && git -C "$D/mono" commit -q -m base && cd "$D/mono/site" && env -i PATH="$PATH" HOME="$D/clean" python3 "$D/drift.py" record docs > /dev/null && printf "\n# committed edit, not the cited line\n" >> src/app/main.py && git add -- src/app/main.py && git commit -q -m edit && for h in clean rel; do printf "HOME %-5s -> " "$h"; env -i PATH="$PATH" HOME="$D/$h" python3 "$D/drift.py" check docs | grep -E "\"(status|code_files_changed)\"" | tr -d " " | tr "\n" " "; echo; done; rm -rf "$D"'
# evidence-for: FR-002, FR-037
# evidence-timeout: 120

--- the exit-2 statuses that sit above drift in the precedence chain ---
    if nothing_to_measure:
        status = "no_anchors"
    elif not_checked:
        status = not_checked
    elif broken or suspect or mismatched:
        status = "drift"
    elif unhashed:
        status = "hashes_partial"
    elif code_files_changed or docs_edited:
        status = "unrelated_changes"
    else:
        status = "clean"

--- the exit mapping those names resolve through ---
877:    if status in ("no_anchors", "no_git", "head_missing", "hashes_partial"):
879:    return 1 if status == "drift" else 0
--- and the two of the five that return before the chain is reached ---
527:        print(json.dumps({"status": "no_docs", "docs_dir": DOCS})); return 2
575:        print(json.dumps({"status": "no_manifest", "docs_dir": DOCS,

--- what conftest hands the script: GIT_CONFIG_GLOBAL is not in it ---
114:_BASE_ENV_KEYS = ("PATH", "HOME")
162:    "GIT_CONFIG_GLOBAL": os.devnull,

--- so a developers diff.relative reaches drift.py: 457658b, one committed edit, two HOMEs ---
HOME clean -> "status":"drift", "code_files_changed":1, 
HOME rel   -> "status":"clean", "code_files_changed":0, 
